
mspacek@Godel:~/SciPyCourse2021/notes/00_intro$ ls
 00_intro.md    Figure_2.png              LFP_example_power_dB.npy
 00_intro.pdf   LFP_analysis_example.py  'The Incredible Growth of Python _ Stack Overflow.pdf'
 Figure_1.png   LFP_example_data.npy
mspacek@Godel:~/SciPyCourse2021/notes/00_intro$ ipython
Python 3.6.9 (default, Jan 26 2021, 15:33:00)
Type 'copyright', 'credits' or 'license' for more information
IPython 7.10.0 -- An enhanced Interactive Python. Type '?' for help.

In [1]: run -i LFP_analysis_example.py

In [2]:
mspacek@Godel:~/SciPyCourse2021/notes/00_intro$
mspacek@Godel:~/SciPyCourse2021/notes/00_intro$
mspacek@Godel:~/SciPyCourse2021/notes/00_intro$
mspacek@Godel:~/SciPyCourse2021/notes/00_intro$
mspacek@Godel:~/SciPyCourse2021/notes/00_intro$
mspacek@Godel:~/SciPyCourse2021/notes/00_intro$
mspacek@Godel:~/SciPyCourse2021/notes/00_intro$ pwd
/home/mspacek/SciPyCourse2021/notes/00_intro
mspacek@Godel:~/SciPyCourse2021/notes/00_intro$ cd
mspacek@Godel:~$ cd -
/home/mspacek/SciPyCourse2021/notes/00_intro
mspacek@Godel:~/SciPyCourse2021/notes/00_intro$ cd ..
mspacek@Godel:~/SciPyCourse2021/notes$ pwd
/home/mspacek/SciPyCourse2021/notes
mspacek@Godel:~/SciPyCourse2021/notes$ ls
00_intro            03_collections  06_fileio_mpl    09_pandas      12_organizing  homework3  README.md
01_Python_basics    04_numpy        07_mpl_matrices  10_stats       homework1      homework4
02_Python_basics_2  05_numpy_dtype  08_images        11_clustering  homework2      old_notes
mspacek@Godel:~/SciPyCourse2021/notes$ ls -l
total 76
drwxrwxr-x 2 mspacek mspacek 4096 Apr 20 12:47 00_intro
drwxrwxr-x 2 mspacek mspacek 4096 Apr 19 20:59 01_Python_basics
drwxrwxr-x 2 mspacek mspacek 4096 Mar 12 09:37 02_Python_basics_2
drwxrwxr-x 2 mspacek mspacek 4096 Mar 12 09:37 03_collections
drwxrwxr-x 2 mspacek mspacek 4096 Mar 12 09:37 04_numpy
drwxrwxr-x 2 mspacek mspacek 4096 Mar 12 09:37 05_numpy_dtype
drwxrwxr-x 2 mspacek mspacek 4096 Apr 19 02:35 06_fileio_mpl
drwxrwxr-x 2 mspacek mspacek 4096 Mar 12 09:37 07_mpl_matrices
drwxrwxr-x 3 mspacek mspacek 4096 Mar 12 09:37 08_images
drwxrwxr-x 2 mspacek mspacek 4096 Mar 23 11:28 09_pandas
drwxrwxr-x 2 mspacek mspacek 4096 Mar 12 09:37 10_stats
drwxrwxr-x 3 mspacek mspacek 4096 Mar 12 09:37 11_clustering
drwxrwxr-x 2 mspacek mspacek 4096 Mar 12 09:37 12_organizing
drwxrwxr-x 3 mspacek mspacek 4096 Mar 12 09:37 homework1
drwxrwxr-x 3 mspacek mspacek 4096 Mar 12 09:37 homework2
drwxrwxr-x 3 mspacek mspacek 4096 Mar 12 09:37 homework3
drwxrwxr-x 4 mspacek mspacek 4096 Mar 12 09:37 homework4
drwxrwxr-x 4 mspacek mspacek 4096 Mar 12 09:37 old_notes
-rw-rw-r-- 1 mspacek mspacek   20 Mar 28  2017 README.md
mspacek@Godel:~/SciPyCourse2021/notes$ cd 01_Python_basics/
mspacek@Godel:~/SciPyCourse2021/notes/01_Python_basics$ ls
01_history.txt  01_Python_basics.md  01_Python_basics.pdf  basics.py  hello.py
mspacek@Godel:~/SciPyCourse2021/notes/01_Python_basics$ ls -l
total 168
-rw-rw-r-- 1 mspacek mspacek  31273 Apr 21  2020 01_history.txt
-rw-rw-r-- 1 mspacek mspacek   8823 Apr 19 20:59 01_Python_basics.md
-rw------- 1 mspacek mspacek 118306 Apr 19 21:17 01_Python_basics.pdf
-rw-rw-r-- 1 mspacek mspacek    118 Apr 28  2020 basics.py
-rw-rw-r-- 1 mspacek mspacek    110 Apr 21  2020 hello.py
mspacek@Godel:~/SciPyCourse2021/notes/01_Python_basics$ ls --help
Usage: ls [OPTION]... [FILE]...
List information about the FILEs (the current directory by default).
Sort entries alphabetically if none of -cftuvSUX nor --sort is specified.

Mandatory arguments to long options are mandatory for short options too.
  -a, --all                  do not ignore entries starting with .
  -A, --almost-all           do not list implied . and ..
      --author               with -l, print the author of each file
  -b, --escape               print C-style escapes for nongraphic characters
      --block-size=SIZE      scale sizes by SIZE before printing them; e.g.,
                               '--block-size=M' prints sizes in units of
                               1,048,576 bytes; see SIZE format below
  -B, --ignore-backups       do not list implied entries ending with ~
  -c                         with -lt: sort by, and show, ctime (time of last
                               modification of file status information);
                               with -l: show ctime and sort by name;
                               otherwise: sort by ctime, newest first
  -C                         list entries by columns
      --color[=WHEN]         colorize the output; WHEN can be 'always' (default
                               if omitted), 'auto', or 'never'; more info below
  -d, --directory            list directories themselves, not their contents
  -D, --dired                generate output designed for Emacs' dired mode
  -f                         do not sort, enable -aU, disable -ls --color
  -F, --classify             append indicator (one of */=>@|) to entries
      --file-type            likewise, except do not append '*'
      --format=WORD          across -x, commas -m, horizontal -x, long -l,
                               single-column -1, verbose -l, vertical -C
      --full-time            like -l --time-style=full-iso
  -g                         like -l, but do not list owner
      --group-directories-first
                             group directories before files;
                               can be augmented with a --sort option, but any
                               use of --sort=none (-U) disables grouping
  -G, --no-group             in a long listing, don't print group names
  -h, --human-readable       with -l and/or -s, print human readable sizes
                               (e.g., 1K 234M 2G)
      --si                   likewise, but use powers of 1000 not 1024
  -H, --dereference-command-line
                             follow symbolic links listed on the command line
      --dereference-command-line-symlink-to-dir
                             follow each command line symbolic link
                               that points to a directory
      --hide=PATTERN         do not list implied entries matching shell PATTERN
                               (overridden by -a or -A)
      --hyperlink[=WHEN]     hyperlink file names; WHEN can be 'always'
                               (default if omitted), 'auto', or 'never'
      --indicator-style=WORD  append indicator with style WORD to entry names:
                               none (default), slash (-p),
                               file-type (--file-type), classify (-F)
  -i, --inode                print the index number of each file
  -I, --ignore=PATTERN       do not list implied entries matching shell PATTERN
  -k, --kibibytes            default to 1024-byte blocks for disk usage
  -l                         use a long listing format
  -L, --dereference          when showing file information for a symbolic
                               link, show information for the file the link
                               references rather than for the link itself
  -m                         fill width with a comma separated list of entries
  -n, --numeric-uid-gid      like -l, but list numeric user and group IDs
  -N, --literal              print entry names without quoting
  -o                         like -l, but do not list group information
  -p, --indicator-style=slash
                             append / indicator to directories
  -q, --hide-control-chars   print ? instead of nongraphic characters
      --show-control-chars   show nongraphic characters as-is (the default,
                               unless program is 'ls' and output is a terminal)
  -Q, --quote-name           enclose entry names in double quotes
      --quoting-style=WORD   use quoting style WORD for entry names:
                               literal, locale, shell, shell-always,
                               shell-escape, shell-escape-always, c, escape
  -r, --reverse              reverse order while sorting
  -R, --recursive            list subdirectories recursively
  -s, --size                 print the allocated size of each file, in blocks
  -S                         sort by file size, largest first
      --sort=WORD            sort by WORD instead of name: none (-U), size (-S),
                               time (-t), version (-v), extension (-X)
      --time=WORD            with -l, show time as WORD instead of default
                               modification time: atime or access or use (-u);
                               ctime or status (-c); also use specified time
                               as sort key if --sort=time (newest first)
      --time-style=STYLE     with -l, show times using style STYLE:
                               full-iso, long-iso, iso, locale, or +FORMAT;
                               FORMAT is interpreted like in 'date'; if FORMAT
                               is FORMAT1<newline>FORMAT2, then FORMAT1 applies
                               to non-recent files and FORMAT2 to recent files;
                               if STYLE is prefixed with 'posix-', STYLE
                               takes effect only outside the POSIX locale
  -t                         sort by modification time, newest first
  -T, --tabsize=COLS         assume tab stops at each COLS instead of 8
  -u                         with -lt: sort by, and show, access time;
                               with -l: show access time and sort by name;
                               otherwise: sort by access time, newest first
  -U                         do not sort; list entries in directory order
  -v                         natural sort of (version) numbers within text
  -w, --width=COLS           set output width to COLS.  0 means no limit
  -x                         list entries by lines instead of by columns
  -X                         sort alphabetically by entry extension
  -Z, --context              print any security context of each file
  -1                         list one file per line.  Avoid '\n' with -q or -b
      --help     display this help and exit
      --version  output version information and exit

The SIZE argument is an integer and optional unit (example: 10K is 10*1024).
Units are K,M,G,T,P,E,Z,Y (powers of 1024) or KB,MB,... (powers of 1000).

Using color to distinguish file types is disabled both by default and
with --color=never.  With --color=auto, ls emits color codes only when
standard output is connected to a terminal.  The LS_COLORS environment
variable can change the settings.  Use the dircolors command to set it.

Exit status:
 0  if OK,
 1  if minor problems (e.g., cannot access subdirectory),
 2  if serious trouble (e.g., cannot access command-line argument).

GNU coreutils online help: <http://www.gnu.org/software/coreutils/>
Full documentation at: <http://www.gnu.org/software/coreutils/ls>
or available locally via: info '(coreutils) ls invocation'
mspacek@Godel:~/SciPyCourse2021/notes/01_Python_basics$ ls
01_history.txt  01_Python_basics.md  01_Python_basics.pdf  basics.py  hello.py
mspacek@Godel:~/SciPyCourse2021/notes/01_Python_basics$ ls -l
total 168
-rw-rw-r-- 1 mspacek mspacek  31273 Apr 21  2020 01_history.txt
-rw-rw-r-- 1 mspacek mspacek   8823 Apr 19 20:59 01_Python_basics.md
-rw------- 1 mspacek mspacek 118306 Apr 19 21:17 01_Python_basics.pdf
-rw-rw-r-- 1 mspacek mspacek    118 Apr 28  2020 basics.py
-rw-rw-r-- 1 mspacek mspacek    110 Apr 21  2020 hello.py
mspacek@Godel:~/SciPyCourse2021/notes/01_Python_basics$ cd ..
mspacek@Godel:~/SciPyCourse2021/notes$ cd 01_Python_basics/
mspacek@Godel:~/SciPyCourse2021/notes/01_Python_basics$ pwd
/home/mspacek/SciPyCourse2021/notes/01_Python_basics
mspacek@Godel:~/SciPyCourse2021/notes/01_Python_basics$ cd ..
mspacek@Godel:~/SciPyCourse2021/notes$ cd ..
mspacek@Godel:~/SciPyCourse2021$ cd ..
mspacek@Godel:~$ cd ..
mspacek@Godel:/home$ cd -
/home/mspacek
mspacek@Godel:~$ cd ~/SciPyCourse2021/notes/01_Python_basics
mspacek@Godel:~/SciPyCourse2021/notes/01_Python_basics$ cd /
mspacek@Godel:/$ ls -l
total 34051485
drwxr-xr-x   2 root root        4096 Mar 25 17:15 bin
drwxr-xr-x   5 root root        1024 Mar 25 17:20 boot
-rw-------   1 root root   508854272 May 31  2019 core
drwxr-xr-x  20 root root        4640 Apr 20 12:41 dev
drwxr-xr-x 173 root root       12288 Apr 19 18:34 etc
drwxr-xr-x   3 root root        4096 Jun 12  2017 home
lrwxrwxrwx   1 root root          32 Mar 25 17:16 initrd.img -> boot/initrd.img-5.4.0-70-generic
lrwxrwxrwx   1 root root          32 Mar 25 17:10 initrd.img.old -> boot/initrd.img-5.4.0-66-generic
drwxr-xr-x  26 root root        4096 Dec 29 01:51 lib
drwxr-xr-x   2 root root        4096 Dec 29 01:51 lib32
drwxr-xr-x   2 root root        4096 Dec 29 01:51 lib64
drwx------   2 root root       16384 Jan  5  2017 lost+found
drwxr-xr-x   3 root root        4096 Jan  5  2017 media
drwxr-xr-x   3 root root        4096 Nov 14  2019 mnt
drwxr-xr-x  10 root root        4096 Mar  1 22:23 opt
dr-xr-xr-x 313 root root           0 Apr 20 12:39 proc
drwx------  13 root root        4096 Aug  5  2019 root
drwxr-xr-x  37 root root        1140 Apr 20 12:41 run
drwxr-xr-x   2 root root       12288 Mar 25 17:16 sbin
drwxr-xr-x  11 root root        4096 Oct 19  2020 snap
drwxr-xr-x   2 root root        4096 Jul 19  2016 srv
-rw-------   1 root root 34359738368 Feb 11  2019 swapfile
dr-xr-xr-x  13 root root           0 Apr 20 12:39 sys
drwxrwxrwt  17 root root       20480 Apr 20 13:57 tmp
drwxr-xr-x  11 root root        4096 Apr 11  2019 usr
drwxr-xr-x  14 root root        4096 Jul 19  2016 var
lrwxrwxrwx   1 root root          29 Mar 25 17:16 vmlinuz -> boot/vmlinuz-5.4.0-70-generic
lrwxrwxrwx   1 root root          29 Mar 25 17:10 vmlinuz.old -> boot/vmlinuz-5.4.0-66-generic
mspacek@Godel:/$ cd -
/home/mspacek/SciPyCourse2021/notes/01_Python_basics
mspacek@Godel:~/SciPyCourse2021/notes/01_Python_basics$ cd /
mspacek@Godel:/$ cd -
/home/mspacek/SciPyCourse2021/notes/01_Python_basics
mspacek@Godel:~/SciPyCourse2021/notes/01_Python_basics$ cd ~
mspacek@Godel:~$ pwd
/home/mspacek
mspacek@Godel:~$ cd .
mspacek@Godel:~$ ls -l .
total 380
drwxrwxr-x 735 mspacek mspacek  40960 Oct 25 21:41 aud
drwxrwxr-x  10 mspacek mspacek   4096 Oct 27 13:24 bak
drwxrwxr-x  44 mspacek mspacek   4096 Apr 14 11:24 blab
drwxrwxr-x  16 mspacek mspacek   4096 Aug 22  2020 books
drwxrwxr-x   4 mspacek mspacek   4096 Nov 15  2016 data
drwxr-xr-x  52 mspacek mspacek  20480 Apr 19 18:20 Desktop
drwxr-xr-x  21 mspacek mspacek   4096 Feb  4 18:27 dev
drwxrwxr-x   9 mspacek mspacek   4096 Apr 20 12:35 me
-rw-------   1 mspacek mspacek     55 Apr 11  2019 nano.save
-rw-rw-r--   1 mspacek mspacek  18265 Mar  8  2020 output.pdf
drwxrwxr-x  45 mspacek mspacek 200704 Apr  6 09:37 papers
drwxrwxr-x   7 mspacek mspacek   4096 Apr 24  2019 SciPyCourse2017
drwxrwxr-x   7 mspacek mspacek   4096 Jan 24  2020 SciPyCourse2018
drwxrwxr-x   7 mspacek mspacek   4096 Mar 22 11:09 SciPyCourse2019
drwxrwxr-x   8 mspacek mspacek   4096 Apr 12 09:57 SciPyCourse2020
drwxrwxr-x   5 mspacek mspacek   4096 Apr 19 20:57 SciPyCourse2021
drwxr-xr-x   6 mspacek mspacek   4096 Sep 10  2020 snap
drwxrwxr-x  85 mspacek mspacek   4096 Feb 10 17:25 src
drwxrwxr-x   5 mspacek mspacek   4096 Aug  8  2016 thesis
drwxrwxr-x 114 mspacek mspacek  16384 Apr 18 21:31 tor
-rw-rw-r--   1 mspacek mspacek    707 Mar 10 10:19 Untitled.ipynb
drwxrwxr-x   8 mspacek mspacek   4096 Jan  5 05:08 vid
drwxrwxr-x 151 mspacek mspacek  12288 Jul 20  2020 work
mspacek@Godel:~$ ls -l
total 380
drwxrwxr-x 735 mspacek mspacek  40960 Oct 25 21:41 aud
drwxrwxr-x  10 mspacek mspacek   4096 Oct 27 13:24 bak
drwxrwxr-x  44 mspacek mspacek   4096 Apr 14 11:24 blab
drwxrwxr-x  16 mspacek mspacek   4096 Aug 22  2020 books
drwxrwxr-x   4 mspacek mspacek   4096 Nov 15  2016 data
drwxr-xr-x  52 mspacek mspacek  20480 Apr 19 18:20 Desktop
drwxr-xr-x  21 mspacek mspacek   4096 Feb  4 18:27 dev
drwxrwxr-x   9 mspacek mspacek   4096 Apr 20 12:35 me
-rw-------   1 mspacek mspacek     55 Apr 11  2019 nano.save
-rw-rw-r--   1 mspacek mspacek  18265 Mar  8  2020 output.pdf
drwxrwxr-x  45 mspacek mspacek 200704 Apr  6 09:37 papers
drwxrwxr-x   7 mspacek mspacek   4096 Apr 24  2019 SciPyCourse2017
drwxrwxr-x   7 mspacek mspacek   4096 Jan 24  2020 SciPyCourse2018
drwxrwxr-x   7 mspacek mspacek   4096 Mar 22 11:09 SciPyCourse2019
drwxrwxr-x   8 mspacek mspacek   4096 Apr 12 09:57 SciPyCourse2020
drwxrwxr-x   5 mspacek mspacek   4096 Apr 19 20:57 SciPyCourse2021
drwxr-xr-x   6 mspacek mspacek   4096 Sep 10  2020 snap
drwxrwxr-x  85 mspacek mspacek   4096 Feb 10 17:25 src
drwxrwxr-x   5 mspacek mspacek   4096 Aug  8  2016 thesis
drwxrwxr-x 114 mspacek mspacek  16384 Apr 18 21:31 tor
-rw-rw-r--   1 mspacek mspacek    707 Mar 10 10:19 Untitled.ipynb
drwxrwxr-x   8 mspacek mspacek   4096 Jan  5 05:08 vid
drwxrwxr-x 151 mspacek mspacek  12288 Jul 20  2020 work
mspacek@Godel:~$ cd -
/home/mspacek
mspacek@Godel:~$ cd ~/SciPyCourse2021/notes/01_Python_basics
mspacek@Godel:~/SciPyCourse2021/notes/01_Python_basics$ ls
01_history.txt  01_Python_basics.md  01_Python_basics.pdf  basics.py  hello.py
mspacek@Godel:~/SciPyCourse2021/notes/01_Python_basics$ mkdir tmp
mspacek@Godel:~/SciPyCourse2021/notes/01_Python_basics$ ls -l
total 172
-rw-rw-r-- 1 mspacek mspacek  31273 Apr 21  2020 01_history.txt
-rw-rw-r-- 1 mspacek mspacek   8823 Apr 19 20:59 01_Python_basics.md
-rw------- 1 mspacek mspacek 118306 Apr 19 21:17 01_Python_basics.pdf
-rw-rw-r-- 1 mspacek mspacek    118 Apr 28  2020 basics.py
-rw-rw-r-- 1 mspacek mspacek    110 Apr 21  2020 hello.py
drwxrwxr-x 2 mspacek mspacek   4096 Apr 20 14:03 tmp
mspacek@Godel:~/SciPyCourse2021/notes/01_Python_basics$ cd tmp
mspacek@Godel:~/SciPyCourse2021/notes/01_Python_basics/tmp$ touch test.txt
mspacek@Godel:~/SciPyCourse2021/notes/01_Python_basics/tmp$ ls -l
total 0
-rw-rw-r-- 1 mspacek mspacek 0 Apr 20 14:03 test.txt
mspacek@Godel:~/SciPyCourse2021/notes/01_Python_basics/tmp$ mv test.txt testnew.txt
mspacek@Godel:~/SciPyCourse2021/notes/01_Python_basics/tmp$ ls -l
total 0
-rw-rw-r-- 1 mspacek mspacek 0 Apr 20 14:03 testnew.txt
mspacek@Godel:~/SciPyCourse2021/notes/01_Python_basics/tmp$ mv testnew.txt ..
mspacek@Godel:~/SciPyCourse2021/notes/01_Python_basics/tmp$ ls -l
total 0
mspacek@Godel:~/SciPyCourse2021/notes/01_Python_basics/tmp$ cd ..
mspacek@Godel:~/SciPyCourse2021/notes/01_Python_basics$ ls -l
total 172
-rw-rw-r-- 1 mspacek mspacek  31273 Apr 21  2020 01_history.txt
-rw-rw-r-- 1 mspacek mspacek   8823 Apr 19 20:59 01_Python_basics.md
-rw------- 1 mspacek mspacek 118306 Apr 19 21:17 01_Python_basics.pdf
-rw-rw-r-- 1 mspacek mspacek    118 Apr 28  2020 basics.py
-rw-rw-r-- 1 mspacek mspacek    110 Apr 21  2020 hello.py
-rw-rw-r-- 1 mspacek mspacek      0 Apr 20 14:03 testnew.txt
drwxrwxr-x 2 mspacek mspacek   4096 Apr 20 14:05 tmp
mspacek@Godel:~/SciPyCourse2021/notes/01_Python_basics$ mv testnew.txt tmp
mspacek@Godel:~/SciPyCourse2021/notes/01_Python_basics$ ls -l
total 172
-rw-rw-r-- 1 mspacek mspacek  31273 Apr 21  2020 01_history.txt
-rw-rw-r-- 1 mspacek mspacek   8823 Apr 19 20:59 01_Python_basics.md
-rw------- 1 mspacek mspacek 118306 Apr 19 21:17 01_Python_basics.pdf
-rw-rw-r-- 1 mspacek mspacek    118 Apr 28  2020 basics.py
-rw-rw-r-- 1 mspacek mspacek    110 Apr 21  2020 hello.py
drwxrwxr-x 2 mspacek mspacek   4096 Apr 20 14:05 tmp
mspacek@Godel:~/SciPyCourse2021/notes/01_Python_basics$ cd tmp
mspacek@Godel:~/SciPyCourse2021/notes/01_Python_basics/tmp$ ls
testnew.txt
mspacek@Godel:~/SciPyCourse2021/notes/01_Python_basics/tmp$ ls -l
total 0
-rw-rw-r-- 1 mspacek mspacek 0 Apr 20 14:03 testnew.txt
mspacek@Godel:~/SciPyCourse2021/notes/01_Python_basics/tmp$ cp testnew.txt testnewcopy.txt
mspacek@Godel:~/SciPyCourse2021/notes/01_Python_basics/tmp$ ls -l
total 0
-rw-rw-r-- 1 mspacek mspacek 0 Apr 20 14:06 testnewcopy.txt
-rw-rw-r-- 1 mspacek mspacek 0 Apr 20 14:03 testnew.txt
mspacek@Godel:~/SciPyCourse2021/notes/01_Python_basics/tmp$ touch sdlfskdjf.txt
mspacek@Godel:~/SciPyCourse2021/notes/01_Python_basics/tmp$ ls -
lls: cannot access '-': No such file or directory
mspacek@Godel:~/SciPyCourse2021/notes/01_Python_basics/tmp$ ls -l
total 0
-rw-rw-r-- 1 mspacek mspacek 0 Apr 20 14:06 sdlfskdjf.txt
-rw-rw-r-- 1 mspacek mspacek 0 Apr 20 14:06 testnewcopy.txt
-rw-rw-r-- 1 mspacek mspacek 0 Apr 20 14:03 testnew.txt
mspacek@Godel:~/SciPyCourse2021/notes/01_Python_basics/tmp$ rm sdlfskdjf.txt
mspacek@Godel:~/SciPyCourse2021/notes/01_Python_basics/tmp$ ls -l
total 0
-rw-rw-r-- 1 mspacek mspacek 0 Apr 20 14:06 testnewcopy.txt
-rw-rw-r-- 1 mspacek mspacek 0 Apr 20 14:03 testnew.txt
mspacek@Godel:~/SciPyCourse2021/notes/01_Python_basics/tmp$ ls -l
total 0
-rw-rw-r-- 1 mspacek mspacek 0 Apr 20 14:06 testnewcopy.txt
-rw-rw-r-- 1 mspacek mspacek 0 Apr 20 14:03 testnew.txt
mspacek@Godel:~/SciPyCourse2021/notes/01_Python_basics/tmp$ rm --help
Usage: rm [OPTION]... [FILE]...
Remove (unlink) the FILE(s).

  -f, --force           ignore nonexistent files and arguments, never prompt
  -i                    prompt before every removal
  -I                    prompt once before removing more than three files, or
                          when removing recursively; less intrusive than -i,
                          while still giving protection against most mistakes
      --interactive[=WHEN]  prompt according to WHEN: never, once (-I), or
                          always (-i); without WHEN, prompt always
      --one-file-system  when removing a hierarchy recursively, skip any
                          directory that is on a file system different from
                          that of the corresponding command line argument
      --no-preserve-root  do not treat '/' specially
      --preserve-root   do not remove '/' (default)
  -r, -R, --recursive   remove directories and their contents recursively
  -d, --dir             remove empty directories
  -v, --verbose         explain what is being done
      --help     display this help and exit
      --version  output version information and exit

By default, rm does not remove directories.  Use the --recursive (-r or -R)
option to remove each listed directory, too, along with all of its contents.

To remove a file whose name starts with a '-', for example '-foo',
use one of these commands:
  rm -- -foo

  rm ./-foo

Note that if you use rm to remove a file, it might be possible to recover
some of its contents, given sufficient expertise and/or time.  For greater
assurance that the contents are truly unrecoverable, consider using shred.

GNU coreutils online help: <http://www.gnu.org/software/coreutils/>
Full documentation at: <http://www.gnu.org/software/coreutils/rm>
or available locally via: info '(coreutils) rm invocation'
mspacek@Godel:~/SciPyCourse2021/notes/01_Python_basics/tmp$ ls -l
total 0
-rw-rw-r-- 1 mspacek mspacek 0 Apr 20 14:06 testnewcopy.txt
-rw-rw-r-- 1 mspacek mspacek 0 Apr 20 14:03 testnew.txt
mspacek@Godel:~/SciPyCourse2021/notes/01_Python_basics/tmp$ rm -v testnewcopy.txt
removed 'testnewcopy.txt'
mspacek@Godel:~/SciPyCourse2021/notes/01_Python_basics/tmp$ cat --help
Usage: cat [OPTION]... [FILE]...
Concatenate FILE(s) to standard output.

With no FILE, or when FILE is -, read standard input.

  -A, --show-all           equivalent to -vET
  -b, --number-nonblank    number nonempty output lines, overrides -n
  -e                       equivalent to -vE
  -E, --show-ends          display $ at end of each line
  -n, --number             number all output lines
  -s, --squeeze-blank      suppress repeated empty output lines
  -t                       equivalent to -vT
  -T, --show-tabs          display TAB characters as ^I
  -u                       (ignored)
  -v, --show-nonprinting   use ^ and M- notation, except for LFD and TAB
      --help     display this help and exit
      --version  output version information and exit

Examples:
  cat f - g  Output f's contents, then standard input, then g's contents.
  cat        Copy standard input to standard output.

GNU coreutils online help: <http://www.gnu.org/software/coreutils/>
Full documentation at: <http://www.gnu.org/software/coreutils/cat>
or available locally via: info '(coreutils) cat invocation'
mspacek@Godel:~/SciPyCourse2021/notes/01_Python_basics/tmp$ ls
testnew.txt
mspacek@Godel:~/SciPyCourse2021/notes/01_Python_basics/tmp$ cd ..
mspacek@Godel:~/SciPyCourse2021/notes/01_Python_basics$ ls
01_history.txt  01_Python_basics.md  01_Python_basics.pdf  basics.py  hello.py  tmp
mspacek@Godel:~/SciPyCourse2021/notes/01_Python_basics$ cat 01_Python_basics.md
### Command line and Python basics

#### Command line/Terminal/Console

- command line is powerful - can be dangerous and intimidating, but worth it!
- most people use only a handful of basic commands
- bash command line basics, assume git bash installed on windows
    - bash = "Bourne-Again SHell"
    - bash prompt ends with `$` - this is where you can type a command
    - critical commands:
        - `pwd` - print working (i.e., current) directory
        - `cd` - change working directory
        - `ls` - list directory contents, defaults to current dir
            - `ls /some/path` - list contents of some other dir
            - `ls -l` - provide a more detailed listing, including file size modification datetime
    - `COMMAND --help` for help, sometimes also `man COMMAND` for more detailed "manual"
    - up/down arrow keys to access recently used commands
    - specifying paths:
        - `/` - filesystem root, like the base of a tree
        - `.` - current directory
        - `..` - parent directory
        - `~` - home folder
        - `-` - last used directory, i.e. `cd -` changes to last directory
    - others commonly used:
        - `mkdir` - make directory
        - `touch` - create an empty file, or update last access time of existing file
        - `mv` - move files/folders from source to destination
            - a rename is just a move from old name to new name
        - `cp` - copy files/folders from source to destination
        - `rm` - remove files - dangerous! permanently deletes without confirmation
            - to remove a folder, use `rm -r`, i.e. recursively remove the folder and its contents
        - many commands accept `-v` (verbose) flag: prints out confirmation of what was done
        - `cat` - concatenate file(s)
            - quickly view file contents using `cat filename`
    - save text output of a command to a file using redirection:
        - `ls -al > file_list.txt` - save detailed directory info to file
        - `cat > shopping_list.txt`
            - start typing, Ctrl+D on a blank line to finish writing to file
        - redirection `>` overwrites any existing file!
        - append to a file with `cat >>`, e.g. `cat >> shopping_list.txt`

#### Exercises

1. Launch a terminal, `cd` to your home `~` or `~/Desktop` and list its contents with `ls`
2. Make a new directory called `tmp`. Check that it shows up when you re-list the contents of the current directory.
3. `cd` to your new `tmp`. Use `pwd` to ensure you're in the right folder
4. Use `touch` to make an empty file called `test.txt`. Now re-list the contents of the current directory. Can you see the new file?
5. Rename `test.txt` to `empty.txt`
6. Make another file called `test2.txt` using `cat >`. Punch in a few lines of text, then exit
7. Display the contents of `test2.txt` with `cat`
8. Copy `test2.txt` to `test3.txt`, and remove `test2.txt`
9. Save a **detailed** listing of the current directory to a file called `tmp_list.txt`
10. `cd` back to the parent directory, list the contents of your `tmp`
11. Copy `tmp` to `tmp2`. Need `--help`?
12. Remove both `tmp` and `tmp2`. Make it verbose


#### Python basics

- Python interpreter
    - interpreted vs compiled languages
    - type `python` at the command line, type `exit()` or hit `Ctrl+D` to exit
    - calculator, math operators
        - `+`, `-`, `*`, `/`, `**`
    - up/down arrow keys to access recently used commands
- functions: take some kind of input (argument), generate some kind of output
    - `abs(-5)` - returns absolute value of input argument
    - `print('hello world!')` - print message to screen
- commands can be saved into a `.py` (plain text) file, then run from the command line
    - need to use a plain text editor - http://geany.org is my favourite, but notepad in windows or TextEdit on mac (in plain text mode) are OK
    - make a hello world script, run from command line by typing `python hello.py`
    - `#` is the comment character
- variable assignment
    - `a = 1`
    - multiple assignments on a single line (tuple expansion): `a, b = 1, 2`
    - in place math operators:
        - `+=`, `-=`, `*=`, `/=`
        - `a += 2` increments `a` by 2, `a *= 2` multiplies `a` by 2, stores result in `a`
    - variable names
        - case sensitive
        - letters, numbers, `_`
        - can't start with a number
- importing: gives you access to groups of other functions, in a "module"
    - e.g., `import math`
    - use `dir()` to find out what's available in a module
    - `dir(math)`
    - `math.sqrt()`
    - `math.log10()`
- help
    - in Python interpreter: `help(something)`
        - `q` to exit
    - online: search, StackExchange, or official `http://docs.python.org`
- basic Python data types
    - `int, float, str, bool`
        - `int`: counting numbers; `float`: decimal numbers; `str`: text in quotes; `bool`: logic
        - examples of literals: `1, 1.0, '1', True`
        - types are also functions that convert input to that type, e.g. `float(1)` gives `1.0`
    - special placeholder value: `None`
    - division always gives float, unless `//` (div): `4 / 2` gives `2.0`, `4 // 2` gives `2`
        - find remainder using mod operator `%`: `4 % 2` gives `0`, `5 % 2` gives `1`
    - use `type()` to determine the type of something
- flow control:
    - comparison operators: `==`, `!=`, `>`, `<`, `>=`, `<=`
        - compare multiple values at once: `1 < 2 < 3`
    - boolean logic with `and`, `or`, `not`
    - `if` statements, each clause on a separate line
        ```
        if a == 1:
            print('a is 1')
        elif a == 2:
            print('a is 2')
        else:
            print('a is something else')
        ````
        - indentation (4 spaces) and colons `:` are important
        - compact one-line version:
            - `a =` val1 `if` condition `else` val2
            - e.g. `msg = 'yes' if a == 1 else 'no'`
    - shortcut: assign one of two values based on truth test of first value
        - `a = val1 or val2`
            - assign `val1` if `bool(val1)` evaluates to True, otherwise assign `val2`
            - `a = 0 or 5` vs. `a = 1 or 5`
    - `for` loops
        - ```
          for i in range(5):
              print('hello!')
              print('goodbye!')
          ````
        - again indentation (4 spaces) and colons `:` are important
        - `range(n)` generates values 0 to n-1
            - "give me the first n integers"
            - better interpretation: "give me the integer values between fenceposts 0 to n"
            - Python is "0-based" like C, Matlab is "1-based"
            - this convention is useful later for something called "slicing"
        - `range(1, n)` generates values 1 to n-1
        - `range(3, n, 2)` generates values 3 to n-1 in steps of 2
        - `range(10, n, -1)` generates values 10 to n+1 in steps of -1
        - put `range()` in `list()` to quickly see what values it will generate:
            - `list(range(10))`
        - `break` - immediately exits for loop, `continue` skips to the next value of the iterator (in this case, `i`)
    - `while` loops
        ```
        a = 0
        while a < 5:
            print('hello!')
            print('goodbye!')
            a += 1
        ````
        - similar to `for` loops, except you manually increment your iterator as you like
        - if iterator is not manually incremented, loop runs forever!
    - `CTRL+C` interrupts execution in both `for` and `while` loops
    - indentation is used to define blocks inside `if`, `for` and `while` statements, and later as well when defining your own functions using `def`
        - indent with tabs or spaces, but spaces are *strongly* preferred
        - 4 spaces per indentation level, check editor settings
    - paste multiline code from editor directly into Python interpreter

#### Exercises

1. Launch `python`. Do some math. Calulate `2 + 2` and save it to a variable called `genius`. Now print out the result in `genius`.
2. Use a `for` loop to print out integers 0 to 9.
3. Exit `python`. Use a text editor to save your code in 2. to a script called `basics.py`. Run it by typing `python basics.py` at the command line. Does it work?
4. Modify the script to print out the square of those integers. Test it!
5. Modify the script to also print out the sum of the integers
6. Modify the script to print out the square root of those integers
7. Restore the script as it was in 2. Modify it to print the word `seven` after printing out the integer `7`
8. Modify it to **also** print out the word `three` after printing out the integer `3`
9. Rewrite the script so that it prints the messages `1 is odd`, `2 is even`, `3 is odd` all the way up to `10 is even`
10. Modify it so that it **doesn't** print the message `7 is odd`
11. Reverse the order of the messages
mspacek@Godel:~/SciPyCourse2021/notes/01_Python_basics$ ls -l
total 172
-rw-rw-r-- 1 mspacek mspacek  31273 Apr 21  2020 01_history.txt
-rw-rw-r-- 1 mspacek mspacek   8823 Apr 19 20:59 01_Python_basics.md
-rw------- 1 mspacek mspacek 118306 Apr 19 21:17 01_Python_basics.pdf
-rw-rw-r-- 1 mspacek mspacek    118 Apr 28  2020 basics.py
-rw-rw-r-- 1 mspacek mspacek    110 Apr 21  2020 hello.py
drwxrwxr-x 2 mspacek mspacek   4096 Apr 20 14:09 tmp
mspacek@Godel:~/SciPyCourse2021/notes/01_Python_basics$ cat 01_Python_basics.pdf
%PDF-1.4
%����
1 0 obj
<</Creator (Mozilla/5.0 \(X11; Linux x86_64\) AppleWebKit/537.36 \(KHTML, like Gecko\) Chrome/89.0.4389.90 Safari/537.36)
/Producer (Skia/PDF m89)
/CreationDate (D:20210419191650+00'00')
/ModDate (D:20210419191650+00'00')>>
endobj
3 0 obj
<</ca 1
/BM /Normal>>
endobj
6 0 obj
<</CA 1
/ca 1
/LC 0
/LJ 0
/LW 1
/ML 4
/SA true
/BM /Normal>>
endobj
7 0 obj
<</ca .051
/BM /Normal>>
endobj
9 0 obj
<</Filter /FlateDecode
/Length 15476>> stream
x��}ݎ$9��}=E^pm��800�;�׶��}�a����)��!U��2�g�;
                                                    lG1#$�G")�Ի��w�����;�s�ǯo��m7�{�֚t�Gcw��ov
�Ͽ�����n�;�m�w㹵�4�:7����������������ۿ��7�6��}2��׷�������-��O��Ϯ��ğy�����l�_�5��H��<�x��׷1�?�~�_o�{w�M����~���y7{��
v?p|�1���)��}ύ~o����C��3ؿ{����_�����I�a<�Y��D��n�-�bo���Ɲ��zx���D?���:�
                                                                               �o�-ޡ�wzM�4y�6��/M��p��,�(�{n�l�Y��,�aۃ9��{7�m�����������z^Z�Cp%m�p.m���8_�?���.�p��6l���v^26�r܈�U܈&���h�6�    e�D������P��]П42a[hK��F
��7�Y�H����5m��f`�~s��
                         L���@�=���$s08sDZ���f�<��ͽo��#� y�������gL���Y঎��܁%`��f8y0�<DS���g|A& ��@���G>���b�{n�>ڮ�<(���q�5�`���n��!��Lk��'�33���Dy����$RbfY�Ӊ��}
                                                                             �ٽc���Vv珺ߙ����3��z�
     L�UF�n���ػ�����
                 y6�j�7$�ƍ{׈~�Vi ��3�ʻu��ʭ�x+<�n(&�-����cA�уP#�0�*0U*�`N!�a�)C��uIX�?�   ƪȟUQ���n�l%e%��NMW�#��~�o2��.�S]t�!�s]dy�L������Jd���i?&��
�/41[K�o�1oƈ/�c���_G-OH�d5����;��y�r�`mz"NM�����x8*_���{{҈e�*�PVםZ�vg�V��[�Ew_�Ъ�{+����
m�'+�~�[����Y�d��i&C3/���dP
                           �aجP�^A+~W+ZR+��U�'��Y���d�b����b�=�^mG`�p�VfwFh#@g�V�Fh#�e&�bR�/�� m�vh���C[���6�ۡ:nd�m\��Z�;�C�~@uL �v`�v��P��dQ���rCS�G
                                                                   L���Mь.����b�N
                                                                                 /Xc:Ke��X��L�K��H������Ɵ��Cl��߃���қ�}��
                         ���6������1��8����u������k�:��^߷[���J��Kg� C��S���t
                                                                               �ze i��[ʊ
                                                                                         �����
   �L_��6A^m�
          �Le��&  �競�{o��j@Kjt��"���\T=vx�&U
��UJ�rF����#metgd��"pq`d �]od0����"pa�3��#� ��Ar�Z82�j�Py�Bo��|�"����cRA�ѫPw���U`�(�`N!�a�ŁE
      L���-�,�l|�Jq�F��(���Tܙ��1
8f��pu ��kF�̜��'��k��� ��ԟo<��l��vJ{���!��;?�c5�{�7�nM6L&��یY���G���G[�ٔ����j��Ć��?�:�:�F02(�jRq�   V�  �5ݞ������
�0�'��Q��
         k�'���u����+q���`Bm�`��,�x�qYd(���+��X�x�s�t��Yu?���wl&3��>��q��-a��(��#�������|���'�g��v��|�j������ܺ�S�vI�4
                             �^G�"��G4w�ثU�đτ���!��5��
��U��o(�-����cR�ԑ�#� �J�J;�?Hg�jʓc�=��d;��t56����g���P{Q�ǻͮ�q�󷷶R�3���� ���D���
                                                                                     s7�;'b�Χ�`��r3!h�G�-V��       ����4�d�犎�\�Uʱ�Uʱ��D�r�4=��3"�%C/�0eO'd�]5J�7�Q2��Q2���{����rغ���%�E-R?����NP��Xt��1뚊����dP-��R-����_Yஜ򕏝��uH:���*$�xi�5H��*�
$�����f?��#C�#Q�on   �a<�^ud(/��9RR�5GJ�9�S�D�J�#�'#VE�T�*�J,�HV�Iʀ��(������R���q0â#>k|��`�^.y��q"i�t���-"��wc�Z��n��u4����܊��3C���   ��>9�;�hq�Ҷ�&-�R��O�%��v���s��}��M0�.2̘dI��{�e�%�M�H���+��y�Q� =�RL�&��O�u�����~��Fm'�Q�;�h��h�gh�N�:*$����ʉ����AO��l0�����uM�5uw��u��~�>��2,Y�?���Jk踬C�V���H�LĈ���6k���1-���A��u�\������Ǜ�g(&�����w�s���~鹌��}A�@{��P�?���3�|"D$Pm���2�����F��4�pS�1�`��;�R�5=}��
                                �{"+ОHU��T�,�c9UTD�;�E��:2E��2���d*�#�X�q١}<�L�N;t[��[p\�c
      ��d���"�����`��}��a��틥0��W��
                            ����)��3�1�����Ou��w��\�C8a���{-t�9'�?�pb�3�y�y�:y�9y�fw�~��K0rTb���Nzo��r����5�l!�s�;�¬2oP%s�1o0[3�&4%�i�Ow4�D����}�x�XXΏ^;��E���V�D��v���l��}� ��h~�2��F�B-�Ԅ��P
RvYH�3��B���-K�ōؾ�5U����`Q�S�V�X=1ʗʆmF�8q`�x��h\|V����ƎK``s���
                                                                     ���q��" �B�����޶�AO��5���'��)b3�D&ڜ��`��c7<K�M��A<��M�v�9���g�
y2�����6���D�`r5��� %>HYI����
                                 ��/�MKG��
                                           #RĮwg���6�
                                                      &R���6��w�y�DZep�,w�T����2�9qȭ
                                                                                       �>,pԹ���]��Oo(�"ȑ6   2W��G��*�u��G(r�8��#�0;�T0�*QC7�*lm��Oe�d�j��/������T=9��w=)u=�Ā>����~;��!�/��;�ߞ����/�|�;���h�ɢ��<I��9Q��e�O�����Y���c�@{����~k�0y{1�g)�g�  ��%/��O+�:
                                                                          o�bk�^���'�i��e+�'4ir�_4i�o&��N&�;&�;�^g��&����TW�n�NW��šI�ʶ�G�ƕm�ث��ogO&������}�ۦ<}�/�������>���T�`���
                                                                                 �+��@�҂�9X�ۣ����������R����yC�g0i\JLR��C���ݘ�dl���7|1��������'���32�PL{C|(4��1��l�"�Bl�(b���!�5�
��!3����Ռ�O�zF[   �Uup ���
8b
  sA��F3
         )�Q��V�X���
                     ��WF�u;�j���ںg��lJ��OI�~J��$xem��wj��!�i
�\$mS�)�T)Ŷ�U)E�\Ti:���V��q�u)�+���9+��t���Qݣ��Tmŧ�_U�)5e�I�F�����i4������sҥz��;�:���
                           �p�J�7��
                                   �h_�h^�h��h_�豵xbsݽ*O�6�Az�E�4�]�R
ҫ(��#�0'*�`�(5a�!�aF*�`�
3��BM�)ԿM��*��փ
����P2g��u��V4�j�m�/9�O񴟓M4a�d��r�
nl�^J�J���H>D�$&_�b�J-�8c�,�g���$}i�i�����Ѿ�j��bse-B�����������]�u(v�����DP
                                                                                 o52�)�:�$!�Rtf�*h#��S��O�
       �(�j���o�="wj
PL �Dmfp;LI�
�B
q|Uy����Dǩ�Z\B�������.菠5�I�F��`���-�
                                      P%h   ���Fg V�ؔ���n����0a��z'%]7?�?����wQ���Z�\��nI���t��}���_����\'H��R�����@2�b�$��&���曲f������XT���ZT��٩�nV���/���?��l��U._��rn>�4�G
}�F����qC�wb�=j�<��ʌ��� �(��i�tF�Dף�9�2��f�ح�9\֙9v/��������]��q9����!��Ρ
�;�
    ����]�ʱ  h��\��
                      �UHʟ�l��=��4g_�6�|S��_�Ve�C˰�p
M�#�Z�%JU+B��a��@Bgh�L�')4F��"󖾈���7x�nUcjs�E�C�vW%�C�{;RL�ގe�!��2�4;A�gM3(��V��%��Ӭ�Ė���p�So��� )�"Hv���IU|@�o�J"�+JJ�WHu��� ����:�_g����gj����6�h��)׽�)�
                                                                     (�E�xj@�$;�T"U�U�S\�b��g$)��9��KI�+�_W�gͰ|�q�ڎ�R������]R���Y�
<�j�C�� �uh���Yzz�����CS�2/�z�N�]�r*V�R��Uf.�^��XE[N^4mǺsڎu�R
                                                                     �:w��@�k�A)!�Aގu��bȃ =Z��!�9o�`�!�`4
�����k o�al�q��u}��,�"Ќ��t���d���%��CT�^�$�������Ȓq�p���UL�!n�L����C�k�A)%�����wȖ얽K�!h�(ƛЮ�ʸ�ģ���hoȴ�q����@�S�DL���(C��@��
                                        0   �\0]F�;����*��%ug�۬�K'�qog��YV�Q{?����d������0����FN
e�n��z"ُ�����ɽXqu|�e�������ѩ�䫓�:Z�;��d��(�z��K��Sך�M�����<��"G'���Ëߩx�:��j~l��Jj8���9Tޫ��7h��������j�u�5�����p㒚oR�W�M���mu�a��7H�R����/�~���|[�����obu~�x ��@R�9�)�X�O2*��0� �B�BC�F@m�p����}u��Ľ��>ջ63'��v��̉��`f[�v�}1��_w��>��g?�/�;�_:�
                                                                 Ⱥo��+B�{'��ULh_L�\�Ŋ�K��yA佢o�_�G���.��V�a%��s�L%�敦Tø�ܲ1ai�`k��؜��UQ����FT���W�v,�U�"��vU�I��]Q�ژ�   V��M0�U���l��ds!\
}�m��A<�O��,�ڄ�Z4�R�`Ec)VT���E*/܀g�r���ՠ���Fj͡AQ���{Pq0BQ���(M��+PG�0PQ�5�;pFLe�X
�W6(��lQ�
         �{ +Ҝ
�
Xl�X��CX�tl��)�2"°�*m`�U*��@3�5��.��J!M]I�
�Ĥ�ɼ;C��Բ�LO�g��T������Ҝ�Y&5*�U\y˽r�?�U/�RtQ_�"A��xQ����J��;��^��1(�j)u��
 ��V&���                                             ��4l٠:R��.���f�L��E�@�ܾ    H���{�@��b`��ة5[=u�^T�U�j�'ץ�W���
�l��n`�������,8��H{��N���C��n �`7�TeՍ%�Y7�J3y��VU�wu\�����
                   ��g��N!%�N���:1�S:���u��L3��`��d��f�o�
                                                        �OAn��3�).��,^˵tt���>�kO�\|*.#�|B-�o�6l�b{Pd�Pj��#��j^z*���2�%ۖX����nk(Gn"�jtk��N�◲�G8�_�Y�i)o��t�&�T����m096]�Vn�Ɣ���n��PD<F��o7�,mzo����*[�PP]��b@�X�BAdE���Uk���������J�  )S�V�[k���O5K�����a�#�
                                                       D-?P�p[]��/���@S���@���U8��*&mFUvX5��K���_�a�����p{�o��VH��    ��JDF���0�t,G����t9��t�֎q��!�2PLTi(Ψ_�:�����[�ܨZ�1��s�/�m�ղ"Ū"@sM�P����RU �9�Лk91��GwD���\�&���#�57���܀�M_U��xt�T"׻NJ��E��a�.ߡ&��@�����}��.S��sq1��3��#ص�Aϙ�p%�<j
v�"��I�!��"r*�J�J.�.HX�Xʂ��*kl�ˉ� �rb]' T�rb0dR@��ZN����3'��R��#U��Jįe���e��픵��A�>/Y�n�G%|I�'�9m�mô}��� vI�'���/i��i���US|������f{�;�,�I����%���%������LXMۯ�U�G��-��c�V*�h�VV���)�_! �>�$Y�1���7|q��}mq��}�}?�";�t��}�i?�                         S�ZNLY%3���oJ��(`�XJ�9c�2�g
m�J���^�hv��m_�j��n5z��Fo�>̎[��l5z��H6Jlه��x>���<�[����C�dfk����X7�� �e����'wIo{~�����uS~�?��6Q�_�e�L�hOm/�?��]�@�3���)q��-<%�w�݇$��5{h
6�M���5*��MG�2��ܩö7�`�s����o��ޟ��E�d�F�b-�j�3���7�K��b���n_s�f��KIG�A�+���q��R�}�����>����K��g� k��>JV                                 �Wqԑ��*N*��>L���(L0$>LFeL[ei�߯�^�C�W'��U?I���T��w6$�E\�]�uo
      �!_�Z��V�    '����S�b��#XC����j�༜���Z�+�y��ۡՒ�5�      ��9�w�/ֶ0k�<#��w�]���v���$Pgۡ͢�K@VR,                      �m�`�Cl9������b��
_�4>�FS[�ti���@m�c��|�-��sާK����K�   ��|�[>��^O������x���-Oz�^��1�v�+n�-��q��|!�!$��4T\� VK*��5�}S\�W���Pq�pU\QnC�cj��)�1�v04�q��bh.�����xz�5���M��a�*�:R�\�I�ч�����#4�I����`�*S��������d�Ӧ�E���wn3���^UW|�=��
c-����,֠Y�ܛ��2Q�k7�>1��tF�V����֊�L�WJ�����Tk����)請��e��4F��]���]Q��K<&׌L.�^�1�{��syI޽`y�.0q�su����-ՌM_-���V���S�����Mf`Ʀa�_w_�~�}I��>����E����2���i�)*��)*��f>@+�%���0:ͽ44O�CYs:�:-���Y"�5����'�G�1�K�                 �j�^�
���Q�   ��&�RK���8 ���8Z���s���9 �K�D�K��u�<a1<~CˬA+Z���Q˷������E�:��zP�U�*j=:$����h�;��ݘɥ1�[����ӠHQ��'���U{��Ύ�WTh���G�E��i�.f��xRO����\�@A�%�u���R
-�!��aR��r
f�����S��yP2��Bz�\���U���:�p��^�qǆlY)��cY)��S6K>��.�s��"��_��Y�����s�I���J�e2�΂�2q�*�4*�f���$Si��o�c�^5̑:�,�-$yU�K>�b!�gd��|��d�\�8k���6�J�|�����������:_͡�?p��p�O��ă�,-ZI7I����nၦ'~��+���W3q�k�8P�9h����F����9h�8h<;h����6���{���?���+P,��@���P��S�d�P<œ����H��_��?�x��R������ۮw�uc��FO���`�k+�#`��O����P4�KA�գ�4���.RGq���;�w�[8����;hpux�"�~�x�v�МzhN3q���
               H�p�7�-�t�ulMC�IC�� D�"�����V�T�{�J)�CBR�mH}���)����:�_��R�0<4g��3�"�T5kr��ʂMka���еPV����R���`�oM3��7�       +�j�2q����� Zis�L(H��f�t�üPJ�   �
                          r�L���01�O0���u���]
                                             �n���
                                                  Ț�&m=����O9 ���m��6���R����Oo��歡��^�52���ᯙH�6ɥ�����Drq`"�0
� ��Dr�j"9?4����H�L$��&���+pp��Dr�7��
(^?0��GT�~`")h&�����Q�#
                         L$�8�3q`")�0J�D
�d";0���H�]
            -�T���H�m�����l��5*X��F
{W�ԁ+J*��=L!m�
           �L!�)L7�>LM�Lb�i���3���;�V܋�t/�Y�$�حl�Hj��UZZۍ��욼Φ�ݦ�f|.E
2�H�6w�G�H8)$<6Y�r7����H�I���]4�<h��51��]�.���춢aӫwM�υ@�NM\���#���B���S�X���'����6��r���B�����-�W�����!���d�K5&�A�
                      ט �*rZ~+EB�ס��r0�Z����J�_�� Z���'XɶgK�\_��U6�ʄ�q�l'��A�R5�`��D�P%��½YV�%�c��� ������@oj���R��o[����e!��\y���d��S���^ji9�^j�;�s�Tc�y�%Y�d[�N�gԈ�Z:P0��%�u�
                                                                                             '�Jj�PʶԒ����? >'��,���TN�9�(�XeO��2���4#�*�J�JC�IHm�s���ʿ:�_Tg�]+-��]gh���zrUZ�\����=�������ډ��ϟ����7O^zQ�oeW�) �H�Ew��&S�gՇX�����;Mi��w����ƭd�|�_|��s���7���|�f�K/&�4gn�Ǧ7��`��<W�F���\�Ij    �����X
     -}�`\�*PQ�jB�!-'�`�Xiɓkf��Y��J���+���M0��E�<S�v��A��M�,�nTm%T_�<�盱G�k0���n��,�(�C(fh�"����b�6r�ٿ�lk�r/(�M}��/��+.DMO���7}/n^l��^����ȗc���53�!+�&�J�X�5@��E��۸�Ŧ�\�[ӛ�X��Ǜ�_�S1��D��_<�
�b����+ite!�u�)OtV*���}�}nRbL;�3��w�I(�1^�&_d�������K���2߭7�_;��i�8�c���M�jA��m�
                                                                                        =����
 kwh,��[;�X�^�c&�ʁ�s7f^Ž��)6�!�rv�0>9X
��a^c2��N�S7a|~����䴧X�q�j�e����S�e����J^n���>
Q!�%D�����o�"W=
                  !إ����D�d G�D������'�vS^�E�����bm�S�6�x
-������z�-��+ı���2��Jwt$��,a�
��n����`o!�(e���у&MK���
��[�=!vۖpIO]��܅
Rd�k��O��u�}�
���n�i�J)�CJR�oH~����v  ,���e!*Ѹ�����j�}����@5=��{�+��������4���{Fy��,�甎xY���T�xR1����q~�8;��T��7��ʹ��k.D_��/cv?c�:��Os�D�wv�؅���qO�C�q7֎�Wܡ��}r"e�
��}|�d�٭�
sT��`u���#X١1�n���&��kiG-���r��˩r��Щ퓘�YKYQ�
/�A����w�E{X�jW���K�֕0On��j ��&ǌ�>��\
X���Nb`�l�F˦F����fQV���,sDZk���L�x��\����b��B{vI�a����dP��Bqvz�P��hR"����@mw�|q�v<e�;�e�\���I��|��J���"ͩH�~��*{����QA�P����h4�y���=�q���¾6�_s*�sQN�Z�����q���I����ìh��h=�Ǵث,�z�@f��
����+��
�Q��� @�LJp�@��ʴS�~)�N0z��˟l   . Xn�������1�2��� J�5p��x*q�X>�����T��f��}�a)�㒺�0~���xJ)~ ��&�����r
X�+G�2��p�@$>��p��2ƻ��]56��52�3��&��)1�r�A���[�����1�����    ZYNw    �rArû���T��tr�K�g��`�*���
��A'��KgJ!��.`�q����Ǯ�����
                            ��n���+CB��ty
                                          ǷxO�3��g�؈�y
                                                      cg�9������f�~K��CQ8K
                                                                            ���Yä��3J)v'�yu�|ܳ���E��7��j����9�0�x!�<sX�-}a��o�^:Z�����}~�󱉳!"��I�ް/c<����*AD��5�B�s�-.C�x�-~C�}�題9�"�;�9Bl-77����h$¹�(���u���%J��r
h�SP؃�U��f����p��9����]���|�Χ}��[�C�]���75��dZ�e���3��K����/>IZ��/���&@w��(ͩ�"�/�R���g��=�#&�����(�Ѹ�����x���O;$*�dھzk��WC�8�����m4�d;�Wr���!y
                                               nm#�%����FЋ!y
                                                             nm#�(�����rk�K� 7Y��&s���K����鈛�6┷f+C㋋��o7�6�`�� W�KS+w1�4scN���d%�X8�)f�:J1#�rRs�DӮ�h�=�qX�v�v
�(��r�1��)C �㹐�`��j!4�Ԇl,!h�!�V�Hz���FO��/��h� Uع          Q�m��Q�
R�{T�xd�t�ޞYٕo�Y��K���ᮝ���Й��퐭�[^�]^�\������?ӻy�}L�Ω�7=�i��κ�ГD7��=����-�5�K�
                                        �5~�������Lk[�m�v~�Z���g�x�������{04IR4W6�'�Ó���k?'�.E����7��y٥AϨ���{��;�OyM~+
                   ����[qD�%=c(�;G�6�|!Vl'��;r����oƽė��S���e��A��ʠ���l�]�
                                                                            %�22��^T��cV]/���f*u�����-I��yQ��b�fX-'�a%6�`�x%��t���]�v7��_���.c�5�57i/o��p<6�W搙�uV/�I8,�����M��'/��)���0���T3�� ����K�"p�a'�r^��_����7xϻ�y�����M���ZƢ1C�޽b�A5RQ�AݏJ�
                                                     �^��/ê;��ΰ<�R�S8��y��c(V|)ƪ�A৏7`���B���8a�*x:DPEE%1V����h$�I����xsRX���k\-J\6��4Wh����m��o�~����+�S�q�
�L����ע��S��)e�BL��}YRy���wt7h���i
�X�O�����,���|����$_��wRݍ�v�Aak��_����2)Z��m�/�:�M��������P��m�`r����՘�P`ê�������:<GZ
     txSC�  V
c��꾲Ѝ`u(LкU-����*�6(?E�CR�d�[ڈ�mwKg����Q;�Ê�/��G�BO�%^�T=���+��!��B�x@UaD<�����xOl�+P��|*�\�Ӭ�f�p�������@�����Пnv�3�XD��
                            �ZA��y3c���l������U����+z�Uۺ��tp�e�&X��qMqGM"��ǵU
                                                                                V)w
                                                                                   Vm*hYX`���e�&Xsu`��q�r��w���u���d���bêC��P�u�����āM:z����I���M�U��#XYǐ�-�l�
D@W{U��PVH 6,��Yu�q�:3[y����
*T������Q1U���zKE_5�NՄ:�Pg��媳Sup�ůɳ"�r��ok��Y��,�EϝU\�{�m1e�����ٌ:6�?�,�Q
���I96��>o}wէ�t�E��ë�enG^��|�����ϋ�N[pڂ�����k5'ƅb���/nc-V�Z���lz�O|�z�d�TO8����<i��&�Z�מ�������Hl'�g#�O
��:졁i1T�EК����F�������a����X��    X�Fb�� V��"dK09������l�T�4�������N??����N����mЦoٳ���䆭g�q�����+SuYQҩ�@d>E ����$&h���
2 H{ U�3ȟ��Tp��A��>0Ea.1����:a  ;1�l�YJ_Xf������H{t4PrjϴE�m�1R�e9i�p�e9�)Ų�6(m(���6(
                                     �Na`��/:$٫�'��'&޽0w�0^�f_�Z5�}���_~j�-]���܃9�^c]���y��
�4���*���O��b��`�2CEl�����B�
�4ݐ�j�+�a����������g�@��p�f�X� �ie@63��I���ҁK&W�=���K�`.�ˎ���+.���\    �]���S�
                                        =k��Yf�f�'�
                                                     ��,,О,@�3hc[�Y�gX$id-�ɚ
                                                                                ���x"�8pM�{�iݑOU/��=�mO%
{V��1��*.*̈���G���P���q���ʾ:�_t��Q"tT-�{[�tI��q�<;���]V�O�]>����U�5���ʪ��u��p]]����u-�f�
��6�.�-$\.\�{M���x]]1m�5ѥ��������΄�&��r:B�E��   g�`I$hIc�Q����ޙt] x^ v^ v] Zf���a'���}Y��WExO��'�z�U��f4�"p�%�#� PQ�7,O�YȔu��1_}�Nl��ʀ��*+�.�PᲨҧˢJ�.�*θ,��벨D�E�H�*���UQg�W�W�Y�_v�*6�f;vf�i6�  55�^ޘ���9�I��rK���T
��#��[��E;[+G�h��]����`��aߪ�ls����Z�o��b;r��7�l�
                                                    �� XS�i������YSuQGbk.&�X��ls���MxO�'�z�ش�"Jp�ũD�
�M
���|e�y�&Ȁ������Ta�*:F�SEE�V�W��*�\#f�2fC��f�K��39H6�����������J5
endstream
endobj
11 0 obj
<</Type /Annot
/Subtype /Link
/F 4
/Border [0 0 0]
/Rect [251 328.00003 332.75 342.25003]
/A <</Type /Action
/S /URI
/URI (http://geany.org/)>>>>
endobj
12 0 obj
<</Filter /FlateDecode
/Length 24351>> stream
x���ێ5;�&v�O��&;Bg�N}m�?���
���{������ew�[�޻�               rp����H~�P���̵�������3c)$�DJ<�9_��^����
����-��-����^������io����>?�O���aK)e�m�{}��V��/[x�?���
                                                        �����/��_����򇿾��_ڀ�����e�   ��ν�_���������������^��7}u�K5��P�����_������6��su�omi��a
                                            \���RӶ�
�c��T�m�U�i����qzc_����L��1�mh,���-F���=;�����}d�1"�%vL��}����iۣ|1��D��D?Y6z[�Y�}���L�(����/�K�����˔r���۾��$Ƶ_��>{�#�
                          S&ar������O%���'�F�_ڿ�[���>�ۖS{"��kp�\�m"Ž���&�4Λ/[,J���X�xs��2���载?����܁�'�����ֆ
���vE�>~]   k����$:����y��%$���ۻ9��wzz�5�o��6}�c��i����4B|�{�   ��`%��s"��}Ze��Ŋ�h��m
����m"��ީ*�i�����?�R���l����Ũ��*����Q���p�ʥ�,��y����*ĩJӌ<��ɧt���/����qOm�!���Y߄�*�-桹��c�Q4覊����rcз�Oj���va�s������uN���l{��L���� W{�zǽ5F�����VB��x&��za@\
                                                                 ~5�5u�~�����M�X�OW��e�?W��-��������tm���'
       j&~h��i��
�P�vS�i?����C��x�L�b&�O�#�1�#J����y5����#e�3�"�2�/�l�f7�����Tj���
8�,�1���@2�Ba�8�h"��$�MՀ�<��<��ח4���S76���{�Mä������$�(3��TMc6�Q����ag�k@ɺ��F1�م
�~�L��Ӓ�>����@��CJ�Ąn�IL��|�!�Mn��A�_o�g����W\R�5s��i��w��1�S
               l�   ��i�����W�'��-��܁<�0��_�7�E�"9>�ܩSE>�E!�@:W(F�T�8�?J��
�Xi*���!DPU����{06�K���[wl�gty{���=��L��b���ӻK�챱�o����M�c�'���9��^�
                                                                       ċ�l��OS��NL�jYtA�'��:$(�Nr���c�r
     �Y��7�
��$���ڻ���zʨ�   Jk7
T�q�4�nz:bS�|r0/��z�o�g��ʦ��l����]�8
                     ��@b�F�8O謻�� �+��L[F��}�)� �Q'���
M����s�kR=�����R��8UE,�����
����Gr�V����3A�5&��w��lX�<����9ږ���x@a1��`)vQ
�(�J5o������ {j����S�ƽ��q��ɧ[���7��ۖ~HS;DS�c�����P��w���O0>��4���&�B@9�T�C�Τ��r>v�N�x����YP��'=�(g���\�g��=R(�D����hfy2��t�7A��Dk�BT���A!~Ts!&U�!�A!"�T{U�2��Nf�w��<a��ؘ�i�}�J�+���
X1ba�R���!L,�V �FT�����foNz�_��_�h�w�L�~`����']�#��͓��8c��#�H*�0m���Y�OLp}Pw�@��]���#a�||�����#�:��b����zq�qX�!~|٬�~� �F�w�P�C��%��-��>�)~ݐʤ�ShvT
t�������aF�
             �]:�/e��3_�y���o�y�#F ����4����q��qy\[rtB�+�(6M����P2����-������m^������(��ϾIG���f����/W�!A��o
                      ���y6+��r��_�h,��vQ�%ӆ}-�>��@SHա'��.0��g�Y��ez7�Є̳�qS�bpy�{ڵy:���#|y��נÉCl�d.�.%qϩ�r�A��OLS����FÔ�OB�$.mg��(���
                                           ���  ��C"+���mu����.����"
                                                                     Lq��@�U���+�E<����գ����uW(�>���'��4��uR�W?i��N��g������{�̕Uy�����+ދk�k������%�һ$�,�7���:��nx�u��q#i��c�=�����E`    �݌��O��G@�=m���c
    �-���i'������V�=���   8vE��=;���v�b!�Gu��b��ǅ���-t/���$��������l7���t>1P�>�%)��`��C�Fx�f����,��nૺiȠ  ��1���[NV�-\�np��
                                           ]�o"bu�E"�n�ӝh�;<�<1�1�E�Ud&��L�sEv�U!�PL[(P�W>�
��
  EZ)���{����9s \���j׿j���"���_|��ŷ�޹���
                                           ��^��χ��۷���GI��9�xnr<uq\q+�G��n�^�{m������[E~|����u�����`��p!�c��!�7�[�)"�Lr{����ǧ�{���>8��SXy���2��|K?_�����`������q`��oD0m}�DL=8��f
                                                                                          �qO�Ȅ��v2Ԡ㜰A��T;Ul�ncF��3���he�8�lP��+��c*ْ�{5�8
                                        mP="k�qnڠz�֠mN{���2[ێ��L�A�}h�]���9k�
                                                                              ���9b�l�\4�   ���=��v���q�k+!�8��U�Y��a�����pI�q|kx'���*:�n���g����d�������a���){�|��ai��@Li R�_�� �@8m�����D/m�-+�2���G��F���Wz��'���e��|l�}�E�,{)?�)��ɦ�ySp��5�i��
                                                               U2��PH�XU^�� Us��
                                                                                     P�n�m�꓀�����r��K�#CO��]��C!OH/v�f*v.g��w�GI�xմ��6�8#ؖQ��
                                    j�&�&k*
P��PpeJPj�Џ�He�ۨi:����ʰ��s���F0����}cO��12�ʘ~Z�   ��D �jb7@%he�
                                                                           T�N�T�R��<j�4�� �;
�����;1n�fy�nwb�wk��G�Y��.���p�o&����:�Q�Ls߯����
                                                  ��ǽ��NU�.�#�v�!���]�F~��T��r7B@R���c�ܽ*�}�[1�U���(ك\�p��;Gh�
2����޷��[PU�z���d�� ѿ�7�^Y���^n�J�^�M��zi�z���z8���] Ш�u`�d�v��?���«�J�.
                                                                             ꤴ|�o���\�&[��o�9�n)`��d^�~��h�w��z�]�}#���>�����|��b�/٘�w�}�Q�+p��
LL�Z �FV���X{
                ��~_2^��w4$jz
                              ��W���Vg|]ݚ\�FwB�Ã�K��z���b|?{�[
                                                               ?�-�s�ì������{
                                                                                 �����E�!����=Ƈ(���  HC������އt�Hk�߷f�b�آz�MH�/�}���SW    ?Z��U6�����eT�n.�zu�
                                                                     =�K�
���c�`�U�D8��,�>(7��*B\��L��WE��aĨjl��A�Jͻ                                �z����^�:�F��"e
                                          RS�
                                             �v�^�����a�٠�r�}�N�+���
x��a�I2���!@B�VaET���ę���r��\ǋ�����`�#E����?���3Gٞ�-���g� t�\i�[%���s��:��gnGoD�<���Ԗ�����  �=m�����U�Ο~b&O�]��U�-~H�G"�0���~��\�����!\��Ѿ���Ǿ�F��(��
                                                               ��!���O34�W!����#�
                                                                                  ����x����GuG.2�C'q(9��%�"�%�$��%)��T��G�]S�i�,KwNE��GY��990P��9��`�������o��y�t0�#�%��g^%�!�T$��t���*�o�l�ίL5�(Qb),��^=�����,�lb@z)j>�JQ��(Y*S�~T���/�jtr:�6 #�����o�ksz8,������
    m����o@=pB5��)-cл�>_1V~|AְW��lL`8�>0����V,���0T� )NA��&�J(c��H���{�Q�I��?�yO��9e�����4CM~rY�N�ܱ�~�H�$��6��l"��7JV:���w�UI���.�3��q����#˴$I���Q�+���%�̊�&�x٦Ͻ�搋�'�����c�=�=�B�:�!�9\�!�3n�^�i�.$m�m���m���m���m���m�O����i�Ck�WU�ࠢ�����p���pQ��GY�s�����ɑ\�����=0��N�l�wd{X��4�����T��mQ���C�b�����Q6���?)��)@�I�|����h���GJs�w��ߍ!�b�e#[:g�e%)�qhz���5}�lc��Oik
                                                                                     _6�Q�����E�cCG-��:�Q���QJ���
�$��(1���3�W!V���yFWFG�;�,23��L��(��8n�� N�ZpH�>�qN���-'O�  �EL�la����%hq��'D��l�
                                                                                       �~9K�0R��h�� ��:od�=D��7��tPdE���N\W��h@�Q���    vQ�(�B4q%�肧��渹QWK��?�#�ed��Ii_���j�O��\4��v���"�-�����d�����������tV�  a
~T�U�.J�"T�bJu("T�-"43J�8�R�=��osC:�Պu�؆BJ�7�&��o���T�
                                      �}g@ְ=�ȶ`8ܛ�9m#6�=X7H�M� �w��������nrl����s�SzmfΞ�}w��_��GLy������k�{Ѿ)�?Rxಂ�E�Lf��t[�
                                  �O���̳D�^Ə}/�)�`��y/#��ܚZ%���
&�i/#   v��O����,��
.�2�7;��=��z�A��e/
                   ��^�a/��,6U���7    �G22?�፬$�McDa��xR�%�TqI@�R�XZ�Fx�f��lg�ط3|U��
                                                                                            �����q;ù������F�>Gd��G��.�$�ɥ�PT�)&x�ј
   ��"+���v�}dQ�+2��
0�B��Bq���PJ�X(�JU����ue�E�O���ӷ�M��Y��m���ӷ1��o��*� ��w�{1P��k������,t^Q8���Í�?{6�mN��.<|�Ӟ}a&��^���bZ
           F���F��'EJj+�V��+!֟������7p�!;�}/��f�үj�P�gk���k~-�n�P��V5�Hk�|�ea7�ں~���|�leq#׻�]ʗpv̻�ݕ�j@f>��
               �"3;���Y
                         R-IaY���J�o���Imˬ%   �u0�W��lR33{5���9~}��'���5|���b��@1�a�M%0\�&Ʊ�$梆4���r��"�X��Kr��    �OBIԁu�R���=��k�k�Wk)�8heC}�~�j��\+�����*� �m|}�?3����NM'���<k hv���m̬��_�A�U`%�',j�f�U�#PH[(N�V< ʨ�
�Y��r��ޅ]�D;}�������ڭ���W��߅a�����v��s�l����uNzݺ����B�ƶa�4 �$���I�1�$�~`M:    �$i����`�^�����o��i�B���h��J����n���P�X�[#�<}��Q�.�*7]h:�z���&p3�^z���n�[��un��ֹE�[��߭s��~��"2�[����#��T��ݢ�-"$Dq���XE�
��*�P���"�O�x�
��R���x+��T�WGANd��'���~�S;>]���q����M��T4��]�?W���W�����i�����Ø7e�O��`^��>T��ę�����q��G
     �x�
䭴����ہm/����� A���

                            ����3;0�v`�K���$Y���F��dp��

                                                              ��|�؁��C�|=����dg���S��1}3{�0��eo�.$�A~t�=۫f1��j[���ɚ��2�P���ˌ&@��W@4ŀ`f�M;�$gK�3���"�*0��i|����3ۢ�� $�,'C�IR�Ԩ�lt��)���6�� ݫi�ͦ���~pYֽ�1�7�e��=_���`|�w��
D�6.jBz   �
��˪� R���� ���M*��\R��f� Q�d%
                                     ��
                                          ��f���jG��
��Qf�߅��cΝ�A�;����wDl��K'��?4<Tz%J  *���z;!�:�D�}OLw�Ybfx��
                        �����1"UB��G�a���@���Y���OOS8���
                                                            �c"3��qu����0����
                                                                                �L��   �@�U���+�E<; _U�3vbȑ{V�W=�77���7_�}��f  �e~#��_Ht͏]G��4[��s,R�ߏ�%P�huyP*�h?QP@�,5���V��櫄�����Ak��Jyұ��b��m.�_T]�"���KY�.a��)�Ge���m���z�lf�ºK�
��~�AM=�P;�dM9۪L5P3                        �qT6I?t���e�}�ۨ0j�d�h*3�hW
�|�s&��"?�Ґ�   (+�1�+�-J!e֨��m]����欴���ϗ��vTh��E~�,?�����k���fr����4�oT��N�;?r�\��UA������ �HnBC`uEp�5�E@uGM�9�5�MP��Uip��E�|0�Y�1G
                                              )l��huWT�Sqqڹ��I�S�
                                                                  =�o��R'���]]*u�q���nv����K�N`=0QUp���U�:?v�����㠪p�Lp��ypY����W����&��R�T������؁�$�VG��W��lL`9�>����VL��1T�(RA�� �F,f#���sj���c�{A��W���*�2��2�����Ġ��I�?j׽��?<z��~4�����n���_��%����KM>�L�l��w�R&M�6{�2��<���?U`��*)�a3˲�k60C�5���j
���NK�p9�      ;%Tuv����6���7~$�g3�����ԯ��w�����&j]�H�m~(*]
&N�a����V��o`�֌VY��Y;"{����_����A9ն��� ��\i]g���޻NWE�B�u�!����d����Z9Ӹ��3pV�h]g����#)�:w'�H�{Ō�'�#�ػ�O6,r�X���\mKC@<���P�
                                        �(�H
                                            �\#J��X4� �6N�Ey=��*{I69�ȫ�Pi�if_J���$h�jI?��{]D�����!�eLk�5�������ʚ�'e���u�}����i-�|���GMM���&�+�⾠$�cM͏]S��*�8�
<N�NVU �J�"4�bJu"T�"T$J�)SU/��if����9�U`#X'�/t42�-
                                                           ��b�Q2���!LB�V �F�홺�����������)b�x���O�-z�ݩ�y4v���
ѻ�x|ؔ�2��xgK��]u?�e���,V�t���c֧
                             ٿ,��b�A."3ÚI.�i�o�A�(���F�(6�*��L���ҕ�&�.��j"�C�o1ģ��uI���3��~�wc���ﰦ2]��������L[��m�T���a�����P}3S�6����H4��ƻmޤ�i!m0ֻ����ͱ)���]8�A=��
                                                                              ��{����᭩�m��IE��������~^u�y
       1�4�мF��ѿ�usL�9U%���}܊�^H�~5��#2*��.|6�Y*N16
                                                          $��.%�aс�w>��Y�X7T�@�T�u��&��~�ﶉ{�<������*�����R�ב���)�Dט{=��������ο4�����_A�hc���2��L��t��c�O%���EKP�b6�`�(Tɘز��Y�P����EG5h�H��Ij�s����b��H�s<|4�6�f�����)��2�:bWP.�+�]��B7�u���Y?��cץ<�'�����W�
                                                                                m��m����k���:��SdC�Lk�z7�y�]Gw]7���f��C�M(��)'���U':z%1'.�׉M���R�)d?���N9�̯HA1Q��H�Q��,uA@�d�������;�3����S(�����z��lb?��O�ٴ�Om��ѸP`~C��~����]�Q9�@!T����Mc�0mx94?�6  �
���E
P���d�
      �$v�+��X�
�&���ܸ�e����!��v|ܣnY����:�\���rT7QkSoE���)�lߒ�U>�r�Q��0t\�n��eb���nU�    >.�����f��������^I_����8Q?�<�5����ˣ@
�<wt?�i�؎劯d��[�o0Q�!�F�CI���,1g��L�)�2�;���I+
                                                          3MyDc�N�+U�.8�k�5�q8X�kX�ȱ��h�af��P�c��J��U�.f��Q�٣�]4�s�]�2yg�lsFn���l 6P�
                                      w,u   �<�3�E�4�;��(-J�9��t�4��T�]_p��z:��B/��\���
                                                                                             ���V�Ww�Ma�T������?P2�g\�K�kp�dw�9��G���M@�?a
                                        ���?vc�N�F@�m>j�
�G-�o���Z��66�e��]�G��e[��v��z-k=m���hؾ���m�>�    �)D�#Ŏ�F^�qB���b�h>�H������i!��]�8�0&DP���Q8yQ��EG��d���93����c���U�
pP�4���>o08WٌpQ�i!`�Cd�XՍ �,K�d��n�L�:���F�졯"#���t�}dP�+��.
���cu�d�����4{UW�A��$�j��¿���9�W��_u�E�m��}��TK҂����~��U�2�ے�-�vi�8i��4�ٴk������T��4v�B�ݓ���;����DAv�wz��4���6�V)%C��>neDl!m��m��#1�D��6A@QӀv����c�Қ�n�m��6���F�AE���AK�\E���T�!@K"�T�VU�X��>`{�'ADlOa�����i�P��A�m��Nŕ�R�:����R�U3�˔���p��uv��ID׬�����:傣C��t0�p���x�A��eF���e�>]f�L��6���=�2]g�t�A��u�>^gt\g�-������Hv�>}t������a��Ӓ��c�H�И�n�@��"eZO:���m�;p�A@�~�r�Q��B���s���O���M�.4l�p��
                               �
C
��v���P�"�d�
            �4�B#l��E��Ź����V��[��_����G����W�W���Qֽ��{�P>>+��<Kl{�O�쩽�^��i{h\߄���������Hk��_S����-�b���0��-�5A��*h��=U�/��=U`׻2�������5U�T3��5U���-U���-U����-Uһ���9<=Ѝ���\U��_ګV���ܦ����M�P�4ɡ%�`En�W��g��eB�����v-�5���Z�
                                        ��������?�~Y���M[.��~�8 �N����V�w�hA\xg�2�9�����\� M��b_@A��ؗ��;-��G�|�Ï|}�|c�"�ٰȑ8   `_�1r���Q�2d�CyS�p"AP��z(�Fh�Ϲ��z�r��p>��E&WO�����O����O��q���쏬/���� N~��= z~�R?��zv,S�����?
                               *��"���0<{��v1���Baz�9����^�$���^K*u]��*̐Ta��׽���V3���
                                                                                     y�1w��iZR(�1`B@(+��Jc��7�!B��w [(+��T���5A�qU�p(�8e�f\�    >��b�t
b����R�T���`gV��=Xe"�ػ�e6.�$�ئ��n�C�@d��P��(�Hg�J��Z��st�Oo��i��Q9��Z������M�RW��C�ڌy%S�h��_,k33����JmƲV����f�
                           ��Zm�m�6�6�ʹ��Fm/V�%]������H9H����$U��C�h����`���<��LH�#�h�ge\��Q*j�r��_ j?��E�*JxՄU1���H�\U|aQ&���
�)��PS5�|TK@(�a@LSwl�q�׮����EN�a��p��6_�g[r?"e�0�r��E!D:��*�P����   ���;ؔ��\&���j�P��c�q`��#�����GKm�8%qq��v*Y.�A����i�RD%�m�H��@%�N|G��6.�s�(�O*�mZ�ǖ�6-݃�&0׎0
                                                                  l�0\pܻ!�   |R�x��cu�3o�'����J���"�U֤��u��R݁HU5#8�E$��/$��:&8�����AL++�R�C,j:��T"0>jDS� N�A�P���6q6e(��eX�����n����%7T��(����k�;ф��5!�C9�ή�A�v��8I��5Azw�r>��� ��
                                               u2�ܮ�$A��Z{rRJ�֩�kEˮ�����({94���&l�$~��LGy�\ps�(%|�4!%�����
 ����a��mM�a��O������L����Yy�B:{��a�٠�p8`N�,��-
                                                                X��a�AR���!�A>�R �FR��'U"����EĂ�:���t[���>Pg�m�ӵb���;��S����zY�Ⲿ��Tg��lO�S�=�\B<\�7p��+�m}��m}H��z{n�m(�����u����m%p]����zC\�+&}(Vn�od�{.��Ϸ� |���nL��z.n� <����O��z.n�{ߧ�m=�FB�}���BN�����S��C���~�����/n�
        �4���m�=����w}O<�>�����/���K߫�r�����
                                             ����ZYl[ű�������ް���˒}����U�D��/�o������UW͋&�a�eO�/g�����6�V��G�z"�'�^�q��ҩ��NU�B�c���O��
E���PQ*�2�K�>E@�Z�R�Oex*�F@�١V��e�:
                                      ʪ�t(�/XY5�ʪM�Z`0A�K�
cӲ�`Ȫ�*��لu+�r+Zz!�TW�@�MC-��PbҦƑ��KY�U#ࢮ�Oux��F@1)���Ou�B
J�C]��'��E]��Sȃ��j���e]5@
                         ��bE
                              ��b���4,F����Q_����z��
��]i�Ý ���=����&{3��^r��E���{��.������wQ�V駋�lum���IoU�>�\�S�w)�������
                                                                         L��v�i��ڠY/�^�󋷧Vg�\�>��_tCIxNMʹ���Q9�)���8��%�A����p��(��(#OX2�_���JZk�t>�*yq�U��X�,jH�|�U��X��kHv�j�C
��C��("ʢ�$W�ZeQD2�EI.�H��.&;�*�"�\j�E�T�H�?!�,�H�O�H��R�x�e�G�^����,�HN�F\�4�,����+���]��!�����=I�u��C�$|��[�s$��a�j�}�c¥\J7�᠊Q�j�=����q�労9F��0���+��"^�[h5��5¸5J$L���)�$�����4�pQ�:.
      |*�j�O�r�
4�bG��5k�4й׷H��x'���
                     2L S�@Ȁ�U�U�!2�.����XB�|���QV�N(�JQ���ܽ循]*S�'v� �J-�WYʗ(�{^��xT����1��G����a���O���Q~�L����A�Z����e���������=�|}����o�5���yu�so"�P������ ~�@~�O^�Kq;U &��_�ۢ1I�>%���\��`�
�b�0����O�E�>���R����Cbx��q�L����]���%X��
$ry_���S��% NX�1
($�����M�E���L��t[T ������!9yK\xK>yK
ؽ%�o��Ǐ��uh#�s��8��^,o����8���G�zl7Xkq۵18v�&�`��-�m[yK>zK;yK\xK>yK
                                     qQÔq��P>C�Fȟ!��Yt�!��#�ԁuL@H��gRӏ<���_ݥ���[h�+�-���U����^q��"���D����z%#�=�n�օF�Y�@ ��RJHR��.��_�u>p��ٛ�J:&�|8T����������(�P��(v@Q%
��U��i^R�W��,�tY�o�����~�\}��Z�_���*&�]��j��u�o��
�H��s/���mZ筙5��<�A]�ϳ�����{>胎/�.e˃�&�:��-
                                           �AU?ұ���gW��X��`�CF�R��1\)������
.�@��2z�W"�"^��m/��q�!`��VB�E��9h�T:╢��x���`(
�                                                     X�>kA66C�Ɓ�X�δl
  Y4��"�&�[��ȭ����S��NK�o��%.|l�T��e��
X"�)`����%.|
X��%��yX�n��gᧀ   mZ���`m\,��!F1�µ�A���zY
                                                  X"�������J��H��{3��i�7w��c�ou_�Y����/�[_�5����-���t�.�a���e2�g���h�.����3p��)Jyp*B��e�LQ74E�9�
                                                  ��Ú��'�M��o���ix���$]�|)I�t�w��d�xx�)K=�l����u^kO<�y�q���l.��S���M߬\�O��ZCVR�9��ꪵ�C��G�%��U
                                                  �s�a��ȃF�qX뙚~ۘڿ��c����U�ea���v�a��K��v�aY�����t�b�{A栗��l`6�&0��X�V쎫�0
�&��T;5�w�s>h�s����R^�1�jo�/�!�W�/o����i� �F#c��H�s�
i}���n�Ohws��M"�}�{�����(�s���~N�3톑�0   �U�����e���
�\䜀�"�>ߙR�c�)Ww�T+q�3m���)O\ܙ6���4(�C9ܙ���r������E�N�mpu�K�kFCܙ"����F��"eZ�w�
?
 h�2N��S�BA
            ) *�>+F��Δ�r�3U�42m�n������o��˃��3�['�7����t���{�}�S��a��OrýR�
���r�"pNѾ�\��J���.�
                    i��ըqX�"ck��j���B�ܾ��Wen]�<:�;� `�7��8�*���d���J����R)���~BG3��~��S�˭4��h�� yL��W��t8yE�!���s|�������������8S�@ԭ�֫]�B֞wB|��\�:��|�O/�N�^b�*Wq���?�n5�' �q�B���S��w6��ϋ�+�k���jƗ�˛Q���n�
o�Ulx��9���)6�Z[.�9���|�� �s�k)��H�mq�Q7%�v8��?!�l�s���v>���#Go�sC��D8�@����'�����9G��9���
�ɾ8�@T����s%�I�g�9������M�'ʚ�;G�yK����  N�NV��j^n�ǏG�2����wP����Oy �����[��+���BmϾ!�����l���~嚬K��2����[�S����B�����P��i~N�͐���=ƠPF~�N��KI��O�����х9�h��k�E遄%J�����K�#Ԅ��
�1����B@�y                                                                t,A�RB
         ��km�    ���k�P���y�nAM��VT�s����ғ��+����XC�I(í����=��G@
���M�'d��� �c������D`�i`��Q��עD���&&��>��
                             �Rb"('�*  �i*�vJֿQ����D��nw"��=?��Sث�>6�q~�Ҧ
�k�V���X�@�
             �&kHK#��Ue�9-�ky����`�Y2�9/��%W!@�,Ӽ��D,�[��S�)����/JLpQb���Si_��"�9���� �)��/N����`�
          e^����������u��8-ٜI@�yƆGs�'��7
                                       �    +BF����֟^���9������/JLp�xv�  BÇ��2��<^����^i|(1������I�ӧ��tZ����O
                         E�_����P-KLYꂀ&��H���,N�N���T��9i����鴕U�4�OI�l�?a���-KL��4M06� {��bbA�+ؓ�鿿�F���ޞ��0��d-Nd������{�u)Z�ḫ1uJWd[F���\�v5�Y��X�6%E��.�S7$a��N�F�ɑ]3��֏��8����n帤��89�F0.å.�KvYC�=.C��:"�Y!'$����:Q���N
H�Ӕ"m/"����dnUF�&���K�գ8(�Ppܹ��@���� �TF�h*���䤌Ԗ>vI��`�oܶ�3;�򋟸l�{�6��Y�W�|������+jQ��=ď߾Y+�����|9&�����ԛ��=.�b |J�Ma���A����1$(WсlDr5 �\$�\�@�#��%�;
=�m                                                            RbSO��$Jx�Rbm$ˈ�>jY�0A����Xn(�Z�H
x���    ���
�q+Jz!��K�SBl�Rxf������
                         ڤ
    ����7~����E�4��"*}:'�p�K�SBl�d)&�(b|@V��[��x���}ZT?��|��0Ġ�(Q��*!(�W4,F��bɫ���n��W1�A�)��A��w��nVQX��"��"~�'7��9Dw���������������|b�m��O��M��i<�����t[����m��r��O<��z>���"m�{�\\b����6;p�m��Ê�sW��!�!N!�pt`�  +2F��|
�˟��/�p
1�<���?�B0
!�����~�$��p_�'��1
�t
a?G���4��i\�B�B�����Ї"�F�K�%�I�wN!��4N!�;�B�}q
р�J~Y�B4����(���[,N!(;�x
�`���X�B4���~�����n��wzT���ݨq��Gs���'��d�"A���.�y��������;b���(ZF�TJL#�    �˭%$�.��D՝���w���wS��4n���b�E*zH1�9�qJ1�/�q�2a#U�y�p�긦�����љ����S�h��)
                                                            �:����79�����B�D�1�a��:Ydp]���F���EaB��*�Pĕ��
               �w^�,�e�/�~�U��_�ae��S&�h��������IC��
x�y�~�{)=�p�6��3�l��Yt��Szjc�6��)�s��lI?�;�%W��rH����v����
                                                            _�Z'���v|X'�0ts`���6Qj�բPu6r
��M6N�T����=��h�d��
                    ��)��j3g̛̉�f����8a8��Gw0mrO�
                                                �e��x͇��'�5�|�L&d��s���w+@
_ /�Y�,�A=��$��ц��C��ܯ�*l�w�Qܭ`��t??��Ċ{y��{��
                                                  |��|-��|�qޔ8b  �vM��-������ܱG�z�W�B#c�h�v��l=�Eϻ�RzO�z�Q?�+�����T�(Ս
�c�QV)k<���G�`G���͑�mc9ȉ-��t�L��`�Pz��f�:��j�[;������B�yGDۼPH����b��
(�c��[,���b[zLQc�2�?H
                      '���m�͝�Q��ϘE�'��c��)kd���tS�?�x=�$Gi-�:�%P    )�2
��G��_���="���Y��4�R�C���Lk���㲤�Kq�i��{zn OU�W�_��������]MƜ�v�4�"�Z��g���Ώ�/��&���f_F��9"��R��m�(�A���Q(�r+T    Nac������*��:�����ϻ�?1�}u��)$t�2s���LQ�/�`g/����ř��x:X'��`���#t3   vt3 vv3 z<U�0s3�4����n���cN~q�J61��l�y�J�G3���i�3?�l���#,�����I����7w�3    v�3 z�3����L���L���h"jQ����Tb��~���[��o�'�#uw����a�H�4���p4
                                 ޹��]��A��Oź�Hś�[�7�O���m���z�����M�|'{�l������7�g�M�u��u�z���%o��$����{O;��[�����dQ�w{u����@�q�w�{鿏zZM�؏��(����ۢ�����������H�l��.�d�m��~`?�BC
�K.�Q��,B��,�����^'�B��H⢝�S~\?��GgA��s���9 }\���FI�1��)����^�=?$�N�z�$�'�9�dL`L�w�ѿNK���2/���������:!��T���g��e���������������g���eb}�H�D���{�L��uI���z����E��⩔BAV���?�V�+���$�g�纴�?��IY�>�����/-���X�LŮY��C/^���]&v�.բ�
                                 ��+S~G������öЋa;���/g����
�Y/�]���
         N�b����>����v%�H)t�te���
8��~eǕ����q�)j�b�P����p��R5��P�).������Ȫ_U1�AU�p �8Yd\��<���K5 "VT���K�TU^�9k�� ��I�U�&9&L*SEf�5!���QHW(N�U=���R
��R��,�l�c�Ҍ�d*�΄�����G1ͼ�e���$��~R��D��6�B�Q*���ɼ}����0N�Y��x��E^_׋�H���R���pj0����Z9�'V��f�\26��u�Ԇ�����z*τc�v�����ܶ�"��M�Q
+�W�2�*�       4����;�NUw���`�o��ن����:�̪���sd���wn�D��c�wn�g��7�jP���#�fa�7i�ab�o'�G0b�2+�}��Uƾ�lA��n!����x�6UE �u�۽(<��l���蟳�s>,AG?T���8����c���8��N|����;��+b�G�k���L7��?�ʃ7U��'�7�}Py0KUy��x�j�ďh
��AQ4�H�A�l7�g�8?������o����[�m�B�$0���V
                       �sr��wU���^g(
���y^�z���y����<ߓ���p�'��y����~>��=��Χ�9��|ώ��y��i�ǳ�����<���y$`�2����#�n�8=��1R��g����+�`�f�5�J���V�8x����T&�hF�'f

                          ���E�ٽ�����킯F��~���mD�b���i�1�E������3
b���    ]1�=��ؘ�B{"B�r�=�+r���D�ȷѯL�X�X/�㱞��줃"���Ku��κ*�|@
�"
  �Iъ�$@1Ur�@+aE��x��/GS?: �������э�K=�)"p/��G����זr��W욝Pv�V���B��w!����-�r?Ʃ�#    ¬
    :���O�~��@Ta�iT���FH�ǉY��-����>/5I-��=�@���}ě��
@���gV����� � ����VÏ}��GVE8��,���7��hB\��L\�iWĊ�aĞ(lĳ�v$��@2�-����G��@�>������{:I�Q]
                                                                                           p3,�^���I���)q@6��"��1�)x%��Gv��Ζ7��@��jv���'�#nu������H
%A0uƆ2!�V����;iX�5,��cT��Hz԰�3N�$��塽<�              ����w�kX~����Iö?�4,���HE���d
                                         Zqʠa='�����а>������6iX��B��TO֧zҰ�S���K��}l� ��5�����Ǯg�MT���v
���,
    (   \�(\��Đ((Ĥ(2Ĺ�<$�(G ��P&nd�
                                     �m��M��
|��~��gòAA +�H�*@9ȟ�T�(�m멤�lńpt��&|c��[��#t>�5�w����0>�yw��A����']�e�6~�����ڟO�
                                                                                          �Λ
                                                                                            A��
 ���
    ����lDū'�σ�o��3��#���MN/�=�
                            ^�����zt�q�z�v�[(�f�(�JS���绂��%��p��bo!�qo��#�R���#'���Z�E}��M��,E%�jDu��M�"�D#&Em#�M�#qd+�Ɏ�č̏U�d}xF4��/��[u-�װj��H��d
0ҧ�)U�<?'9��ˍ�����]�>��{�ʼ�=ߊ�l/�[u�nv?���Q�������Wz�]�Dڥ��lyi�-���G�vG���N��<2�T���Q��9=�m��='�TôP���ߥ;�h�v�^��}/O{P�O[�hc{K�ny����%���������x'�q�9�F��˟w��W;AG�����QdP���@$��?�����L6�;?��m�#�V�o���Y���ՈF�u��G
/��m޼`�Ì�TNy��3�z&������e2_猼T�yy;g��m����c�����J��۩�K�AB^p�N�U�b\�ۥ�0�����j����ĦJ�:�P�uB.�b��s��8�<:�FXP-
P��&�1R:'�5u�3�K�wJSB����l�32f�Y�����(����E����<����g��?`�ы͋yܻ��S����h�-װ}G�\��*��V��{ظ7����".�Η./!�
          U���>����{���R.���A˳"0�Z�
                                        M�o����c�功�~�O�����Q�K%�w��i�(�ʮ�con�\�h���Z�}3�Xa9��J�q�P6.3Hw�.K�1A����6�`|���w���մ+�LP��vE��   Ɓ���)>�$�Ա}����]�KX������l;~��7��;�G�(�r�4���hC�4�M�,�7GH�� ��EJx��� �*��$԰�\�#�C�,)p!2]�'�����o����8��O)��stZ�Cf�7ɰ7��ຝ�A
�&0��F�I��b��a� � E$����Oib�4�~΍|s 9jJu�66[�Z���g�_���_l����i��.�m���#K�RQ�D0����6m�K���?���@!��\5h=@���A��v�����������`��(4I (y��L�@�s��
                                                 �3�h h�x��C�q�P��c�����n�<l���_��67kT�K���Vm~aH�&�<링h��� ��N=Խ�i��^���(��4�Ȟ .!��8�5��ש{ACtB��^�ZwhT������D��$� / yx��B~��c�ANB~�y#��
��(
    �2�C.ʗ�!/�U��w�(��� ��B\5�~p{�)���4G��z%59���}�*�{�y�֟�!{e�r�����  �b��Hy�oug�@�Ӈ����@��<S]1�b]b̎OtU�Pb�G/��.�|Q���Iz�>��B�nR}|:�׷:�_
                                                      ��!{Q>�2��^�\�U��lm\���4������&%���xmRr:]��|mB���I��tmB�ӵ  ��
                    v�7!��ބ��{��{�"���nG�6����ٿM�lv��+�KÉ]�����lF���[�N':^��N';_��xqR2�w�j��F^<[Q�<,dH�s!C��ML�yhH���,�O�&�d3(�osF���!
                                                       P���1��N�&J+��O^��2vD    4�r�Sˡ�r�d�x�a�:�1G2��?�{�4�N�m�JV^I�O�v�&��؏�v�&�i�����L8��5˖��xwT��Z%�$H�����%M�呺��4϶h�#5϶jb$�9϶je�n�7�#�KPN�W�h�+��q5�q6�NZg�2;��kp
                           d���4?������З~2����oɗ�������e��,����b������%r
gI�"
     gSM�.Y�8�*E���pE��:]KO?��.�J
                                 �P4�8�h*-p�}~�D��ĳ����m��,M��\��"^}�)�J���Rhڢ�����I�m�i�`�Im��C�C��Up}�
��W��U���s࿜�eZ��7�Vf`=E��d�z�gM�s=k��&�m;uM"ةk�3u;G��l�h�m����!z��n���c&
~q261�vt�f�:̀2����#p
Xϱ3��eBf�s�VnT;ـu<C�)x�G���X��3���
              �l@�
��
  �e:3H0ۀBg�����6Bgn�X`�E�x�(�jT���M��Y�M�����gm�JuR:��p�BvZ����J![�<�R��b���s�mT��j����6��{��I�&�����9{�Z��9��l����F-���7~|�G-��ߊV�CG�V�?�ćM0�Z�RW�
��yѱ߶�RA����b2Z��z�"'F�h�P���3��G�9��_m�a��du�[U[��JP6K`Qd�P�MM���`��\�(@@�[�"po/��#   ��S��*đ�_�E�U�%�'<j�f�e�#
@H
  ] N�X=����
              �(+����)M�r����-\ZC�v�e��?\����bf����z9�RU�?r����[w4��o���������^���H�[� ��9m�VH�qn5�x^D��˸1�����z+��,#p�*�.S��H��T)j��2��2��2�E��ej���ԀG���N.S�-\&��?t�0p�\8�L�wp�tp����2���e������I1b.�a�\&ı�:F���Z�N.��.Su[_5�L�U�>A���u�������    :����3��3��35����"��O��k��p�L�XQ�
 <
  ��V<�l�ss�,J�Р�ie�>�m��Q��~�����
Ϳ       �OU�MxmJn�d�����[��8���-���o�6���v���t=o��nh�l��[�,��<x*l|�l0N��|���ID'G@�9���c��$�^K/�
�0;�$�3���vdr���(،�p��?���I����i!��X�E�|Ł5E�Hm|�P�9���vN�GN)ę��u"�H�|e2{�Q���j���"򎌈\fv�i"��z��m�(�$��f�$�_��*�L��� �BL����ݟj8����?�ȩA�'������    �l�4���iГ�C���Uf8�>T��`�4�����gӧAO�OH�����ѿ�v����
�0}s`���dQj�բPu6}(��h�P��ᴘ`��bO�kp��b��O�   :���jI�s�%AO�OpJNw0}��L�5��[�Zڌ����ׇ��N�ņ1E-J�Р�ie�ӧ)�a�4�>�>��M_Φ��+������3�9�ސV��O'�ǧ��������d��f��T���뵜����)����� {ޤ�>|���I�΋`}S��7  ���P�����q�7E�F�9@1AG�|%�>�V�h�Д~���o�0��`��y|����$c����G�]s����1�N�;y�bL�����q]b�j�F���X56f1vb>;�"r�
          �|�_>;2E�SY
0��9�q��!DI2T��   QP6�xB���:q���a����P����+��8�?����ܪ�f
endstream
endobj
14 0 obj
<</Filter /FlateDecode
/Length 21916>> stream
8;Bg��eW_�L�O7�����I��⠕ke��6�6P+��<|�(�z
                                                ���^���?����������^����ch��1�����k�JxK����ח��_^��� ��!s���Cٶ�������^R}}�u���ۖ^����z%���x���-����牢א���?��^�_���MfB}+[�_kx�j��]ha�-�L�����^�e��ۖ����ZJ�f�u�)�=~
         Z��T"ez��q�k��hT��؅���4j��ZA'jWjA����������,�R3�@�o�o��Z�;��:j)XL���Զ�X���=�rh�ft�Ѓ}�m�:�uK[��2het���A�u?�yP{�-�@�H.����+}2���o��J$�`Aĺ��
                                                       ��|�����+��h������ɵ�!����+p�h��yN�ь rS�u4����F����Ra����ѵ�
                 t�ªM�����Sl��[���-���6�
                                          w�sѸ��������?/�P�@:��<�@<طhց#�%�w�a��DV'"RcҐ_�;�����L�nYȃ'Ru��O�����Ɋ�7zL�}6��M����DcS"�����-�y1�u��N"RG
�i��&u�����Љ�d��y����8�b��;�,�8d,[n�U�`�zM�l�$�i��ƃ�7��Ήv��F���9Q�vN����!���5I+��D+{;��hW;'�h���F�G�4)���8����G�cB0`�m����3�B3�����
                                          �0���_����^�6F�<����T����7��R.T���ڀ@��q�қy������#J�C6S�E���$���knTF'�i�]�6j�[�h�ܨ]i�B퍯�R�Ɉ�Fs�A�JI��y/-���cxM=��)o9��V>�8T)VlXӬR�?�
 ��9��8�#c��׽��Ѕ���xLHJLR�J#�H-�T�7��G��+�S�:Y�Ah�׻�Hmc�*�,^�c�1:���<�6�
                                                                              �����a}�� Q��&�A�־�̨"�RE�&n� 4¾ݑzv��2nP鯠��hPZ���1����2!����D����a�c��JXS��ǁGl�g"�x����.]f���t��B<���v��Z �\����������(����+l�Z�6h�^;1>�C7�:ƈ�D�!�߈V��;��J�tY
                                                         �iͿ�*~~��9:@)��ad�G]m4��6�-������h<��CW�
 ��Oʓ&�W�]�e��\n<�F�4�.3p�W��,�lA����SzuD
                                            Dm��A�������b�3��r�B����FSS��I��t���ǿ��׿
                                                                                       �������_��@|���������oۖ�������
                 !g͵��������!������������/�:���?��X5w���Us�?������
                                                                    ��4)T��$��K����ԦG��Qm����C*���E8������I����$����Dc��el[�9A�.D�<�x�k�iƎL�2S�ȼ(��vds�Q?�(�p#�������P�.����]��C��7��`6�v:�u�g�ؙ��G������J��}8�J*��"�vr�L����E������G��z���k�lꣶ5�{�:��@[P���8sѾT
                                                               �F\��I��8R��h����>���2�)M�O���OL�o9�僷���~ڊ8b�*����<��H#�H-�TqUŤӪjж���i�USY��[���4%dˠ���Ḫb�eU��Ӫ�h*έVU�h�|��#��ê���hm��ށv�
�_h/�uQ2�WY��ʢ
'L��\G������CzK���/�(dr#װ����#:���ڞ���oKY ���N�����z�j�=�f���Ah���C�o]�H)~\�W�d�GE�{a�
                                                                                             J�ٕb����<Д��s��ǭ�uM���m��e�7~�E��h��4^^-��Q��(TZ����`�B���4Z��{Qw���H��=��6�D�Ƌ*��]��7m~M�k"�;�I�O)e�#�t=["��X�u���)D�5z�������D��u�0�Ϻ����'M����o����8h<`�c�:���A��&�&Y�b�i�*�W��Qi�
<g��Ě�ʠo��d(P��X��a�F��jgP���h� �e$Z���O��v�B4���E{�c򼕀��^p��x��x�������}�jX5���!�yU����(���挹���������y�f
           ��+K�����0���,_pÈ4{Bn.�j�6[A�m0۱b ��-6���.�[qÌ��qs���S�]�A�]ٍ�x�.eR�wvu�_�OrnXP�-´�
�d���ɰ��6�d/��P�od)_f�(���^M���b��(N[l@��k��d��b��>�Ȃ�s��d�cQ|�(�AT�-�k��}
                                                                                      2Ma�oY�)�N-=wj�UT&+����2[�@���h"�+4&�*H�Ԥ��lrU���aaߨ�9ә�~<��iX�2��G�G���+|��n/V ���i/ܭY��n�k����l�����3HcE����A��|r�
            ��C��k�A��_1Ӏ�K�Ae��":�r�Ǔ���gL��0W친0�;,��p@��D�����:>  �)x/�%��1΁x
                                                                                             ��F��ZVeQ�bHx��U��я�Y��h�G��{��#���{0�g8[�\N�p�p3�[���(��?��ӓvǴpU-<-�O��5��׃Z�����ը��?T����
         �o?V��ǘ��O�v��
i��Kz��98&Ye?Z�r�˘)���c��+$Ux;�r%W~h
                          n3�*8�wyL�Iq��SI=�l�L3��  -�_�ppg�I[�`K��+ q�5���C!�Yef�$yʘ5�#�n^�đ߯D��]H>B4u����&�n�IY�]UB;y�8*�R
?���o�K�J_38ff1�=8��C}y�z�a\B��Y|G�:���)K�x���19��m����Y\��0�t�%����'S��/�f�2���p�{h�
                                                                                             ��F*�_bg�5��%kL'�gPyMl�"�q~ڌ'E�
                           */hPvE�jR+#
                                       ��3UA�D��Q��n�Bm%*�v�ڻ��
                                                                   B;QF�E9���T8h�*D��oY
���4�t�Y;�����+���O�V���iY����[n��2:g���t�=�׭���V���,*���'�>ah�)ЇI�آ��|�4�^��s��dyshZ>E�-��K�S�q>L:��0m.�<��������q�2�48���E�w���r,��P���@�,�Ż`�/��j����Bi�uts`����8    R�N{��Q>L�%؁uIVj�ôK�S%PŖL���#?�R�s�ϡT4mꣶ57]�|�h
�z��������k�׫k�׃k���k�~w���+�Q�[�0p�i��[���2<��7�<�X���+}�=_|�=_}��\}����{��{��{��
                                                      ���g�H72�*ӣg�g�C9�����3H���Ȭ.~�k�����������.4��\�"�&�x�
               �O������ŋg�Z�:�b��h����E�JWϠ�����ϻ���<վ��x�}k�r��h�S�[k7�ډz>�N�ө��՛S�D=�j'��T;Ѯ�zr���+Qi�xB$ڣ��;��?i�e�j��ʃis�W��r}�2G���
                                             �I���%Ml�릍ƹR�V�״�"��z�oU���J���h��'�\��l�*�/.>��t}��X�<δۋ�3V hT�jhmm���ZC�A��=`'�E�(�7؞Il�$���]`F��zG�,W��*�f[��mB�'c��y��u���O�Z{��VE��K^�C{��G�ڳK�@[��Оa���"^.��݄��E�b��d渉�vZ�B{�(O    �vI��!��z���6Ƴ������I{�GA�0ߊ�m��cN��bA(��X8\eؗ(!�۩ߑѫ(�
�b��gf�\����)<V!EY�J*��D��Q%x9���>�d?6 xllЌح����� �B��0��Pf�

!xX(3�4�K=X"z<�����PV(*_�K��mE��^����D
                                             �,4�p��E��n1�`���/�gۯU����4�]�y������69���<�ſ��]�F
      �m��q��Y|:��li!5�
                   �����
                          _���
                               4�w�������!�uh�G�ƢOwr

�Ϻ�c�I��7�JT2CDb����l��e�<s.4����fp��D#\9�-c���g6
                                                        mn��Pd��;q2�睸��(w�����zVL�A#��B���zk�憢�`,�u��JTڤ,����<�=�U�]��:��D�v���e�G��M�:,Q1�v��V*�bo��ߎ��!�y��s:P::ʀ�t4�ѩ�j���Z��zyͨ��F�W�
      j��m@����|D�r����l�NU�f��sHa,����\߬#P"#?`��1n�_�
d�x̈v̈F&����CDv2�v�R�fD���=�2���Vgy�"dq�dq��v�1o�2���\F��՛�,�W�0�e�>��˛���8�pz��z\�lE�7[���
�P��%��ȊmT
�S6��6蛨5Z"��W�z��D}�Πf{���Ah+�H0*�8Z���TEh��-cY�M��|8�i���D��~vp������W,
Be�o�?��� $��ǉb�/=qjhG�a)�`�����h3tπ�h��T��a�D;/��F��pP�H�s`� �K��RB���M����Yۖ���k4%VX�v�-+�e�)%�
   ?D��Ε42ԹW���C��b�i}.EUr%��#�<���
6`�[1>�U���L6�n��Ԋ�e�)����0���ݏ��x�v?\0ݧKZD)-�Z�(�J7n(�A7nN��1��h�ggk��Bi�t���
                                                                                     �@~RV?<o�4��^��)��{�Y���jI�(�1e�+nPޣO�ܠ��{H�(e6�ASg��xAI�5���
�3��@+ �3�����Y

  ���
�A��L�BTw����i2

��9vΡ��_^��    4K��F����9�f1�w�Y�D��f��H4,%��(�0�+Qu��\!���{DSO����:̪Db���
.�فȏ�r���T�JLuzA����

�LmzA�7�&^P�w���>����ԧ���1us��lR�NP�^��    ʲ�Q���uA�D��Q��j�Cm$���5�{�6��A[Q>�U9���T4h�*B���q��Q�*+:Şuv��a�D����.�+��_]~����8�$/����<"���#ʏ |a��'�O
                                                           �W���G�Ü�3�g�ƫ�'��������?
                                                                                          ���Mz�e�&�"�*���?��u����������'�
                       �2ف\������fܿ
                                    �Â�?��?g�M��d�^f�g.��X㪈�ܾ��y���4�u|!��rN^�xR�9��RF.y�|�:��9{�I����btNs�A�Q�� [b�<�Qe���4�lT����,ɨx��-/U�\T<��a���TT�&{.3U��V�g� D��(�4T���3�����wz�ia�/�̑ˡ��n�r�0��9^�m�lj���P|�GBU�w,�0�_P�M�+���rf����_��:�4a�u�{  ��*��Y����$Q؛:�Ia�k�� �P
                                        �E�V��Zg@���`� 0c$��
                                                                 Є�jBT���y}��S;������oa9�`���6�c?ƈ2��ޮ6F�Gs��K�:F���#�z#J���Js:��J���+u�F#���A��Q��a2�6:�#��8��:.`}R�2�3�������P
�g�%�΀:C�A��A` �H0%`9�؛�)V"��ӄ�f�=�5��n��
                                             ?��9�W��%�!�����v�eH���<��G5�z>���K.C"]�+�t^�H���D��W&���2�����N�
          �w?$���qZ�q������\k����~�i_c��Wv��ye䰟3vY��e����2��畇h.畉v9�L�s&ý]3��ɐ����D8�W&�5�!Qϙ
    y�d�Y����<�\�弲T������}�d�Cs��d�2�WY�}~2�!A#{ޘGn�gQ�_M�l{���?�
�}��o1s}�6]t���'�۞��un=�_εX�;�ړ��xw�۞X�׍��-���kɉfC�]`NԙC��r��x�F�W�ͦ
                                                                     vyz(�E��y�:�t��ΤvD�ш���ŃO����h�B��"��ڶ��;=�������s�ZL�v��Y�Dճ��4�5l��h�����N�   ����;��["��D���*���t�b    ~�|%��5S��5���=����yC���yC��s�9e��g9��<�Y��DnwNx7fr���%�5�˵�&<K���+��&�����-��`���PW�3���g��ډr-������AU�5Ϧ'��d��ȳ���ږ�4���q��yv�r���^f�D�f�!*�:pv6NNp�A�Pj;L��x��<=&��8=&*������
z-�N��'����>g�z��Λ��?k�O�w>�t>������b���f]�FVYey��<+[�̊�F�>N��zN��t���Ƈ��ի�.q�G��4>D=�� [2Q�㴘BEH�i1փʥ-�V����4>�   ��|IーE�ʗy�I�-������\m��ڏ܆��'��d�k��=�
���̡��깐S��"��Y����h?ې�=�g!��6ɟ��~|�ў��#]�(�|5�_ɨM�������Ʒ��v�w���3��Ӟt�A4�U�I��n��=���9Qݓ�}Nh�dg�z�����{�ۜ$��"    Mf�{�cK�Mw܋o�M<�D�cP4��9����t޹�D�W�Jj1�������g�ڮ��V��t�����X�ϝ�q��,�Y���]�_e��\I�S&�ϵ�[���=p=Ǝ��;K�2�ufB�c�5�ؤIM��{2hS�eVoH�a����z���[�O��W>6���h�b�0C�E�u����|_�����9�<nI��x<���x�(wD��IV�h���hH��6m��S�jp���hgH&���:�
ML;�-1p2$�#C2��ƍ%@��J������
8d��4�S�Q�cp��#�M�����Q�Q�ݠr�Ce�=Ge�QGe�fD�v�����*��*�Tnߊʭ���7�*/�D�q�+_��Y���o�=
                                                                                           �>+�p���#�����+��#C�0�+�&�iJM�
                        ��T4
�� �v�R�.Sj����D�-~�TJ8s�p���9�%/�n>-�6q�`Q
#��Gh�~��D=O���q�yD� g3Q��4�(0���0\��M�,Q!�p�V
Ao
  ��߀k�!C@g�%0 Dc�
                     �#xf�
����A�]U|(�:b8(��.��>
�:�x���#����fI8T��٠
I�u6K�dm�Yyd$����E��d��Sg4(�h��:u���.PH��l6�lg�
      �P,,� ,
               ���V�������m�Ba�o���(l�
[����P��
[����P����/F��o�Ո���y�2�?��ß��Ϲ��g�s�s&#��8�\b
                                                  mS�c
                                                        ����%W/�k
                                                                 �9,h�w!��aA۝-n�>�dt�Nb�"Mt�;'�����l�+'�_?��<��{d\}R�@�d�[Xm�
ڋ�_�D6]���v��§�9�Ð������y<�����#�9~D�"��[`,r:< �9~D�"���^�����E����N�������)�Vsx�)���Hgd/�� ;Q��N�3����D=#;��rKU�]��M�
,Q!���VLAo
            Π�|�!�Hg�!)00Dc�
                              �#��_F��>���~�U��q��]��m���Sg����s��ù疄|�3��m��Ԋ�'4�3o^����u�Q�G�C��Vۅ�rB���W���R?M�����`�G[�ߙ�{�^g���L��<r�N�?�k����[��!2
                                                            ��=��N;w#EP�c��/1_
=D�ŵ]�CD���K�f�y9�l^kŜ܋;�"�͔��DDS�B՝����P�NC��O���_��hz|�۟���o�ug�C���N�7��k����xux����7A���jC�����U�򎎵��߹<�6ܪ8�v�#��u^+L��k���8���㼖��v��2Ϋ~�7q^   ���vyr(V����NC�pQ�\��%Y�f�i����/y �(����z@/��X1�RP螵
           t�z�
               }�7��}�ܐ��`q&�L�����4P��
                                          �
7��>@(R%�QB?�x��T_k�TX�G��گ�Ѷ+�5
                                  �E�k���vŵ���Zۯ��v��*~��g�4-�tS���M'y7��x`������[��G�3��a�S�4�7J]I�n77l��%�F����n�Q@@*p �bP,�E 8�� M@�!
      �@��@�
��6�@�     �@?
   ������|��WPS
               ����dnC�瞧m�Z��O�ރ�z�����i���xi�oyd���� ���
��7��op��ax��S�p�8�Z�����/�p6C8���bŸFA}�z�2PQ�(3t�ޘ�a�C6�ə@�4Mpj�ߴy:ư3��p&���[?�`+4�nޫ_ǵ��j[��v]m��/�F��j���lz}Ft�a�k6���Ͳ4,�<+%�������hky��vλ��xt�+���/��s���9��]9\V�9�X#�y^J�3��\���/��sB��_
JQ����ưej���Z���7rE�����LvhAq(���O�2�0c�>�}$��(��fM���C_A׍+`ƽ�f��Vfٮ+l�������E���S˯��fʙ�`.�3�-���(%E�*wB�̝ ��۽�^ʄ�����L� �u>J�3p�
                                      �DӍ!C�����4q�h��4��hoe�:7�l�����Eb��6�=#pӟg�.{�m7�p/g�&���^o���g�&���vn����ig��M�[��M�,Q1�vt�V*
                                           ao���l�!�@`�"%2�1E���ғ?�E�
                                                                        ����v�)�NA��}�6�R낫3��޸�a�K>����m����t)�Q���
                     P�딿�tb�Ӝ�N�SB���uJ�~=�N��O��(��)��.���8*����6�N��ǔ�}�f����mƣ�y�|N!�
                                                                                             @v
�~���Z
      ������5
N���Ĺ�"��,�L�'�)%���z����pr}�r
2�����zN�(��|r�",. ��zH�D�sB'�]:���i�T�i��2q�r8�n_��@=�d�"�Ek5(-���8�VP/ ���hY*�~��[�gO��)>gtz�y^~<{���s�e��
              ӗ}�v�:��"_о�U�!�y���ڣ]�<`Q/Hiױ���2�vI�HD�-��!풱��|C;�ȦC;]�N�9GY'߰�׾7!�
i� ʽir��}^'Od��CD�x~��xy���i�6�&{~+�>o�����ݏ�fq��ǚ�e[S�I;Sd�`;u�𶂌�Ƥ"��Yd�b+G����i�I����ضʓ798��<f��
�؅&e�E�����ШM�j��2��+�4&V��wa�y��j�����U���2�ܣ���l�C�GA=_r��O޽U)�+�zz��(���-"����������s��e)K�=S��"�oX
/X);/%��r�$�mL��aG�~i=h<9+B��S��q]�<)4����e��
                                                  �y!],��A�    d* ����>$�wE�EҌ�
m�Ţ�"��5�79�_�gvT�@�g�U.]�I���d���$3�~�'�D|�2�(��=c�#��c<�0�`NDY�ddX�5E;�6�ꃣ�FXQ�9�9�>z�_�l���yo���L?�*�נ4P����Z�!K�WȺA�E�dr�%��X*��&��B��
}�6n�(��T��hS*�z#�����˨j�3?
��q��U/�Ċ�����?y%��bk�#�%���5t����������W�͠ݸo��p��k��A�&�s��A�$�����zI8أ��%�6�z<xm�k�)@=�z���B�
 ��<���1~��8
              ��A��UVY�6�����~M88h�4�D�xmZ�zm�&����6�p��
                                                             �M��A����k�䵡�@�k��t�Z�h�U���R'@��c`:7�0�L��M�D�N�>o)��I�jR���|��mk��}D�q������l�}�*�_I�M��)��o�H���B{
            ;��D�ўmŮ+!�L�KTI��&&�$Ǝ�����O�
                                              V�*����   �y�
�敭D��ر���D��ر�%��
                  8vy���|�\�3̉�i,�CN�gR���fM���s�˺@��n
�F��H�n��&:oω�ߍ�o����J�9�#�-٪��|�r浖<ѳ7���o��~�4������L�-��''%�v�����{�M�3�y�W����M��
                                                                                            �������t��]��j�Do�k�w�u��V�
e                    rkqF�]!��]8n�.D���I��6M�o��E��k��F3R�vD�b�B��pl�/`�
�̊�g[1k����]��
�u�`���
         �4���
�5h�vģ�yk
         ����!p��p�B]�  ��+R��+�|������r�^����r�^����'�q���D�1���[�v��q��~#8�3���-�sD!������a���5�6���5^��V����t��θnc��
�An-�H�+d�[�
            �-Յ�6�=HW[�D���꒬���<��H�T���q� ?
�-_�h�|@��xD7K"�15`�i��:�4�!!nՂ&<����
2D�Q��Fqk�#�_�l�î�7���3�������
�r1�r���\�X�|�����h��5�z]S�/���e�~g�[�3�� ��v�rq�t�m�9����TN󾏒��{c����-
                                                                             )%���+�M�F7��1��p������xE������.�t���<�#��b��[�t���-5C���R��J+&���Qϓ;��'w1o� }͛�Z2���
py����<���:/�y7�˻\��     �[����q�~��;�����sD��C��ϑ+5�8Y�1ƹ6���5^����z�mt}���fc���?n+�G3*d�[��ƭ�E���=)�U;�ն����W��G���}Ƒ�xb����Q�D��:x�⼄��ί�r�k�ܐ�04y�*����s����f�Rv���6'��z�\��E����7���
o-]'o|������������+��|�m-_�M���b�6K��1�R:ͬ/�k�
                                                   �X��W�+Z�d���́�9����p�1i9D �D3����:��2aͮu�F�N���1v�5ޙ���LtBv���`��Nѩ�~��v����%*��?;�>8ڞ�_�D��8>!"���jz��pfW=�L�z�N�z�N�z�[��r]�����;��r�r��a��^(כ�\�m�b<��_�I\
�L��z��M�)��v]���Je�Ip)�?
88��Q!���9칕:��=ϑz:]�O`��gh�vۢ����68���8��z!��::��f#��
                       ��/�_�&�O�p�{��7�?����Ԅ��M�o?̝�Z�gއ<�t�Y �������>���Y��"�����f5�UMJ5�W�s�[���aQ����s8O�W�q�)��@��<���9���s�0��|���x���
                                             �9����]]�wwIrd�՛��i�/���ߢ��4��)�:�G[vϣ�B����G�]�>�'}����"9>A��Xy�;6�M
                        뫖X�6�s�*��Z��ꔑ�x��Ȁ]���}�\S�$`EN�d��s��L+��ͤ#��
��yJ�i�D��̃x�\�M�-��kF=�6��j_P���h���#Z�s�Oe�v�24����
                                                           �������I~�&b5�(����a'(!8�<_��\"��s�iv�%�58����Ց3Z�V�r�����\"�cs٣x��%j�%=�mF�N�:#e��O��#C��!�g��7��Q������Wc��:�<H9���.�t#��2=��|�:��r��h׳Ց%"׻@K�~��vs���������.Q�D�F���;h&����?�Fl�(]��l;G�z�Qi�����   ����~s�ڥЯ�r
                                                                                     �d�n�ū�x?\��>��_�p_L��]����'�r���
                   xq,c����ٱ�   I���U��~%���ct�m>J@�hA{�ڝW��^]�r�N`Z�a�����ْ�y�Gmɇ�<è���dW[�`�y��+����$�k��*����3lr-P���m��Xч���<JDq��S� �]*�éP���k��)�`�(�2a$K܏]�d-y"9]��w��E&����'&�<b�ʍ�%A�k"S��ajW4L�b!�R��qC��-���.o��u34����0��R����?A�u��!Z���;0���e�5��`��ƻ�а[��<�oϛ�j44�GACx�l   J4����:��f���w�7 ���xh@�H�x��
                              �X���y34=�7A_�@�,�t�   �j���>��w�N��`Q�o7=
                                                                              X�    Pm�{�0�og,̫{�� 9��  ��:@~��jD0���~5���32��;X�����v+�x�`�-�a^��b���ņ���$�x��R�j�ޢ��B^T�;=��_g��ś�Q�E7[F4s���ƅu�b+�^�7j��oG��brR1y����Q��)��t�Z6�m0��1�s��=4�}5���0�[1�s���3�+5�S{��kU���[���xX�|�9_|�9_}��\}��h���r�)�z�)�z�S���S���S̜<"�|��^}��|���|��;����xA������L�n6�'8��!�S4��O8
                                                                                          �@�E��YV�}�9_}�9]��r������t}���?Ѯ��J_�K1K�#���K1ǫK1G�f<��'T�xu)B=�d�"PEm5�l�9���@#H����Z��t9�o�r����I�@
�7?e
���B-���k�\k1�<�U�P�2W����M\=�[��Q�qV8"�\���*�-+����b�-OEw"�-p�����b�阫
                                                                          )��W��%n�|z�⦐�^�82��RH�G�X[/��ϚEQ5���[ߧ�%���'#��
                        ��wS�q]�<!X��$�����*4���W��
c�LJ�})3y1��X�c�O�����e�M�
                           O���~&��T�
                                     ����i��b>����{�.Z��W

�-D=՞�B{�Q��9h!�D�%g7Z�
�S�V�-3
        ��tN�������g����eӧ���_�Y����<��v���
                                                MiU��R�5�'�{n�,�{���=�Z��^Z��g��bv�g[W��~��p�sQ{�|/ȏr$b����������$q�+<��o|����}��������3��W#߄《Fǅ��w�T�T�r��P����[H�D�I-W"�c^G�4Ύ�h��)9Ӗ���C\��i��x_cm|i�]��c�s�r��ָ~�q����X::�|}r�*�;hc�KÊqL����C�y
�Dm|K�[����l�>�ثj��4ᱱΨr�d�}Ұz@p�"��6t�:x�K4�����K��5�K�J��ӰM}�ꡗ�&{���� xh�;����D-O"�V��G��:�2ݖ,;QƜ-~�[bi���WOnz��2�s^E�-���,��\���ӗ�ƺ���Tc��S��d
�/�"��)�@�i����i����rW�i�mf;��w~>�B��n�L�]Ƽ~�����9���O���ˢ>m
                                                                |�5/��������m�i
                                                                               �/�;/+,^�ْWiū��HK�}|Y��/
9H祶�����M�f�����E0�1}��aN2�>����-��\q�!�_����t��?��}xk�#�γ3v�#����3�3}��4�������ݧ�;?��Q{��c��6v.�c�٣Tu�?�m�s���D���A��R9t�_(���g^7NT���r
�ɛ�TUBh����&��r��.R5g����N�zP݋)��+,I�G�e�6�L��r�`_�eq�˗��+�/�\,_�K����J��'E����o�}}���K$ߒ�����mJz�7mj"�mJ+���6S�8�)�&1q�
�0�������`&�S��Z��;$���� ��vb�#�$E��8n�e��L���`o��X��^P3衵����
%����_�E)�������M<KK�Q��N���t��s���!��%i�3z�W��U��y��
�|�8?�=�
        ��=��ѝ _1��;C!]�J���R�H���R~�|U�&k's�a^m�Y�w!�%�3<\�
                                                               35W|2���T~"G����ж���3U}nB�{�9���x`�g��0�-��<�m��q5�L�OQ�H[S�@�kVy��:�]j�oQ`�ĘzI�I�Ρ�A���޺A��'��j5�^�-�`���ΗA�� ��t����!��R�9A0���q�.?
]GS0.��7����h�&#4[�Z��\F����S`���r��$9�`�|�S�[��c��W$��Ï���xC%�[�r��<20��^욎��13"�lՁ���d�A��2�l��ǣ���r,��!�+��m^G���M�m<"�
                       �D;�q����zc"���hW0&�����8
�Wi5��cc|S�KTCǺ��
����#�1G�
            9���v0D�(n��`E���"l�bT{��J�zu�4�Z  �j���N��{���=������$jTS�����J�}6t��n����,܆h�m��K.�\9�%Q�������o�a��n�0|���qs��BE5SH�S!�As����h�-����7�7s���ݝ5
�qw��@����M�9�]\D�N�N�9\}������/e�"���_Y���l�=F�'f<I�|gƻ���r9u=��H�*�l�myd��7�D���[�؄�Q
                                                                                             �~;�!������rGZ�b2�O�[�� �Q�MP+Е
ƃI�o m�D��/{�_����         j���x�����k���
                     ���~�y��
                             ����w<:=��~�Y�9C��e�������_�G���@���N{�<tj��0>���6���j��
�繰/|��1qz��y�����HZ�Wsw�E!v~�V���QHL4k��;��q9�OT>rD4��(G�xm?W=�����Gu�t�������=��#�ct���������l���H��"a`�����d2����
                        ���h���<��^����:kW�0m��.�Md;>�G���
�f�I�w٣��45I�Le$��D0�h�}�DCԙ}R��$�>�=KꊢGqEMU�7Ae�@�-����~�J�j}��^�x�Ik%Qg���X��hX�t4B���  �,�{2|�b�:�g=(<��y۹���˵�24i0�<��?K���p��E$�sex�S`u�)P(��1���9
��H��!i�]s
��,�]�P�9�t�)@ļ��
m���d8ѮI�J'F��9�<�@�$�~@����V��x����xo������9{짟�7�xN���@{.�E��YV�r
��S�P:�SN�Q��I��x��D�& j�Bλp�SJ�kR���
�Ihg8&��P!�%�փJ�yJ�ը��&��s�@9����Eˊ��&-��O�)-c���#����_�pm-v��
                                                                    �[��=s�X�����*  ��@ǯ��Vv}��8miZc��\��;�s�B��$mN�ҽ�_��؏���t�O�.ʸ=Yl�:��Sҩ
                                               ��?�����9��Ǻ���36ջ���o�]��1Te
                                                                                �?��O�{(�6���1n��*i�����+�8~����f�T�(y�Fg�gVU8#�^�4�v/���DS�f!s$��9]�9dt��_�#1[��L[��%&�3�MGf�YvbŬ�R�*��Ζ��b��$�Y����d�^c��K��r0$�F�$[K.��l����9��Y����o標 �����3�51'��}62
                                                                       U�z���4���n�l���r��2����(4K����Y�o��r��$�,ZY�����
                       ��Am�ȃ�y����΃�j�P���[P.�F�y�0���UH�Ui������.��j`˓S\+ò�����������S?,����e�oVM��={�07��zQhd�L�Й�I���s��j��0��9�ǫ�M�TM��,�0epk��h���À�0i����&D�?�N��3��Z!
⫚���[yDb��̚�ڠo��h��^^7*��V{����F#P��4चU>�|���A3U!�AϘ�w������u�P�z;��V�EQ��2P����n��=_��w���Px����;�K9v��!&��"؍����7�����$�<b�x�Z�q�Plg�%�n�`J!sRLQ��
���Z,���U;`#,�3
��6��b�h&`����_`T0ҹ6jC�Z�����Q7�f��y���%/�X�M�1����xu�:�i~��f���d�"��3��}��M�dI�p�Ome���C�F�(��j��נ}�5�8���B���
��[zfN�ȱ|_0�=�
               Hy��%� ��역됛����)P���S�Q<�5�G�</�?N���:��y^1�S�,wѷ�S������%�����2�%�x���� Z���2��唻9P�C74��;Pn�@�f
T��"����\�@eNlPlŧ@ŧ@����f
�����Tl�6��ME�F�,G�S᠕�͞�e4hz��{V�'?���_<]z�3�cd<��.�O��$"����f��kp��Ȳu�@�([Gpf�T����K�,�5?�J�ˑh"δ(x��ȜAO�>-*��&�#���{h����Y9q��cu�C�yD3RU��  =&���2�Iw���D�����D�x�)&�ܿ������/&r�7%�~��n��Q����4�;����n��s��Qdt0[�Y����.}����+~�~����Q��]��'E�eK<x;e�\g��,8��6�!�i�s? ;!x��G*B.�'R�ɾ�p��؎[���$G�\�
                   �#a�8v����\��k��x�
                                      r����\����\�~ُ֛l��t��K�����Z�ʋ���B�����9>pt��93�Z_��g�+D�f�<gU���9O��ZE ����&��ܢ����
(؃;Haϰ+
8�Z04�� �j��5�Q,�)��`yxq����`  (�
                �`6����8
                        &#2����Bm|W[�/`��J�L�����
                                                   ����+��<���_���)�h�`|��/���v�'R8���O�s0>Ѯ��D=���4�Ư�����{�����X�
                       )��yܹw�#Ա��n,�p|眇�#�=�ޥ�n��U��p|"����V/��D�\�G��u+�����A�q��h|�&
����Y�\�ՠ��?Po��A�\��E˪�`|��[�/\�W�6��#���[�\�G��u�u��
                                                            ʃ:\tF��u���puQ9Z�oX#O;�*6�]��#����A�+��_�\�$ 3�����ԫ��
t�k��F�������C���i��QZ?n��r��XiJc4�ؖ�=� ��=`6��v>�
                                                    �ܷ"���T�����]�P�Bs����YLźGf]?u
                                                                                        B���a�����q+l����װI��f�XW�D` Ҡø9�����t���^D=�Q��n�Lm%*�v4�;�&�<B�Qf��9��UBh�*J5�o������`� ��
                                                                                   �)v�!�������,i_��G)�W�E�R
        �!r����;�6KvU����f@Mr�}�]g5�+t��n��$���~�Aj8)H���u<��^�ݸE���2O%���ix��S�Z3���`^��!�-��Ƽ�~%�w�@���+͜q�j!{�_i6Hâ�~hO-�n�Xky-���+��ҕd�4SZf�ی:D�
H                                                          ��AZ
 �����X�t����l�3ړ��B�W�!���@Vǟ׋���(�u���8���W'���U�?{�M�[nC#�K���ڈr����ڬ*_^���R�e��Q�ﻝ�6l�u�'����D���~�'�xQ+�>��_INJ�3-Qp�<���̍�i҂�SP�l��w�8�b�|��.
                                                  w?�s����/7hsS�h��w��i!Y�αZ�
D�ܞ�67��&{��&�#�4OP:8� FD9�У��$oz��bg��iѴ��1F�_3�����G��o�"�ܴ���qn�AO�:7�'D��wD��u�e��-H��NBK�F�Qgi�vF�D�C����>�����
                    �c��+2��c7��.4�:��#����f���6����[��
                                                         �&����5�jQY�/���k4���,�����A
                                                                                          U�-Oj�^�����1�pb����-ye��`���ˇ�w��/�@2����3Z�}
             $$ �%}��3Z�HHD@d   ���D��� ��@B""$�LDɟA��R���W;��/U�-�ډW����Xo^�3�ލ�4{\�
    t�Ԧ�#���4�]�F,�`��v�.�/�����,yn�@�%�]���āF�2O�z_J�h�ӥ�Q[`OѐA`c��B`x�(DMрE�^��Fn�]�*���*ꍕ�:Ճ:ZCQo�G���w�cڍ�m
�Y��                8��hBB�5i��_�V4�����\�W?8��S�X�~����x�I�X��-@?:��(�򏇓o=��ώ�ߏ��yo������o��
�C�����^,֐��ۖ�o�y�$��x4��H�;��~x���7i/��t��W�ɫ�u�����3�ܧ1=��������Sz��`����j�(
                                                                      Y���S��[<y��V�a|���q/S�.��ߗ�(u�}[�Z��8ju:���Q+�s����Jbw���h>5mx���+f���
                                               0^M��>�����ռf��s�����K�gE����CR�؆�l�& ��o���l����bUw/�/�@L\l���򨪀�)�
���
��(o�!����:
endstream
endobj
17 0 obj
<</Filter /FlateDecode
/Length 15892>> stream
x��}ݎ-�n�}?E_p��/F�������0�=��?���j�zu�^k�>s�
                                                    0S�]%�?")���|h�������7�Y����������V��£ο�װe�[�����^�����G� �9��Ay����m9��\�鷖cy}k�����_��������_��_�������_�O��7~r������#f@y˛��ſm%;��]#��5�D��V�˯��f�Bݒ|��b���L�������R��;(�c�����*������Hh
4�꽵��GA�FU�^�[�XuX޼���$��QJ{��oo��R�;�g��dl&lo.�������Rʻ�[:����2׿�c���F��tX�h�H�a��#�;��Pp�"2-
      �����/�f0��� �:v�3��']�A�S@9�!X�@D�}��M�Dи9�� $���)N�>
                                                           a����}���ǰ֘����'I��_@��Sdf�S��g�A�����dQ��?�3'�1��� ��;a�+��ɾ��__��˿��o�}s����T ��p}оu����]����?�������K~�˿�8Qa^��/���CJ���/��%�E������������.|.*�������Mq���\�66w����i;����J�6���P�������q{�
�s�
    o^����s��(R���t6���/G�
                              ��z���zo e
                                          ���rGή����JH���.p�!�34}�)7D)�8��Ȯ��ȟ�����z
$��8���x�c�C��@҅�lʚ\HS���ҹC��$�~��5Z�`��//�l�V��m�\7�d's�o�Ƅ5���Z!w�u}�[����c76��1�M��̆����MG��
    ���3��L�L�O�
           RMf׃�d�R �(�aQ��>b��
G١��2Խ��úFzt�`L��2�I��^Q�Ѻ����K�ҁ}���F0F��Zw�ߑ���ie�����>���O��_�����k�E`��i��aP�
                                                D�������;��6w�5{G9�q�VBٞx女�h7a����5����ʠݔUN����Ǎ�v����yϭq�QqQQ{��tͷ\���#9��+��s�YasN�����"�?���c����E� t�7��mG��o��ZI�֣w������wPI�[�k�r�t0�EvZ��x(����/��[�2���V��;=N+�_�?)�Р!�3[��]PBsp��E$�/�R�U�C ����S�@�����(_�V0��
                                                                                     �O����e�I��X�
     CC�x��������[>?�|��*��lD�0T\�#��E0�3L]c
                           ���8
b;1����d�d�i3� S
                 )�q2   &�������u�cy��}��M������u����=w#���
                                                               ��t7w#�6�ù_�>^�`�_פ�=Bx������_5��0��.���֭�o��뀝��!��_c��_�@w��1����3QH�mg��F�e��1���1���1�6���c4���b��/Q^$�%�R��o�ENA�v|
                                                                                         �3]���#�:$������m�0A�����`�
        F^�ۑ���_E� )
Z�0��H�<F�,�3F�*����e�ikm�l@���VJf��Ɲ�L]6�N�JXg��@��1w�3��?<6}u'8��N�f�(�:Ν�*B(���tP*�&��s7�&������s���)�~�{x���u7g��na��\��>^�]��aS^���b}kI����O�������]����alo!v
6�+�K�@nA����p���e�hS�\wO9��M�o㱛�n��Z76�!I�Q�;YíeRF��p����;��ln�hb�9v�hb���(N��_���
X6;�܁@8����p���;��N
                         �ݑ�f�塿ߒ<�ӣ���65��r[�_ڣ41�`2��o���H�X|�E��2mꌄm����m��/m��K�����|3��͌����]�ɛ��L~8S��
                      �N��3 O
Ó2�0\�6����<��̢�)
                 ?���p8��I�*����N�Uk%
                                          �a����F(��<����'�1 =NG�N\c����8�$_��6����s�Xȳ�p7�u�+�-�7>�Ь�r��}_����^�G��������rT�� I�^���3�B"Iq�E0����~㹑A��P�N0�n����'��a��q��E��Wm��i��hk��h�0�\1B¬���3��45&��~���"�Xe��������]���{���2���k��v��v��!K��X?/֧�<D]���Vt�a�>���/�9}���mh8���<r*]1,����!�E��5Wt=��
                         ��A?8�9��h�� ����������?�&p�6�Wvp8*]6^"�����n���u���(e��gl9��D�3MF��A��~.�
        ,6�.��\�x]"X�x["��O^���N�t`�-ߐ��b����i����n��Te��ޜ�
                                                              ��NU�a �3x�/A��!��+��3���MP���1>W`����?ޫ��C#&��+ά:
                    �C%���>ֺC�x~�R�t��@���a��C:T���2�{�
                                                             -�`6���;Y�&wb5{G    �q�DUډ��}7�L�T.�f���&�s�ő�}����1W�߰c����9hUݗw�[��R�;��L�ٱ/�dǾ����o�_0�p������}I�;�%��ؗt�c_�Ɏ}IcǞO%�$/�Iv|��#�����k*�2�=t�d����H�9vF{�%��u�a�w����*�(ɞ���I��y�O��^"2��f�G�%o'���=��u�L��w���9w�kQ�~���@��!�-Yl����/��(��Nѱq�
ricE6�@ց8-�X8���8ـ81�pSu�?q߾65+-�V�+�����P�:�I"[g����,�;�:�%����'�]�f\�̱HX\�s�y����~��ۚ�.op���6ri�xqU����
�x�fg��  B-�^�� ]��6z���2y��\�/{!��=����ZՐ�?[4OM

       �X큥#���Q
                  ���`�TCK0V�;�xF�X�|�1�!oD����R�A�{��V�5��Ciu�a�
                                                                           -�2�B�%�8JOd K����,f����p$��ȹ�q�"_xu�M�РX�w� �Z+�D��<- RGm%RQ�*�{�_��Zj��Zt�,�7�}%F
                                                                        ]�� QZ���6�%�%$ΩIr�}�����7�4���m��*)��������TH�1w�uŽ�,=%�W������iYv~�*y����$=d�ZŔK��{q�O9?z4��  �߉9W��g&f>�g��
U s\����� %�6q�c�����x�H�t��u���iU�H�ث.�9�R$L�a���P$�[�M潇_  Eh-�"A�(0�  �:� �R���Ӧ��9$7NZ�d5g�]�"�,�m�4o�b�c��Vfck\�h����j
                                    ��f4i��ތv-�>P�;���h��kB ɨ����x�F�b6H0�k̎�
                                                                              �C$��J
                                                                                     ��<C�τ��'�!���3�ld��   �������<��$+��PK���������+�{
��ԉ�iDz
�$Ϝ$��s:!���S���9����9ᦺil�t�����u����_�����L��Ҡ��F5�:��hY@��rb*���V�xs������+}��������Bo��r������A�K��#��s���)͆�i�
                 ����m���ێ��������
d���!ho����K��i�A?i؟�=�e��.:��Ⱍ.8�%�i�#�iX���s�!��M�{_��v��JU�$�";�������m^x1i�W�9DiR�O��������;��u�N$����FXK�46�W�Tq�E��~�!ەVpM��d    �StЮ��\.{�IW[Of��1-?��s�;��DB�F�������@u�(�?�o������|<��2��2kNQ�,�㺇!�a�ֈ�ۡF�k�5b]���8$@#��nT���nT̀�Ϊk`�XWnjĺr[#�i]���m���o�v�������������'��t��v�쑠\$���{8�������]�ސ��-x
Pw����Ą<�°#������-��{5h
l3h�
�?��8֠e0���N>R ��Gj�2�4�5�aБ�X��+��&K�V
1��;R6e�L��\B�M5l�8>��*JS�4R5vO#�D��i�0��G*��:��-�ë��A�[ɣ$t��rb�+z��y�_z������B�[��th~��?|�ú]M�B?��^e
        a��>��<���h�g�"�0%<�@���S�
7�W�ȑХ����92�!�-J�c��3��&��=��t��(Ú�0������d��krn7��d@aJ�z*O�R��Z��Ǫ�J�Qֳ�ˍ��Ap��>:v�d�����l��'?f�|w�z�׉����_�����\�]j�������u���
�?'4����Ь���]�!.�C��VKŸ��3           �������2I��������o��������d�R�V�=�*Y���ݔ�.�
�|*0���}G1���G��C�n�Y\��g��炿��w�\�mhmKa����-|�q~-��ʑ�Ŏٵ�>ܵ\/�(L��i
                                                                         ��Oi�����k���Z�>��-4��|���טGun�y� �hƂ~�)������J�[hAw:���%4���;#�6BN���4��0��).ϏT\>�^
                                                               ��خ�v��~ҍ�ѡ��Ov��
                                                                                 -��5��=U;��$�����d$!�H6�[�   :��(7t`�ߊ���(���|�-�?���RJv��^VJ�CG)}å�F)��tk����M�R���6J�ORw��ҟL�P��
                                                                                          |kMk�������!���
��D�_Ƀ�D���i�'�r'�rЦ�sv�h�7�L�l���y��N�BIP�Un��R��<?DE�0:�f��?���<$��҉�ո��9�2���^��Zb���.r�t��+��4�N$�9ּ�!��M�^����Ώ8F���*��x��֏'�b(���\���t���@a���<���G�.�,���
�Ϸ����]2?����?s
                  �~͂������w��Z��)xab����M8I���6w~ �R��NsQ�ٷ������5���5��
��J��[���>��@�ܲ@���e��-#�1�,�E���2�����[F�cn�nsz�-
                                                      !anY��]��4�>әf;3� {�Qs`3�j"0ӭә�e$��e�r3�
  i<s�&7�   גru�[F�cnY����9�-#X���r��&����-#�mnAw�e8���6�����2�U~�}n�   E����a?(f��[6G�b�Nr�&%p(�p�L���R.�[n�9��䲾r�e�. ����o. >�$���\F�CrY�g���\F�cr�n�xL.�0N.��SNR�Gʰ����ְз�W��Ԧ٥�"�|��礜��I�pR�>l{|�T��,xJ'��y"(�T���. ��*�5���3j��XՅ��|_K�C��
X�I����P"��Qj�$�t�٨,�Y����������_��p�� �x�r˘Y��vGnp4j��x�#���v�e�"ʑ���mr�
                                       �m�����L�喕- W�o#��|/������K~�Cn���i�^q�K1����c���z��[,�2�Z��Z�yW�_l#�#si<"��
V.h���AOP[��xd��Y(`@�(i]�� Z�zg�¨�]�z-�
       �Lw�F9�
F6����q5�+�0����}ύ]r��
                          ���{~'=�?��Q˹A9���9��8�D '݅BTsҚs�(9im�I����9'�*3~�t�6���6���7�T`�jR��i|ph�0�T1B¤���3��,5&�|~N��n�;����7/����eӢf��O�U�Z�t�hݸ�֕Gֺq�պ��|к�պE�Mqp�r9
�`$�a���&b�@i��=�r#M
                      T��9MWK��6tm�L���T��GP��kl��f�v�t    8����:��Ɉɝh\�5.���`����ˠ#˒W�+��q�M��ؠNj�zN�*
DF
�=U�QG5�P5�z�[��jG��*Q�*�[�5�[�{���R5�-�����p��A��80E��c2����*[��ƿ���6rI����N��TR3ǔGƆ)��qt#�C<D�)�x�`S��v�ċ��0�M��n#�H�%�,���t�� �|��he�  `��
                                                           `�`��!fj�@tz� �
"�:���U�@����k�0ĝ���gIy��_�|�N�6~ݟO��t~���֏�k*�\9į�~�.~�7�k�'z��Л�uWL��x�_���_��(;�,~m#Y���k��;�Ư�b8_�Y�ڸ�n�5g�įQ5�(^
�ku+�w��b��K�)\+��ԛ�1�<���H]�7ӸP���;���p��G�������.�����x'6(E�T^��_�h�V�����#_�D
                                                                                     Duߺ�+�@��yI`R�L�Y9��cA�f��
               �ja�!�:BB  u������J�k(��^uo��������m�|�����ʹ�7%B-�8���*&���[ֺ��i�ZAsҤ��rQڵ<�8M��  J����h��m��O��c�����I�!�bΒ��}���݌��P΃Flr�.�\�0&P�C��rR��8W[I�և!L3�t ���p߄��cAe<���,؛ 3�����1Ƞ�d�0��A��:0O��sB�a�c`�u.?'�Ee�"�2���r�^P�2��^�ݩCG�����JP)���GV|t��8�he��[�i��԰�i>�G=�^��h0� f��:�Je.׫F��\�W�*��G��-NP5�TQ�ŭ��SM�U�+h>�e�bm&����B��|�H��?n3�21�ی�(M�v�v�z�|
                                                                                         ;�-:�|�Ț�ԉ�-�þ�T�Q��Eltn#�S
%����e�����l͎Am� ��%U�H5�!oTQ�T�
��Z!�@���;���G�Ľ�GME�֢�^�y�����Q���X�:���M޼���_)�(_��Q�&��ֿN�!�K[ƕ|�ѹɟy�%-�&���hG�Qt.A�:�aMh�|K޼Myd��o���ujc�S  �(U[ 6�U���B�����А����3�!�y�I���s�Թ�D��̘�-':d�t.Ȫ�\�jй ��sˉ΅J��)�r�t�S�.�����������*Ņ���R_�΀,�  ���s��[l�gCJ��<"��)~,C̭RXcޝ�ߨ�ǜ����Wo��$R?N�������>�t��*�������טsN�թ�kǵ���>¹8��
b{mDk�           ޞ{��P��8[�z,�x=x�iܕ�k��/z
        �6���.�!�A��ծ�a/�#�ծ�a/�#��L��ʿ�Z��2*��֏��,����ڳ���Uj    f>�(7y�^
'Yf*��m��Wg�p4]����G@M��q̼�1��a-o��V��&�������5*���y��
                                                               ;�-���*�Uo�Q[�ixm�w����(k� `S���Z̷
�2�P7c�
        o��F-��o�(D
                     ܫ�^���J�}����}eFٲ�Qu�(��  J���_���D��3j���r��r�f�s·�QEQ��烒c˒w����2������X������50��Y���k�֏8�Z����йV&�!k�ӭ�k�*~8���aK��DY��N���(�W��aL�y�������"xu������?�T�&A��]P�䓢[��";�Zт��O���纴�1���>W�/z����e���S��N]��!��j�8�[��ű�OT{��  .ژ��]
                                                                             �\J`Zh�E-�E�х
N�(���2>�G3wy^J�J.h��*_5$B�v�!�@�D��M"4�n�   Z�D:����߶ �=4��`�9�2�   x��A�c-���� (�Ɔ�X�L��>z�}f�Z33M�ټsX3�w&#�3�xRd�BO��Th��La�܈'\K��]*4��R�y��pM��ǰτ&���(ڕ��{ߟ����t��ю6�]n;w�m&4A��д�0��>��a_��@? d6�)�6jZ���(��(f�f�����j��O&Bw]���u�&�k�w�t��ݭb��.��{���C�x�[��\����k���Vٽ��"���_���U �Ki�Wܔs$�alo���ϚcX�n.�8����d�̕
���q��f��p�m���[m��7
�[n)��               D������,�;�G
       ��������(էf�8�����F/�,J>�"��n���۟?Z�|ƙM�?]����뻗'ܺN�������enO]^�'G�0�Dx�B��]}m�w���.7��G�x��ic
        �/Onc�� �/YnE+%�t���m5��η��;R�Z)%����Y�%�r��&�#�GCіM~}!r��;=Z�'~+e-��xtJ`-4e�#���2<\JV�
P&���2��K�#   ������Z[����\�A���
                                    �o�p��e��o�"cl�7��{�J\�bdi��ʈS�F�xğ�wZ7�w!U�廐�YI{�Vp�|�4�QWK�k���.�>U��F�5"�s"^*�|iI�M9mk#d���8�A�RX��V9���9��7�U�M}pY��N����*�m�O|�$$
                                           1���68�3����u�\5=���:���cTf6`��ll��I
юp��"�H�43G0I*�H�-F6��N��,��!F�¡6�� 9�Nm�f<�iV_;l�&Z̑�M2&�
� ��J�L�4+�2�׬�
k�&��&���P���Pa-[[a8[[{D���=��AX
                   �P�������Pm)!5��m~�ֶ��lwk[�q)ۭ>\VÚ/?3�yUw@�ܧ<\�{��O�hpN�U�
                                                                              ��\�/,��I��DE���XpQ��}�sq�~��&9��2�O���=�ܵ�8Qd���Yϭ��"Э�@� Y�f6�)�m$حǐ]�+�����1�rj�΂g�5a�l=��N���?��
                                                                                 �l�2�G=w�/�����l�8=
      �]���!��CT�""��v"y���#�����yGΩ �e�A����|+A=yd��T��
��  c-�hA� �6HV����  `���bt�)��783���s�)CG�-J������.3\����^6ugm�Žf�i�k��?�Y����8㧲�>e
     ��{���#\�k�:��/����$�
                           ����uP��Q�V�+�6�J��c�[j�{2�Z�ܾ:��8��!����;��8��8�L�=��g}�AgZ��,>ݜ�3���Pvs3깍�wsZ��`o<�X*���%�ʰW����〽ӣ^�J�I&����թ�HP�J   �F0�^p��Ε�aK�hf&
                                                                          �l�=�G02�mGh��)��#
                                                                                            :�͋���6a��
      ���l�z����ĺXblb����M��r��&[ N��"�&fɝ6���61�Ȼ���l��^�eP�Mm�k��b��DqUlP�'�8�B8U��8�&�a�   gp�*�l.?'��⛬�U��ؖ��/�|G��^S.��~��}ǻ_��M���".�K�0_�:
                                                  �(F�nP8�X\�'����DMs��6���W�v
                                                                               ���]�s�����8d�v�
 AY#V����;&6>N�#E3��w�N��%hǍ�y<ӭG���L66��3r"��l`����avH��yC��S:?.hjF�< + ��q��㎅�;�0}����/�W���Є�7n���:p\܍�-~���hQm8֟H��h�Z$�xăE�R:��yЁ���_,7�OK�C�C����P`D_DA�Q�f�(�:L�a��}���B���Gɉ3mR��2  ��rS��S�L�����i�'Tzb!��ro/��Ӡ�|bY�g�i�&V�O��ju|��1�K'�������۟q���.ԝ,;v�ƻ_q�Fw�.�G�&�pQ����C�v_�Pт���Pе��K�*�G�^�b�G�R^3I�*�Qҁ�/�*Kg��%�__G�T�����`g�,\G�U�GlI����*�+�e�L\�Y0��U̒�
                                                                                    �3�
                                                                                       e�U��loֻ,��e9{$����"G%#v�O�����f��2б��������ݫR@7���J����"��    �@�to��BR�7r�nP%���zFR.1\ԗj����(�[^���F��q��!HQ��
         }%H
J�D����gؤ:�Ea�X������b�QwG�����(��IğR�G��X �\ć7N~���_����8��=u�w�{Ǻrf��؋
                                                                              �/�����I��Z�X�l��5�������~����q/�����1�����.�~�/Mbn�1�G�LS������?ۦ�z@��L    ��o�WLc��~L���SKqn��SG0�lW��`�-o~b�Y/�4��`�,���@��r�<��Q���k�˳R/��y��5��Y����o�IQ��TW[�{���Q](�E]-�z:eHu߀���!��D��߈�S�R8ˎ���=Q�}%F[DѲ�Qu�(��
J�D�_Ƀ�DɈ3j��0g�����S\Qڢ��jg��
                                  Q�}���+��W_,����w�u,��u��ӆ�O��ҭH
                                                                     ]��W��/p�&'DW�!��_K�j®7��������EwP;�W�m�W8����*�f,c�
                           NY�l{]֡�n�Q��tM�:x5�,��I0Rdc�<0֒��
���t��%�����x���x?Z$��@ߔ�7vX`���G{1N�?m`����&��JѮQ��H��A�<>�C�
�)Ԁ4H��f�Q��f�qf�qPg�sv��l���!�5�c��Xt��RPyu�$����x1��:�y���3���R8�$ۧ��}H��Y\Ap/�w��=/f��{S�ϑ౎����6��    ��Ջ1�s9[�.:�W���E�t��l����I�����AJҵ*2�R�����E)�r���x���O���߻�Ӣ(��RQ{�js҇4���r���#$�Uî�o_�����'�
M��'l�ݯ����O��G7?���\������n�/�+�OU��5ߢ�]��%���a~>V٥��.�P��ݯ����O��GW�?�}ŰP:
                                                                               �~����s��;و���X��=~�|�
 6B�Xm�^<,��$��3�o�v\+�}b��K�+���t���B!�/�Q�v�]?
U�������W)�sP���w6��T=mɱ�b��ۮ�����U�2���I1Ej�����ܨ�CLA��e��v��k   TY6�ĕ:���iK��#%+W�S4E��=�,�+�yKiJZ10W��4%�
                3W��4�Q�0W�5e-U��^����4�����ï/i���N��@"��_#AΚI[��
�?���6.���<ڢ����l�
                      4!%<x��F� P���D1����s�m�AF���� [��=��?t\6��HP�&&�y���Ť@�J��$#�$+pқ`#j�������8�東��q�f�S�2b�ZU�u>�[X��XM�Wc�����|[Љ:\}��\"|�
b.����^<����ϼD��t}���^�2�~)��_��M}~_�lMӤͮ����b���@]wy�3S�̠l�3�G0қ;
                                                                          Y��
                                                                             r`K    F�؁�%��5�ƹ�mMJN��z�Pr���@�I��"Y~E_���
�d6i�(Vxc��gf����4�7����xa�S�(��NlL��9&��T����(b�#lo�1��茮cݙ'��1@���
I>g�dΜ���:��s�֡��ܝ<wf���R��:����������������Ʈ��$ǣ��{���iՅ��49��|�
                                                                   �����}�����z����PO��o��ϝ���8�1������ս�d��[�Y�z*�)�r2a�j"�>
                          A�6�5�x���d�x�(U*�'F9�$09g1
Oq����(Q*G7F)�*09�1�^��� ZK�rhdT�bd����ï/|�)=�ӣ���0��������8�L���xE��]�0U��{/�(1�x+rC� s_�Ӕ��B��'E����o�*6[�Ul'���ZY�ob�?�R"��
X"��&�R2l�2 ��6�I"o�&p/�b����uB����`OY�7Qf�A.��P��Ҫ��\O�q(yp�(qNM���S��,U�|~�[�[Wm;��-�I�G@Va�{��X�o��'W���X��a��a�9̑�TK_R���#;):[A�]It������!����! ��sզLWyj6���H�It]7�9%��/��LW�f����ܷ`��`�^������T���lQ�x)q���k'U
�=M#RH�(Rm-܌2rF�72O���6�J��:����lPM�� ���v����z�Rj�|�����G��M5&آ�{�'�2�F
                            ��,؛ 3������j�L��A��:0O��0���0��30G��:��T���E�+0��^=�:�(�}'.±��������Ĝ}q�z���ܔK��g^Χ� ��t^#�#�>$l����k�DOL���ͱp�}LZ0��C���l�{�f
                                                         G�9�$~��}�r    %Q�{y
                                                                             �����rq\�Y�G��}��n{,�j�T��*W�VgK�0����V�=T?���:<�l�;�����Zp�;
�0Fiz�ib���ں��GF�.�e�^7.���y���8����4��#��V�D�����Q����àJ��'�^������h<O�Ĕn��y�"
                                                                                         ��_���4Ea6���2̮��Is��kv�D&q���C;Q]���1 ����URB&�_v$Oa�<ț����+pO2/ҫ�6q��9��b`�}eF
                                                                            ᲞQ
u�(��
��Dg��g
�1���<��u�1k^q�*m2?�U
��U<�[�X��XVY��,�ZV�ːН�:�q��q�ӝO��u6��cN�����q��v^�t�����=�c��1�n�q��FLӭL���yY��c.s3�1�@�\U�E�,��.q�juG}L��-�LT�lc`:��ˉ:&�.�(�e��`��d&���~0h���mI���EUu�o�l�Uc�S� U#2�o����@�À�������3�<�y�d�����㬎QLq�̘~��5�Ƞ
                              �U3, �`�@��X�<Qm�3jjc�z��q��9թ����BA�z�Ɨ��~�6��Y���)����K�|]MK,���d�`������IT-�r��9d��J�iR��i�TN�4G��A˥z�6s�K�H�B��FOs<M�Ra��XO簩��aC=M?�z:�]�7z��=M�������i��4��z�`�z��R
   aЁoY�#_�����slP�4v=�4R�4"�ў:
��J    n�9�Z���Wx�zZ8�ze�4:Ȍi~�i"@ ��
������3���U�8�����'���Z���   Qf�)<�x4D�Gq�Y��=�wTx�oQ�Op����rs~Z�p��'
Ζ>  8j�w�{l�Y�ҸHQ���ⲄU٨�,kNlmV���Ѻu��#�\7�������u����A���f�5Y�pm��nMa�1��:�_��uv
                                                                                            �����
   6��J��>R\v����y������,��9�iyR�O�5�V�r߲Y����71��U�W�7���+Nn��aJP�G��&��v�t�0O���|}���$�ŘF�S��
   ��_��qc�+6(ۇ]ׄ¸7q���qk"��.�n�?.2?��o&N�?n�?nb�.����A_y��P�f�(�:D�TEez"�ү��Y�d��4��O9�T9��)��&>:��9�[ٷ?�b��xU*��s���m����b�&�62����~k!˼h�t�z,&�H4�Ֆ����jJ���C��#�^9��:��Fr�֍��>�0U
   we7�{S��u����8 ���C��N��j"wnĺ���Vt����7\��9��^��D���y�y26G�ܟ)E6G���)V���d,yl���5T���s��U!���2.ɶ��C���!�ZQ��n�d����@�8��=�/B~�$t�L������ʸ����c���x;�lA�����(�+��D
                                                                             �[ad@��q��n�΢yo��W$c ���M��i��^�s�x|Aa�7Qh�E���7ʡ��U�Aɞx�P
�\QJ⬚4��'��I������Qڐۣ�z6�y���!�����w�ݒ+�M|��&�&��/�nZ�v���Q�-�������bEp����m�]�������x&��
endstream
endobj
2 0 obj
<</Type /Page
/Resources <</ProcSet [/PDF /Text /ImageB /ImageC /ImageI]
/ExtGState <</G3 3 0 R
/G6 6 0 R
/G7 7 0 R>>
/Font <</F4 4 0 R
/F5 5 0 R
/F8 8 0 R>>>>
/MediaBox [0 0 612 792]
/Contents 9 0 R
/StructParents 0
/Parent 18 0 R>>
endobj
10 0 obj
<</Type /Page
/Resources <</ProcSet [/PDF /Text /ImageB /ImageC /ImageI]
/ExtGState <</G3 3 0 R
/G6 6 0 R
/G7 7 0 R>>
/Font <</F4 4 0 R
/F5 5 0 R
/F8 8 0 R>>>>
/MediaBox [0 0 612 792]
/Annots [11 0 R]
/Contents 12 0 R
/StructParents 1
/Parent 18 0 R>>
endobj
13 0 obj
<</Type /Page
/Resources <</ProcSet [/PDF /Text /ImageB /ImageC /ImageI]
/ExtGState <</G3 3 0 R
/G6 6 0 R
/G7 7 0 R>>
/Font <</F5 5 0 R
/F8 8 0 R>>>>
/MediaBox [0 0 612 792]
/Contents 14 0 R
/StructParents 2
/Parent 18 0 R>>
endobj
15 0 obj
<</Type /Page
/Resources <</ProcSet [/PDF /Text /ImageB /ImageC /ImageI]
/ExtGState <</G3 3 0 R
/G6 6 0 R
/G7 7 0 R>>
/Font <</F4 4 0 R
/F5 5 0 R
/F8 8 0 R
/F16 16 0 R>>>>
/MediaBox [0 0 612 792]
/Contents 17 0 R
/StructParents 3
/Parent 18 0 R>>
endobj
18 0 obj
<</Type /Pages
/Count 4
/Kids [2 0 R 10 0 R 13 0 R 15 0 R]>>
endobj
19 0 obj
<</Type /Catalog
/Pages 18 0 R>>
endobj
20 0 obj
<</Length 17>> stream
278 0 0 0 0 0 d1

endstream
endobj
21 0 obj
<</Length 17>> stream
278 0 0 0 0 0 d1

endstream
endobj
22 0 obj
<</Length 79>> stream
278 0 -33 -737 311 19 d1
311 -737 m
194 -737 l
-33 19 l
84 19 l
311 -737 l
h
f

endstream
endobj
23 0 obj
<</Filter /FlateDecode
/Length 153>> stream
x�E�9E{N�,��>��Q���ۀ=Q
*Q����Q���l�[�gߞ�ի#�`���:��2��v`�S���q@�D6��a�:)�fA�4�A˿�����G����p�N4�
endstream
endobj
24 0 obj
<</Filter /FlateDecode
/Length 86>> stream
x�U��   �лS�@@��v�Rzh��V�@r��?��#�6�M8���H�����)������A���sߩJsa�89��Å����-�
endstream
endobj
25 0 obj
<</Filter /FlateDecode
/Length 125>> stream
?�\.�h�l`�ax��h�۫Q\H'~��o�ً�w �w\�i4Q�+M���;�bd��O��v��M�w=���(SӂL���q�2��ac����
endstream
endobj
26 0 obj
<</Filter /FlateDecode
/Length 74>> stream
x�334T0P04Q�57�P0���R
                     ��-
��@d��Jep�q/����aA���M-
endstream
endobj
27 0 obj
<</Filter /FlateDecode
/Length 241>> stream
x�E�Kn�0
        C�>�.���>O�����o����"ы#�3K�ؒ+�$m���h�Ur�2yLs�|�lƁ��ȃe�)x�:M=�&���r��X=p7�~p��>�?7��;��B;�(���BaA��ܛX���&f*ڰ��]p<��N�]�`�@�&F��`Bwc6܅�2j&��k�]�s�7�W�;;P���!B6��aoV�c�[�>�{Q�u��H��n�{�Sp��/�1O~����M#���7[�
endstream
endobj
28 0 obj
<</Filter /FlateDecode
/Length 169>> stream
����`��xc�q���o>;��$�8 8�
                              ��bRx�PQ��
                                         �"e�b�@��>Xp��
a
 lZ͋"   ��V���E]���:�n��3�L�x�-�B����(1��^����T�(F��'�/p���ju?j�*�X,�~���gmF)�t�36�ܣ�����?�
endstream
endobj
29 0 obj
<</Filter /FlateDecode
/Length 154>> stream
x�E�KC���)�r�TU��o
����Hh                 �H]�$l��;�p�u���b�`\<
      �~`G;�#p ��ղP�ARp�D:��E���T�#��А�K.+�ƛ���-R�'�>R�ڃ��D��dE�0+��lx�s���i]��7}�M?s4w
endstream
endobj
30 0 obj
<</Filter /FlateDecode
/Length 168>> stream
x�=�K�нO�"1|�}�TU���;��',<�bR�#0��Zi���p�ڴ�E�uDrF~�t�u�q6�ج
                                                                  �=%$�J�N`�T�Q#����
                                                                                    =ro�,]K��Z>���i�;����
q��Ifld��MC�T熸��$�IGƃ���q6����I��3
                                   ����?�
endstream
endobj
31 0 obj
<</Filter /FlateDecode
/Length 161>> stream
x�E�A�＂D
`l�WU���]p���Y���OV��[g�`i���_�>�l
��Qu�
      /�z  HR�Yf^7������M�K  ���-��IU�D��_
�,X΄XD��n���_���3��L[LV9!b82�,�l���˶7���o���:�
endstream
endobj
32 0 obj
<</Filter /FlateDecode
/Length 122>> stream
x�M�K�=��&���L����[���
                        �!%��0���n��Cah$~���VUip���N�@�Z�B+Iޜ�zaB����s]��\m]W
                                                                                  IT��  F�4ڟ��;�YO2_�$,�
endstream
endobj
33 0 obj
<</Filter /FlateDecode
/Length 75>> stream
x�32�P0P0�T�572U02��R
                      �@��F
� ��BDB�er�jr�2 � ��,�KS�."����O�
endstream
endobj
34 0 obj
<</Length 74>> stream
278 0 69 -718 209 0 d1
209 -718 m
69 -718 l
69 0 l
209 0 l
209 -718 l
h
f

endstream
endobj
35 0 obj
<</Filter /FlateDecode
/Length 174>> stream
x�E�;��ݧ��x��U�!��Z�d�K��-"& �B7��zS[������P�)W*����ƚ�s&���.٤��)��$�(r�� ��0�&�(EN����Y�څ�f00�k��<��j2�������+���]h��PS�'�B�v��ZrAXV3�
                                             ���^��m���CG�
endstream
endobj
36 0 obj
<</Filter /FlateDecode
/Length 120>> stream
x�E�K
�й�p������A��iMl� ��r�`F�pln���&�Fǻh����N��ͩe�ܲ��QEWI��-�"�զ�m�4׌���^8�ȊFkIy!�������2��?<��,�
endstream
endobj
37 0 obj
<</Filter /FlateDecode
/Length 132>> stream
x�E�1�{^�"�x����tJ����BN����n�M;tps�A?&�mw׻c)pT�7/8ż?;T���)�   e":��8�-�:�Y�%��w�q��j��6_��$��3�}�I��l#f?Sx|�W~0�2�
endstream
endobj
38 0 obj
<</Filter /FlateDecode
/Length 119>> stream
x�5�A��=��&��=���¹�V(����}�p7��:c ��Q
                                      �����^u�1>�U��A�5���X�f�t�8�z�
                                                                         ��sn&��M��؝�*0��ͽx\�>e���m�(�
endstream
endobj
39 0 obj
<</Filter /FlateDecode
/Length 169>> stream
x�E�KD���
         ���<6M���1튗a��    ��us켐
 ���ؒ�J�|�M�
6�+��f��oC�B�^�6�W(#"#;�eѩ�J�ai�b���7hh2����2=K����h�چ����6%�0sՃƌ��P�D��B�x�bR��6��7��    _�J=�
endstream
endobj
40 0 obj
<</Filter /FlateDecode
/Length 131>> stream
x�M�A�
)�o�Iѽ�hZ��wj���l�.�Ì3�MF>�ً�wÂ#�8��-��j��*��/�&

                                           �>+|EI�+t<���iW���2x
endstream
endobj
41 0 obj
<</Filter /FlateDecode
/Length 96>> stream
� E��
  ��"
       ��$�OU����BK_>ے�j���
�
w�eL�������!W�$���x������
��                        �e*{4d�������p�
endstream
endobj
42 0 obj
<</Filter /FlateDecode
/Length 127>> stream
�٪�a��k����<�r�T4����eay_��o�ih<�P7r��`_�\��G����^R[N�Tb�)�~��9�(�ΪE��K��"�,?'z~�E�ڷ|�-?)")�
endstream
endobj
43 0 obj
<</Filter /FlateDecode
/Length 59>> stream
x�32�P0P07P�57�P04�P�511WH1�����\p��2�
                                        �'�2�+�+�
                                                 ���
endstream
endobj
44 0 obj
<</Filter /FlateDecode
/Length 307>> stream
x�]Q�n�0��+|L�aH$�%�ġ���^RK�X�9��]�4�z�����]v�s{i�r4y�����Qiia��V��4I3*�p[^1��$h������q&uMi����ٕ�Nr��$�V�U�Fw����n�7L�e�i��+=�楟�&��o%��[���S|�h�4N#f ���^߀Ԍ5��^Z��U�1�⫷�LQ�X�R�,b��Yp�{\F��QϽ>���C�V��V�����*2�Z���8z���'.�y��<#�sO�FU�    o��R�n���Y����Z\`�Z؜ߙ��8���w�����
endstream
endobj
45 0 obj
<</Type /FontDescriptor
/FontName /Helvetica-Bold
/ItalicAngle 0
/CapHeight 718
/StemV 156
/XHeight 532
/Flags 4>>
endobj
4 0 obj
<</Type /Font
/Subtype /Type3
/FontMatrix [.00100000005 0 0 -.00100000005 0 0]
/FirstChar 0
/LastChar 104
/FontBBox [-33 214 826 -737]
/CIDToGIDMap /Identity
/ToUnicode 44 0 R
/FontDescriptor 45 0 R
/Widths [278 278 0 0 0 0 0 0 0 0 0 0 0 0 0 0 278 0 0 0 0 0 0 0 0 0 0 0 0 0 0 0 0 0 0 0 722 0 667 0 0 0 0 0 0 0 0 0 0 667 0 0 0 611 0 0 0 0 0 0 0 0 0 0 0 0 556 611 556 611 556 0 0 611 278 0 0 278 889 611 611 0 0 389 556 333 0 0 0 556 556 0 0 0 0 0 0 0 0 0 0 0 0 0 238]
/Encoding <</Type /Encoding
/Differences [0 /g0 /g1 /g0 /g0 /g0 /g0 /g0 /g0 /g0 /g0 /g0 /g0 /g0 /g0 /g0 /g0 /g10 /g0 /g0 /g0 /g0 /g0 /g0 /g0 /g0 /g0 /g0 /g0 /g0 /g0 /g0 /g0 /g0 /g0 /g0 /g0 /g24 /g0 /g26 /g0 /g0 /g0 /g0 /g0 /g0 /g0 /g0 /g0 /g0 /g31 /g0 /g0 /g0 /g35 /g0 /g0 /g0 /g0 /g0 /g0 /g0 /g0 /g0 /g0 /g0 /g0 /g42 /g43 /g44 /g45 /g46 /g0 /g0 /g49 /g4A /g0 /g0 /g4D /g4E /g4F /g50 /g0 /g0 /g53 /g54 /g55 /g0 /g0 /g0 /g59 /g5A /g0 /g0 /g0 /g0 /g0 /g0 /g0 /g0 /g0 /g0 /g0 /g0 /g0 /g68]>>
/CharProcs <</g0 20 0 R
/g1 21 0 R
/g10 22 0 R
/g24 23 0 R
/g26 24 0 R
/g31 25 0 R
/g35 26 0 R
/g42 27 0 R
/g43 28 0 R
/g44 29 0 R
/g45 30 0 R
/g46 31 0 R
/g49 32 0 R
/g4A 33 0 R
/g4D 34 0 R
/g4E 35 0 R
/g4F 36 0 R
/g50 37 0 R
/g53 38 0 R
/g54 39 0 R
/g55 40 0 R
/g59 41 0 R
/g5A 42 0 R
/g68 43 0 R>>>>
endobj
46 0 obj
<</Length 17>> stream
278 0 0 0 0 0 d1

endstream
endobj
47 0 obj
<</Length 17>> stream
278 0 0 0 0 0 d1

endstream
endobj
48 0 obj
<</Filter /FlateDecode
/Length 88>> stream
x�M�Q�C�9XB�"xc�`��6����}�j,�1LÝ�R�Sf�<�ę%_���oa�3|��O�1ڄ|�9v�u��
endstream
endobj
49 0 obj
<</Filter /FlateDecode
/Length 79>> stream
x�M�A
���
?��<�����Ŋ��a�Y5�N�S��H�Q��Ɉ-�M��0��67���}��)�+��/��
endstream
endobj
50 0 obj
<</Filter /FlateDecode
/Length 106>> stream
�0�90��I��<
���m$9A*?wga��ɔI��� �[{Ô<Z��թ/T7�`�yg3���]�%[�uM�n\���|���������279
endstream
endobj
51 0 obj
<</Filter /FlateDecode
/Length 103>> stream
�05��
  D��� ~$��R8���L�!x�;3c�9[ܤsP{��|���QQ;��
                                               �PJۈ`Zy^��ᤄ�w/�۵P��h�����~����a�
endstream
endobj
52 0 obj
<</Filter /FlateDecode
/Length 84>> stream
x�U�A
�
  �y�~@����Rzh��!"��  &��!1��YDِ�^q���6(���Rmͩ��aT�6�����8����2
endstream
endobj
53 0 obj
<</Filter /FlateDecode
/Length 88>> stream
x�5��   �0
          ��B
              �jg��҇���vB_�q��P��Qp���'�+�+s`��V<�8�*>w�6�����I�R���Kly�#�|v0
endstream
endobj
54 0 obj
<</Filter /FlateDecode
/Length 59>> stream
x�366V0P01Q�562R0��T�526RH1��A��\0�0
                                      $��W��P�Õ����9�
endstream
endobj
55 0 obj
<</Length 74>> stream
278 0 87 -106 191 0 d1
191 -106 m
87 -106 l
87 0 l
191 0 l
191 -106 l
h
f

endstream
endobj
56 0 obj
<</Length 79>> stream
278 0 -17 -737 295 19 d1
295 -737 m
229 -737 l
-17 19 l
50 19 l
295 -737 l
h
f

endstream
endobj
57 0 obj
<</Filter /FlateDecode
/Length 137>> stream
x�=�K
���
    b>��'��6��۱uX���9�+w�b�����.��&�>�Eխ�E+7[1�Y�tI%k���8�6�=�C�᰾�C?�o{�X.��GF
                                                                                    ��i� ��nxV|B�C���+B�M�2D
endstream
endobj
58 0 obj
<</Filter /FlateDecode
/Length 86>> stream
�0M̱
  �����l�O�y@�"���*�_��ETLMR�,�1���b&7<t�ËKbk�ƁZ�'KȎ�-b��Os5����@
endstream
endobj
59 0 obj
<</Filter /FlateDecode
/Length 175>> stream
x�E�KnD�>@�k���h4����)7Qfų)� s��M������C݈#�~�I�"���ӂ���^��P�7�.$%�s{M��JwGR7�Ym��l���јǍ@�f�'�r�Z�:��T
`&
�tS����.�
          �x6c�����yٽ��j���6�Yv��E��q����
                                             ��;�
endstream
endobj
60 0 obj
<</Filter /FlateDecode
/Length 241>> stream
x�=�InD�>h�L��Q������2V6�34�(g��!��.i&��K�R��o3���JH�os�������#�]lV|�F��KlJ���(���(�808]�7����2�tR��̀y���V��D��w�@����|*�
����u6r� u�?���z���
޶�ZH�s��a�J��\��*M�\Og`�ysё��
                               �GcP�t��:{��,��h�oX�g�N��_��~�w��[�
endstream
endobj
61 0 obj
<</Filter /FlateDecode
/Length 102>> stream
�{�`K��Y(�R8���[I��9�jGBQ,FU�wC@ac�'J3Є~ʀ����#jI����)�Us�\~�s���_;0�t��p߆x��7'r
endstream
endobj
62 0 obj
<</Filter /FlateDecode
/Length 175>> stream
x�=��q!
        л�PSE��'�����8��[`ѐٵ��^}NM�b�
                                        �1Xj�?#�?r�#��S/��E��bgϦ'F��8���a�ή���&��:O�P��[�N��q�bK;b�EM�ll�j`۱QO��\fu��W_
                          �j�n��S�_�Qh���M�|�-�Ų>=
endstream
endobj
63 0 obj
<</Filter /FlateDecode
/Length 230>> stream
x�E�Kn!
        D���@�_�y:e1��6e<J�V��\�{�"=4�Rr>�I_<���3,�fx���2�O�3·J��Ue��H��M����Z�@N�A�dk-��R`�i���un��������r�8./j�|����V�
                          Y�XM��"V�jH��,4z7�VzC
                                                "�ж.�oX���<�)��7�q��5�8W>x��(V����� ��zm!K lH�Bc��O\�����`�k�xOU=
endstream
endobj
64 0 obj
<</Filter /FlateDecode
/Length 97>> stream
�0=��
  C���
`���v��h��\}�$+�= ]������Լ�C���aహ�]��˒���%�t�
endstream
endobj
65 0 obj
<</Filter /FlateDecode
/Length 244>> stream
x�=�ˍDZ��O<=�e��N�>���(GLb�M�b��Er�#Ï����8��M�LW4�Cx5ά��)��$w��
��vsz�����U-��-t��Z '5s�!uN��N�p���}�S�X#���7؇�=�,
���̄Hw%Un�H
          7�
���p���=��kq
|���bo      s�W�F  �,WCH��"�:�pbD̅����W4th�A��W3
endstream
endobj
66 0 obj
<</Filter /FlateDecode
/Length 198>> stream
�0=��
  D{N�
      �/kA
g�6��� ��wr$4�c���!o|1H(��_P9u�����^`�
                                           o0�[.��[7_}^��7��$]XӉ�
                                                                  ���!bܝA|#��
                                                                             *ڡ$�U�Bی���@��r����t�t�O��
        > �+YV�,��JU��ZP�A�g�"�D�G��hИS�تa��O���gx���K
endstream
endobj
67 0 obj
<</Filter /FlateDecode
/Length 78>> stream
x�32�P0P�0W�554S0�4�R
                      �@
                        ]C3�\.���b)�����
                                             dD�֠kW�Ą�gp�q,�
endstream
endobj
68 0 obj
<</Filter /FlateDecode
/Length 104>> stream
x�E�;�
       CwN�
��9fz��ѫ|qʒｉ������ܘ@+�h�O��6sn��%nR=��ow�o$"��
endstream
endobj
69 0 obj
<</Filter /FlateDecode
/Length 77>> stream
x�3�0Q0P0�T�5�4P051U�544UH1��A��\0���ȂH#1�����T��2��    ���J��{
endstream
endobj
70 0 obj
<</Filter /FlateDecode
/Length 189>> stream
x�E�MC����
          �ȿ��5M����M7�)�0b�81�����  U�ߍ&���!G4\ ���W����*��(���Q(o���Bvd���������ٕ���`Zw�t��<�
����L*�A����=�,�}�)�6����W)��l��aNg<5��?�^p~C�sH��x�<���[z�>�E

endstream
endobj
71 0 obj
<</Filter /FlateDecode
/Length 99>> stream
��L��B ���>����i^�gUÂ$xu�&��b�G-�4���,��+��K�!��}���n�4|o�˜��I�%E�,������ �
endstream
endobj
72 0 obj
<</Filter /FlateDecode
/Length 183>> stream
�(��������6;w����Ӱ� 6
                          '��g���m��/�X�Q-�=���
��D�%��s�rt��P-tHP7;�^�����S�!�?$<�����p����O*��r�����@.q���'�(l+���t޻!��?��F�~<+
endstream
endobj
73 0 obj
<</Filter /FlateDecode
/Length 152>> stream
x�E�;D{N�V2|GQ���ۀ�R*��xf��WH�'!M|x����^^:�G&1,���R��zj�@ڞ�ѣּ3\    O�����J����:��*����\�fM��4���+�!k�s�ӳ���A3�k-ǹp����o���3w
endstream
endobj
74 0 obj
<</Filter /FlateDecode
/Length 122>> stream
C{�`K�`��8�J�����T8l
?�)߁7�96����H< �       �����QM�{D�������s�F��ƺp��i�s�r���
�Չ�rX.��fgd�[wق�ߛO�=(�
endstream
endobj
75 0 obj
<</Filter /FlateDecode
/Length 86>> stream
x�U�A��;��M���c������M�=1,$
                             
                              ;8�:CѶS)�Z��z��C%w��M�|�9FO���%q�o���.zq�t
endstream
endobj
76 0 obj
<</Filter /FlateDecode
/Length 87>> stream
x�372R0P07W�57�P031�R
                      �LM,tM�
                              r�
                                 �M ��.�
                                         ��2���h]ccS �    ��X��������2�Ҹ��
endstream
endobj
77 0 obj
<</Filter /FlateDecode
/Length 93>> stream
��t�y�sjNGp'w-w18�1�ҫTo�0pba ��N�#2[E   o9g4ږ+�oS��g�k�����
endstream
endobj
78 0 obj
<</Filter /FlateDecode
/Length 62>> stream
x�355S0P07S�57�P056�R
                     �
                      !"�\0��HAAh]
                                     3
                                       ������J�K0�
endstream
endobj
79 0 obj
<</Filter /FlateDecode
/Length 121>> stream
x�U�M��=��&�#��t��¹�������g�`<D��
                                  ��h�>��hKR�c!��'�8/��Tg���EYjC����mXe<w�8@�Ǩ�v��J���k��Z˧�Y�B/7�p�
endstream
endobj
80 0 obj
<</Filter /FlateDecode
/Length 88>> stream
X� ~:�/�Z�.��Ѧ �݇ꇩ�p�i�,�qUd���Ұnu^���"IixM���K�
?�
endstream
endobj
81 0 obj
<</Filter /FlateDecode
/Length 129>> stream
x�M�9C!
       D{�b.�%�1��Eir�66�H��0
                              �5$H�cb0�x1ՐD;�
                                             �'hQ<� ��sP����'6h���eR�9�A�ʱW���]��\P��#gM�od��6ݒ��
��_��5v���M?;�3
endstream
endobj
82 0 obj
<</Filter /FlateDecode
/Length 127>> stream
x�E�A
        ��}N�
             �
l�.�T/�����W>�@c�N-wF)>�f�]9A���]��*����mV�T�Y��6F�盞t�uQ���'8�`AD�+� -l�ī�ɅA�G撜۞��/��
endstream
endobj
83 0 obj
<</Filter /FlateDecode
/Length 189>> stream
x�E�K!
       C��"��p���.�����xcǽ5�4]��P�^\x]R}������'��C�����]MȌ�R%s�xHӵϋ=�@"�:�Dl|��j�1G�
                                                                                          ���C�0�x$@W��z̔g�5��@��LN��!�.O�kE��<=?yq�ݿ'���L�&��JƑ�Q�$�/�I�&����֑�.?nH�
endstream
endobj
84 0 obj
<</Filter /FlateDecode
/Length 225>> stream
x�E�KnE!
        C�YE6��?��[=up��i��Q�cl��,����eº�K�Dx�,���\�s��9dҨ��y�ݙ�X5��ᄻ�d3h��T��b��Vp��J.�j���8�dT���Y_
       �@�`n�u����Vri��լku�
�8P�TD��q�^2�:b��mG�������&T�]I/�n�LA�B��}��������C��GQ�
endstream
endobj
85 0 obj
<</Filter /FlateDecode
/Length 73>> stream
x�334T0P04Q�57�P0�4�R
                     �@f�F
�\F��f�i��MM�4T
�� 2,�
           flܼ�
               �4.�G
endstream
endobj
86 0 obj
<</Filter /FlateDecode
/Length 115>> stream
��9v�S�����^2�m�]*q���)�q\���fOe?��� Y{��n��7D'm
endstream
endobj
87 0 obj
<</Filter /FlateDecode
/Length 257>> stream
x�E��m1
Y���V')w�r��m���0XB�jǭ%J�.���               K�?����$�=� ��=������-��F]З9d�Pv��e�K�
D�������Mԉ�Z�              9�Hb���(�I�~d�
                  ��=����eM~A8��[ꤨ����I5b��:p��
�fA��'��?�g�",���!�3 ��O"�D/�����
��E�j�y�R,���B�M4����u��o.bf
endstream
endobj
88 0 obj
<</Filter /FlateDecode
/Length 170>> stream
x�=�;D{��
��d��0b��N�r�Y?��d(�'�����ճ�Sv�P�;���#P)<�7ִ7�.LmՋ�~7����2>��٥@��(���V�G�.��T*kX�
endstream
endobj
89 0 obj
<</Filter /FlateDecode
/Length 150>> stream
1=��
  sV���S���S�1��#��]9*�p�hk!;�����O`��*�~&�.`��r�ѩ*1wAҙ�\;eZ�
                                                                     ��6c�I�s�NI�4>��%G��cr̯�ai�a�x��A������p"O�>  �ޤQ3�(C���?���c�3�
endstream
endobj
90 0 obj
<</Filter /FlateDecode
/Length 169>> stream
x�=�;�1
       ���"@j^Msb������?%q��/��N��M�I���Qԣ�0���A�8q`�@�Ij�M�z�>��`e�X�D`U�.��Bey  Ƽ
4�d���0/��f)J����5Xp&KѼQu�V�DH@L���W"D������b���  n��������>�
endstream
endobj
91 0 obj
<</Filter /FlateDecode
/Length 171>> stream
x�E�1{���d`��{E).�o�H��b3�I�t�.2vb�����J#��˙d��{��C��4�j�J���X2���7�F��8Up��(2�ܕJnT�Cmh���T�l�����FB���3>��ԩy\�J���H�hH�:�2{
������{�%C=                          �

endstream
endobj
92 0 obj
<</Filter /FlateDecode
/Length 131>> stream
x�U�A�=��&�Qq�3MӅ���P�I���7��ɕ�q1Lƀw�@i��;١�H��s΋C}��e����8   j��K �pX�A�ˋ�����.@�$ё�1�@VQ�B{����}}�[u�z՝�_]��'}e!3o
endstream
endobj
93 0 obj
<</Filter /FlateDecode
/Length 216>> stream
x�M�Mn��9)�L�3U���ߖ���ʟ�`�%S8�r��0�C��ʅe��h6E���G�f�38����4�v�-�\s(}��UT+o��{�k��#ͩ���H�B��
      �a��粸�`)v��9��{�<�X`wxi��^�Im��).m�K��܂��g�Z�k���>�=�  ��V����0���2
                                                                             C�E�����5>�7�PS�
endstream
endobj
94 0 obj
<</Filter /FlateDecode
/Length 127>> stream
x�E�;!
       �ާ���s��V)����Uxh�Xv�H���@����F��>E'G���@�(\ bE�fё=��5C��p��Ϭ#�e��$���@��+&ʜ�
                                                                                         4�ht~iAM2��e7|�,�
endstream
endobj
95 0 obj
<</Filter /FlateDecode
/Length 78>> stream
x�322R0P03W�57�P045�R
                     �@
                       ]S#c�\.���b)�����
                                            �
��ef�U���q+��                            hD.�   2
endstream
endobj
96 0 obj
<</Filter /FlateDecode
/Length 117>> stream
x�M�A
�0
  �~�>`��:پ������uc��B�&(H234(t����pRխ�+c=A���|;ay1AO����}��=c�)�
/��    �s�����1�&e����_X�-���(!
endstream
endobj
97 0 obj
<</Filter /FlateDecode
/Length 95>> stream
�{�`$����DQ
�� Jš�cF�֑�8����T����д`@�=QL�k��ȜM���$cUC�VW���om�����
endstream
endobj
98 0 obj
<</Length 74>> stream
222 0 67 -718 155 0 d1
155 -718 m
67 -718 l
67 0 l
155 0 l
155 -718 l
h
f

endstream
endobj
99 0 obj
<</Filter /FlateDecode
/Length 177>> stream
x�=�I�E�>��l|�VU����dc�>�@p��$`��ۛF&~������ݨ<��l�
                                                       ^C�eVz�8Wq��:=�Z�#l
                                                                               �E=ύ�(;6H��b�X;���]h�s.�<����ި�ސAu�ɢ
'��f~w  �=ɤ�T�:'��i-���x6K��ޛ��w|�e�G
endstream
endobj
100 0 obj
<</Filter /FlateDecode
/Length 126>> stream
x�E�I��=���=�'Uԅ{�m!$�����/�;v��:���Őh٧���sՔ�, |�{�6�S�V�l���.��Qf������&Ţ�|��h�\4�)ւ�D��e'|���
    ,�
endstream
endobj
101 0 obj
<</Filter /FlateDecode
/Length 130>> stream
1=��
  sV�?�����Z��q����6�ҫ��rSK}�����K2jF�Ǎ3%��P' 2��PxX�a
z�(��LM��y?�W+�+׏%Ig�ܘѶ��k���\'H�]�X��o��[2
endstream
endobj
102 0 obj
<</Filter /FlateDecode
/Length 171>> stream
x�=�I�нO�,�x8O�*����24]�I���٠�lQ7Yd<    Ǥ7VP�L� �⮶    K
gS�E�_�
        �� �"YL}�?�<��T6ߋ���v5�1b�Hݩn�Z��we���l�<;,�t60�wR����{<ӡE��SŢ��r�.ę?���^�ݾ��@-
endstream
endobj
103 0 obj
<</Filter /FlateDecode
/Length 172>> stream
x�E�;!
       ОS�+���$�R���R�
                                ϸ��N��"
                                       #铞ܒ��ҧ��>4�d���8���9$���l�bb5eN�R�Bk;��xւ.d1J�<�
룴KYt����7�퍢):�>�����Y�&�Xp�ѽ Cs�T�Ċo��q��1붊�/���W��@
endstream
endobj
104 0 obj
<</Filter /FlateDecode
/Length 114>> stream
x�=�1�НSp�H�;>O���{��ؤ]�C�/�p�|N,�������yx
�斻��Q�h}؜�@,Z,v��,�p�9�:V^>�Z�IqÐ���${��Ϝ����[ &}
endstream
endobj
105 0 obj
<</Filter /FlateDecode
/Length 212>> stream
x�E�AnC�9�
            $��LUu�{�m���ꊧ�p�a��+.˙�e_�2��Xi�&u�Ƞ��<�o�)�橱�-��M1&�� P7,�o{���kZw:<pt�Di�n�y*�je����e������ѼH����B-ٖ@�v�N��׃����֛��ߞ���e�݃��L"?p�L�Yap������1d�c�D}���j?�����L�
endstream
endobj
106 0 obj
<</Filter /FlateDecode
/Length 121>> stream
x�U�K�D��b.    ��v��*�½���N�tO�f`mPX�V�zE��$`ˮx/t&t���0V�4����w�C��#S�j�i��ۈ��Ȥ#MG�p1E�r��I�˙�b|�����%�|t-]
endstream
endobj
107 0 obj
<</Filter /FlateDecode
/Length 125>> stream
�U�;D{N1��9�F�����-R�'�<�{�
�x    �1>Ɍ˟j�G�'j�4�zO^��i�7��C�mG����>&��
���:�x��ԣƆ���w�.^i�����/
t*�
endstream
endobj
108 0 obj
<</Filter /FlateDecode
/Length 79>> stream
x�5�;�D�=p�O�}��ߊQ*��:31Mں5�\��L|�;i,
��w���u[����(,[��
                     �
endstream
endobj
109 0 obj
<</Filter /FlateDecode
/Length 109>> stream
x�=�;D{N�,1���}�(�s�v�Yo�b����j��6{��   ��T��%�6v��c݅l�N}�uI�A�Z_+!�t���-8� &n�$�\O�;���O�r��%�
endstream
endobj
110 0 obj
<</Filter /FlateDecode
/Length 96>> stream
x�E�9�
       {��@�  �?Q�����"�v|h։������;
�j$�~B�8|       9�"3�:�6}}�V��[\p���������:���
endstream
endobj
111 0 obj
<</Filter /FlateDecode
/Length 138>> stream
x�=�1�0
       w�� Q�#�'E�!��Z�i:�@Q&�����ҘXk����F,c�G��N��w�C��H�� �)18�nu
                                                                        ���цl]���u��R�3|�9v�|�a��D�B��-{�*�R��z5����w�}ⴷ�>+�
endstream
endobj
112 0 obj
<</Filter /FlateDecode
/Length 84>> stream
��;U�  �G��k�WA��oB�U�|Q��3�d.x7k9��/sN��d�d����֓�:�>�.8��Q�
endstream
endobj
113 0 obj
<</Filter /FlateDecode
/Length 59>> stream
x�3�4T0P0�T�57�P046R�513VH1�����\p��2�
                                        �'�2�+�+�
                                                 ~B�
endstream
endobj
114 0 obj
<</Filter /FlateDecode
/Length 307>> stream
x�]Q�n�0��+|L�ɫBJH#q�C%����R1�q�}�v�J=`����.�YUk�=�>�(���F9�ƫ�@;�hC��JK��+�֒,��y�0ԦIQP�}����L{5v�D�w��is���� qs��0�2R�TA�^[��@�([�*䵟�A�Wq�-Pc�����ɶ\k.@
�JZ�N%���VI����u��/����X�B��O��#^���"��wSn�>����Tɂ�E�}"ІU�*�!�Ԉ#�ɜ'+r��S�Zb���!�'M����x�P^�
 ��7�{Íi���Ѣ
�_a���
endstream
endobj
115 0 obj
<</Type /FontDescriptor
/FontName /Helvetica
/ItalicAngle 0
/CapHeight 718
/StemV 94
/XHeight 523
/Flags 4>>
endobj
5 0 obj
<</Type /Font
/Subtype /Type3
/FontMatrix [.00100000005 0 0 -.00100000005 0 0]
/FirstChar 0
/LastChar 104
/FontBBox [-17 220 769 -737]
/CIDToGIDMap /Identity
/ToUnicode 114 0 R
/FontDescriptor 115 0 R
/Widths [278 278 278 355 0 0 0 0 0 333 333 0 584 278 333 278 278 556 556 556 556 556 556 556 556 556 556 278 278 0 584 0 556 0 667 667 722 722 667 0 0 722 0 0 667 556 833 722 778 667 0 722 667 611 722 0 0 0 0 0 0 0 0 0 0 0 556 556 500 556 556 278 556 556 222 222 500 222 833 556 556 556 556 333 500 278 556 500 722 500 500 500 0 0 0 0 0 0 0 0 0 0 0 0 191]
/Encoding <</Type /Encoding
/Differences [0 /g0 /g1 /g2 /g3 /g0 /g0 /g0 /g0 /g0 /g9 /gA /g0 /gC /gD /gE /gF /g10 /g11 /g12 /g13 /g14 /g15 /g16 /g17 /g18 /g19 /g1A /g1B /g1C /g0 /g1E /g0 /g20 /g0 /g22 /g23 /g24 /g25 /g26 /g0 /g0 /g29 /g0 /g0 /g2C /g2D /g2E /g2F /g30 /g31 /g0 /g33 /g34 /g35 /g36 /g0 /g0 /g0 /g0 /g0 /g0 /g0 /g0 /g0 /g0 /g0 /g42 /g43 /g44 /g45 /g46 /g47 /g48 /g49 /g4A /g4B /g4C /g4D /g4E /g4F /g50 /g51 /g52 /g53 /g54 /g55 /g56 /g57 /g58 /g59 /g5A /g5B /g0 /g0 /g0 /g0 /g0 /g0 /g0 /g0 /g0 /g0 /g0 /g0 /g68]>>
/CharProcs <</g0 46 0 R
/g1 47 0 R
/g2 48 0 R
/g3 49 0 R
/g9 50 0 R
/gA 51 0 R
/gC 52 0 R
/gD 53 0 R
/gE 54 0 R
/gF 55 0 R
/g10 56 0 R
/g11 57 0 R
/g12 58 0 R
/g13 59 0 R
/g14 60 0 R
/g15 61 0 R
/g16 62 0 R
/g17 63 0 R
/g18 64 0 R
/g19 65 0 R
/g1A 66 0 R
/g1B 67 0 R
/g1C 68 0 R
/g1E 69 0 R
/g20 70 0 R
/g22 71 0 R
/g23 72 0 R
/g24 73 0 R
/g25 74 0 R
/g26 75 0 R
/g29 76 0 R
/g2C 77 0 R
/g2D 78 0 R
/g2E 79 0 R
/g2F 80 0 R
/g30 81 0 R
/g31 82 0 R
/g33 83 0 R
/g34 84 0 R
/g35 85 0 R
/g36 86 0 R
/g42 87 0 R
/g43 88 0 R
/g44 89 0 R
/g45 90 0 R
/g46 91 0 R
/g47 92 0 R
/g48 93 0 R
/g49 94 0 R
/g4A 95 0 R
/g4B 96 0 R
/g4C 97 0 R
/g4D 98 0 R
/g4E 99 0 R
/g4F 100 0 R
/g50 101 0 R
/g51 102 0 R
/g52 103 0 R
/g53 104 0 R
/g54 105 0 R
/g55 106 0 R
/g56 107 0 R
/g57 108 0 R
/g58 109 0 R
/g59 110 0 R
/g5A 111 0 R
/g5B 112 0 R
/g68 113 0 R>>>>
endobj
116 0 obj
<</Length1 13968
/Filter /FlateDecode
/Length 9673>> stream
x��{\���-3��WX`w]d�QA6ر�,FEE�
��(���c�c5K�h��//&���L���˳�e��;� &y���g8s����s�)�!�CU��L��jn�
                                                                           ���p��O�N(�M�Q^M7pS�<�{'Ω�Lf�A��<7�zʌE�ϛ��#�86���9�
!m�7N�>��!ｉ�n#B��+'�Wp��g�\
                             확P�|�%��UP�\9�v^�&�
僰���U˗[���x�ڌ�y��?�f�R{B�3�|Ƥ���r(���;��jj�T�P������Iկ�vB=�
                                                                 ���}x-�����-x��o�7 �]�����16��r4���<Qp*Bx�qm��]=���C"��E��J���)���Х��0Azx
`�'�Sm�[=���E�(e�^�/����ah�J�T4-jm�{�P�ܣ7��C�#=�џX�����}7�t�����A�؆���]�
                                                                             0��P�UVj��Z�Kc�1����?�2�C/�h7zr+"M��"�j���Yt=�֢�h;Z�z��iO�<
                                       �\P�?^x�B��^Xw�w
�����2T���&X��k�^��+z�Пqypx]���}��  7�}����<��
�-�L����)��V���`�~�����h<�Ω��\�]s%Ёh%�3�fwl���nD�����h`2�BcA6��¤nu�n�C���5mc�����&ʖG�&���]�*��
      ��*�h;���h��c��h�O� m�u���ߡ� P��?S3��yd���-��������k���EƖN M�ZoJe�H�c���S����Ra    W��ܛ�Ľ/-�=^�Pp_ �^n?1�o����ʾ'+3�GZj���.�  ��}��n��d4�u�J�x���=!\���S�ܗ�+/HI��;+��$��e!O�'  ��+(��|�!O�'�Iy� ='����)���FOoԛ-���.��y�p��bȯ��
�B]|Ս�K_,gH��^�)ulY�i~yE�pxq~��LI����M(O�2$��򔞩cŰ���s*���GܨQ���&�S�Q�ZY
                                                   u��Ә�\��Ɉ&�%i+|���h9������+C��PW_�P�_8a��Bɾ���$6����
     ��$��F�����]�zwMy�F�7��X6D�BxD��]�к�>�����˛Z�&�<F_}�V[_��F��0ES�
                                                                       k\���`�XV�{#[��
                                                                                        ["�Oe9��_��{��kj�S������z�4�hBuË�e��:��Ԥ`������[k�kki^��Y\��T����k�Cu@��1���!��.���l�d����j@�TO�O"���@nؐz�\��N��`��ٓ��i�<�����ߜJ'L�B$�aTqH��<±�ƴTQ^
                                                          ��_ff(�W��r۹��ʟ:�X�������
J�ϼ����Ʉ�S���-hk5�h:����/�7<C�x%�.�2����)�.��u��O����wM�3q�+h�M`E�'���*4�7hxI�=D�
              �*=!���퍑G�r�2�#�uW���L�
                                         �mF�P �Ց����r{��7�ښ=�Jߠ��lr_dB!&��=&��
����,�-�}��k[ˌ�A�rS�A��6�����"^5������U���L��r���������\KX-�d+��F@A)�w���[9�B.Ol�H�S��a4���������D��&6q���7u�p]�\'_���LT��RT�Z�#�F̪�@�
                                         ൩0:��:�j�Q#��&\ר]�u�C
                                                                c�����E%�G��OX(�] .�J`6��|O������ ;l���?¾��&__@DІԾI�!�/������p��� �؎ax��0���-��D�s��1NA���La&\<��O�<_�
                                                                            �'xa��
                                                                                   $��yr��i*�q����Ý�~���^&���(D
            �{+��)�sTlW�C-����އ��U]U
                                       Tթ����5ٚ�A��Қ�3��j���֭��E�M?U@����é��EO̻f~u�/���?w؏m�1���d����G�o�@�N�<f1�d   ��P�8Q+ ET����ͅ�
                                       &3��6�M�i~��D�&�bJ�H0�\o1�����s|y�n��*�(UC�?>��9�I&3�v��M~yF��~�᷑�端������>w��� >��\ȍ�i��gU��Z�٠�pj��jw�)8��a�9y^�
j/�vP����*9�N{8�u1�h2F�L�ut�tt��TG���0S�醉�Dw��Ig���Q�?�o��4nָY�i�   1t#�L�2Y̎l�\zz8��Q��K}�
    ?����
         �P���=y���,�9Z�:j��s��}�����O�3��o���<�Oze�T�a0���I�ӥWp&ɹ�5�"�U�%���'Nvz�)��u��)f�Ro�q���ed��ٺ�{���j���]mBL��f=�v��(��mB�V���ʨU��2ϒݪ�ꦊW���<�y*8Q�ߟ:�0��ę�OMJ�g�Se*1���{�e�9׭�����L���Ô؝d���)���;N4�Qle-z�{�r_�-�y�N* �޽*n��.�[��)���f|����C�%s-%{�*Vol�
                                                                               ���z�    =�/zP��Vv-_5~1q4V�D� $�>sڄ�X�V�Owu}>�q��I�4J�|>ȩN��̐*���N99III�ɞa�   K�?r�|�~�U�uJ*��    �N��j��g�\��&�w���صyݺ�k�;g�����������J)��s�?�_
jĹ`��G<|ʍf�/����,�@��@���g��r��1Kפ�W��S��M��ͫR���n�]�VS�S �f�4;Q�2�&#I���t�S�ͯ���j�+{�U��t��o��`����on����jE�b��*�Z��Wi�&#Q��i��S�֮����r�Ś
                  
��*���ܡ �ȂӚ|&o������-R1޷�#e�(|p3>(��������/J�J��*n���~-���<��?ᮀe-:ƍ�v"
                                       t��Vr'_=��"
                                                    *��1�1���Ǣ�LFt;�x��~������[��M�C�;t���Q�Q6��`*���
   ��^J��;�w�17At.�k:D5��%�JMj�%�4�y'I�>h��eً���!4

Z���؏�Gn�m�/��a�o!�Ɨ�`%F�ݣ��f��E��58���v�S4D����FEQ��PT)��&H����d�mR��q�ƃ�o[��wY�|���z�ʹ-�O7ǃ������w�_G��\;�n�ӛ���� _!OJ�I��D<
��%ғ�Ӹ��H�(}.���;�v����M��cuZ�����j�
U
 Z�0�b'㸬c�
:�Tp_�|靳�<�O�KWj���O��M�ehm�҉�o��6�j��R1����N��ꭱq:�ɤ�    �8Ew\M~��Q���⬾8C�F�ľ؟n��.�c�׶���Gv���{`���z���?���]^����_|zLռg���9T�弽��t�:�� ���#�K�
                                                      �K����Ν���&��&h0c5��76��,�
��  �p {܄S�`�����{6����?0E�l��:uN̲{�33��$�
                                                   ��
                                                      7��gmE�:cê�cw�O�0zÈ��n�����Wv��v?����O�~]4�p�# �S����j�m1Q���T�y�7 N����A�֦j���V�5���!�Ռ��au��?Y`��T�K�ky���/�����s��p�Z�����4�ej�{>�E�bJ��b�Y�J���@�5�&h��\ƚ����lΚ�M�@F�JN�q�C&t�]R��e�L���H+��!p}2��ܠ9�o��o=�g_]���5��R��eE�����§׼Ws�Iۻ�6-��=��}�4��
�{'�.�V�d��X�g�5H�T~at��y�)`d��P�\��x��o[�t�BKq�u� �N   k-����&�����TJ��>�7�)���۝W��hX�]��5DtZ-z
    t��{E��J�8��9B��X��h��"�҈����wPy�

                                           ����o?MKȽ��Ǥ�ҦGA�jq17�^��-���N�
�*n��;��є��p��p!.�՘+�G�R�`�V���IM
��˃b`����iqC���]���m�
                          �p����"�GF�q�����.+C�3��J`w�?�(��3���1�;�V�))v�
�P�A��g��W`�!�A�FS�ă�V���9��(Ǎ���m����@��j<p
��
�O�������W���C�m�6��!�HZ���z�;����߳]ςs3��MsLF��P8�V�p"�QO
                                                            *���x��4h2�9$�  �@�P(�B�e�� h� �T�4��D�,�P��C�qad��w�&8=Y�� ��뱀s
���M���xI��~��I,T��;J�|��V=�B@.������K��#��|ʳO���
���A��n��F��`ujLH�@F37I� }&��Yx�k����=�EB�qi;�/���a�7���j��5Xq0��#�����


�eiEV�,��Jf���%���[cv��%0�i('*�v��J�Ũ���'���4��0Q�7X�J���#���v�ڼ숵��z�`AA}4!��o�;r�N�~JE���O�0ԡ�b��-��hy�ޠY�������2%��ēA<oF�d��a�;!���R8!�)��-?|B���ܴ�#n7]�o\J���M9�,�=6�K����*ࢊ��� ��!/}x2���2�)���\������f�����{*3�N��Z-ի̔r*�a�3��afl0瘫�g�7̼l8�y�,qa~�q�fu����!h#����%ƴ'���L�����Y���ߟzo�YzG���%9-/��/�z>��Yz��ԭ�qk0�['��Ѭ��#�+���.���l�eS����3R>ד�k
                                                                   �����Vkg������l+��� f�-��*`�����Ќy8I��!W|z��E��>�g����3#��j��V�Uu)�ܐho��*�&�^�1j}�A
B�ƥ;w�׮N��S�>���\���5�83ga~�JQm�Z=����8��wYͨb�|�Q�^8\���A��M1����(�9<z�2�6������X�g�*
                                                                                          ��FRۨ6Gٶ؞��I��}��N��}��LX�L�����7_���(�s�1��^��m]�|��������USZ�6s?wM
��������]���7�e��0���*�8�Ŋ���j
                                 F���Rm��4[����W`�8�� �NՅA�b�b��"4�A2�#�;�a�tVG��);yv���#�r�a�h)&�?5��X7g��-�O_o:�����Z��z��p�~��W/~ra�
                                           m��A�a4�o����A�z��!�����l����S�(�4�0��i&t;���
b�
    �?�����f�z�o��{�����j��9&䄖O�>�y�ʭ+�=7�w'�=a��e��6  O������۫o�+����h=LL��Q�BG]1Nu��F[a�hT���%��@�j��Џ��ݼ���C�FE���l$�Kp�k�l�ޙ|�ɫ�/W�|+�?��'1����
IY�'`3�`7X�KN���Gq��z���������   �EE�M�A5
                                                e� �&�6(���]md�d^���x�Ǳ�H�c�d��>-x�[܉��i=�z��(zp}ԅ�:�&^۽r�z=Pl�T��q��줢�bGiS'�J�6��z�
                                       �� �j�'FzR=\�>
��33�/�v,�#�:��dʾ�1M�Y��Lz<7������L                     q�FM��i��e  s�� �1e���
Ur�
x^�z�zyђ�T\�$j�p|��S�a
���q��n�������>>{i������'��Lv�(Mtp�b��5V��nU��� �0"$���n�`iSQ`�|'������ǧ�,�u�?/-������%��X����DV��<l�Ƞ)���(p��ڣ��<���� o�D���k��v7�4Y߽�����i������.�FVԠ>b,V�`�*�p��(�X��0�&�洽u��3�d�*V0����U�Yڼ��1|�}i~
�nk�ݝ=�ˑ�\��n��z����.':)�e���y���d�ޠZ#o
7K�~����V�t�Z<�B�T͙��G��!����ܼ���8�R��S:��n��&�+��Vr�]`9���,��29��(Ut�]�T9��MV+ llU����bG�L5Z!��pJ��oh1���=�©�[RAޘ�k�wSࣅ�J9�T �*#}����}�;o���tn]��O-������ݾq��]�I���pg0%�[��o����.���_i
     ����>f����wq��m.��6ع�E�p����^0��v��t7Z�Ҽ�x��p�jL���k/��`ٶ�ںb���F�r�F�@&����Z
��K?���7�,�����]�6�j56������l׸�/�����8v@1L�z�g�j�g_�Ӓ�zX8Α��
                                                                     �8C>\����˶��K�k3����O���$�m$�hC]!f ���z��Z��`���w���]r�L��?��٪+�x��+��.J>�lyi�d����SG^�������&��3 7�A�'��b7���DGiQ\b��N��`ң����FGۍ����b����+�w�R�
����aO�
       f>l�d����q����[o�ͻ���6��0I�y��΅ދޣ�7�����}r����%kܣ�=+��7�j䖧W,�
v�I                                                                    �ֻ���2t6�ř֛�~�-St�*�Z
   �gWB;�~�Rl�a�#Cj��[XP�516�=�
                               ә����TXT�Г��޳�'���Z�R;lp���W7�]�}��^@�ȹ�N�*�e������:����cS���8B�͉6�-y�x���}r����^-#v��&5���~����D�/�AnVj�S��H�JM��h5*b(p�p�"XD���ɡ?��c7���O��P�֚z���,*f4͞C^�Ul�J����;Ff��
��L5T��R*��h��kQQ?ٚ̚��yeX��gi�g�;H8�;����h"����-3�����}    d���7d'�{�đq�D�ʗ�zJ�'����X��o��   �ދOK�I2�Kc�S-߷����=��Xk���V`��H#�<�l�B�aN�hX;�w����*Z�}*f�Y�+��^|��j���q�sR
                 :g��%i��2��D�6�4j��f׫T�Qm@<�/WX5��&Kv�9�Sb�lwd�S�q���  �I3Kݚ�r��+�<#�<+�Ѭ�,����,�7��o�v�
               `2�t��h"l��cQ��x(�@�#��*m҈�����`��k
                                                     �G;�����xIw0-�~�*�x��f��-c:/}�wMQ��K��j�U���~��[�%$G�tM�0J�^@���(�����_������    ��m@��<��%'�g䲺p0��~��<��y(�M(?��`#@��F��yg�&V��m��`D�Y{��7�0�C��H:����{��[�1
'Y�w�!��������3�1�6�������2g&�N��'��ALE�#DORS�[n*a9N����H�8� �'H3���D�D�\�><��;� ��FS�4   =������}&��{yP�H����(
���i�o�LA��r�������)�e����
�g9�&B�j4Ʋ^�P�A]����e��A�A�*h��=(�����V�<���-r#"Xȣ�!7�O��_��%����/�DAExD$�G��r�"HݐC~<�C����>�7���/H��2K3p�#unԯ;���BD����G8�:xb�pm��xb�pm*�B�<�, �tw�D�
�w]?|�V��p����w����7�nPtU�J�W����"���}�_~�6|�c?�,�6|���v���߾|�2/�3�N�ilE}�ֵ��>��R���>��Q�g�w��eC���c�8���?�y>*�����G��#����.}���ůг/��
��g��Lڙ�3��L�b8�>MRO眮:}������C    nOSZSaSuS]��"�4Y��'��Dቺ�\���qb8�s��Qڄubҁw]hc��B͡wB4�p�a��P�i>��!�z0� ��,n>���O�S:ֳ7���@aFц
                                     w����A}8��H ���M�F���c
                                                             ��zS�������T8��/�p�إ½���64n8�@ņ����0lIݒ�e��[x�
                 X���V����ܛF��/m�i�{c�FR�q�F���<��m�3&�Y���
�Y��^=��{��>���{���޵�{��-�i����X\��j�?U \3���(��,R�i��-��R�������;! gD�%&0���}��{,�%�Z��E��q�$]y���m��$�    �#n�   G�@V��0��B������D�qO@�%�v!�4ĺ
܅M�%N����������
���jf�2l0\2�9Pw�@�(��ێy܄76���4�I�:bPHU86�W��G��8�$$�
����ō��X���
��,���* #�Ld���v��������p$[���jk!�
                                      r
                                       ��)��¬��jjkk"50J�I��gRMM�@����kjT�T�kK`[F�Z$��Gے0���$4�F.��!0CM�v��ׄ1�i[Q��?f���
endstream
endobj
117 0 obj
<</Type /FontDescriptor
/FontName /LiberationMono
/Flags 5
/Ascent 832.51953
/Descent -300.29297
/StemV 53.222656
/CapHeight 658.69141
/ItalicAngle 0
/FontBBox [-481.93359 -300.29297 742.67578 980.95703]
/FontFile2 116 0 R>>
endobj
118 0 obj
<</Type /Font
/FontDescriptor 117 0 R
/BaseFont /LiberationMono
/Subtype /CIDFontType2
/CIDToGIDMap /Identity
/CIDSystemInfo <</Registry (Adobe)
/Ordering (Identity)
/Supplement 0>>
/W [0 97 600.09766]
/DW 0>>
endobj
119 0 obj
<</Filter /FlateDecode
/Length 326>> stream
x�]��n�0E�|���"�'d���<$}��@�!�T�e�_3C��@:�{�k���>���~�A5Xg��0W����bl�    ��

�[��K�hn�1@_�nHʒ��3���O�i��3<'���������}��:�
                                             =��xRULC��ں����mU��o´����kr�rFiԠat���
                                                                                     $%��b�)�*����:w����:�E5�yQ!�vHB"�
                    )_#�QA$�� :!m2���   �^�[�G�e��^��▊9)d���'"j��)��&��d��)�$��7b�G:�R|Y@���9O�>*u�>N ��g��p�=np�k~����
endstream
endobj
8 0 obj
<</Type /Font
/Subtype /Type0
/BaseFont /LiberationMono
/Encoding /Identity-H
/DescendantFonts [118 0 R]
/ToUnicode 119 0 R>>
endobj
120 0 obj
<</Length 17>> stream
278 0 0 0 0 0 d1

endstream
endobj
121 0 obj
<</Filter /FlateDecode
/Length 229>> stream
x�=�AnDC�9�
�a[��|iӽ�c��6�<�����[�tf�'��1e�
              �n��M�)�p�i�yѷ�
��Nt�T\�                     �A��*�!��s�T�����!冮����i?�r�@-���Z[=�7zr�/��^a�.<
W7h@�DC0W���XҠ[�Up��㬄�I9�Ҙڶ�����(#0j�"�2��3������߅�<ʆ�C����}^����_}�?}T&
endstream
endobj
122 0 obj
<</Length 75>> stream
222 0 67 -718 308 0 d1
308 -718 m
220 -718 l
67 0 l
155 0 l
308 -718 l
h
f

endstream
endobj
123 0 obj
<</Filter /FlateDecode
/Length 136>> stream
x�=�;�D{N�4#+��8�I�ܿ5Xv*,��\��
�>(޸�;���!���E��E�����fzGi�/��U�U�h����A��h3�6es�sER�{Xj��,��I;-G
endstream
endobj
124 0 obj
<</Filter /FlateDecode
/Length 142>> stream
x�=�;��wN�"ᑜ'Uե�_
                  ?J'>��6s$t�as��#+�6㐔�PK �*O��P��վE�ˁ�s����sφ"��B��[>�K�0�5�ˠ�6�I�wJ����x��Y����c��C�ё�`�����2s
endstream
endobj
125 0 obj
<</Filter /FlateDecode
/Length 122>> stream
>t��xX��c�sQ��ٿ
,��1�ld���n�/i��0�r33Ʋ�E�Q�tv��b[�uX�p|!����S��Mu7i��S$���S9��w����Co��S&�
endstream
endobj
126 0 obj
<</Filter /FlateDecode
/Length 220>> stream
x�E�K�D�>h��ls�EYt��M�i6v   (x��K��r�/�(є?m�
                                                ��t�+P��.�aG����tT�!j�NER1�:I��
                                                                                 N�@�N��4��    �C.E�����B.��C�F��#�R�+���³�Ӓɞ��Y?��F=����57�����%��W����llrGO�:`L)־��������㈻�)#O;!���������վ6Mw
endstream
endobj
127 0 obj
<</Filter /FlateDecode
/Length 134>> stream
x�=�9E{N�,�z9�D������c7恀��u����^;7~)y:�H��ZIs~�zlt�5����:�nP˃*k��A��J�>�Uv��®�h�l�p�E�
  ��4tS�v����Co��
           �>.�
endstream
endobj
128 0 obj
<</Filter /FlateDecode
/Length 136>> stream
x�EO9�0
       ��
�X��ޓ���Č����P�rt�Lu����T&>�9�%�B�����b���
��sw�ޣ��et��}�4D��%�ռ�0mqO���|�-?.A+�
endstream
endobj
129 0 obj
<</Filter /FlateDecode
/Length 264>> stream
x�]��n�0E���Y��Ȅ���RD�Ģ���=PKŶ�Y�����R��x��
                                                ��k���f5��� ��8��r�G��!!�ۢx��B=ܭ�éU�&e   @�}vvv��E�}��T#�>����b�7N�d��@��+=3��&�}+|^�u��?��j�R7\
�h���YVA�4A%�厉���,)Oޙe����kҵ��%��c����_v���xS�%�)P��P$4��d��m�F䋵~���8VH*�m�h�p~����
endstream
endobj
130 0 obj
<</Type /FontDescriptor
/FontName /Helvetica-Oblique
/ItalicAngle 0
/CapHeight 718
/StemV 250
/XHeight 523
/Flags 68>>
endobj
16 0 obj
<</Type /Font
/Subtype /Type3
/FontMatrix [.00100000005 0 0 -.00100000005 0 0]
/FirstChar 0
/LastChar 90
/FontBBox [15 220 610 -718]
/CIDToGIDMap /Identity
/ToUnicode 129 0 R
/FontDescriptor 130 0 R
/Widths [278 0 0 0 0 0 0 0 0 0 0 0 0 0 0 0 0 0 0 0 0 0 0 0 0 0 0 0 0 0 0 0 0 0 0 0 0 0 0 0 0 0 0 0 0 0 0 0 0 0 0 0 0 0 0 0 0 0 0 0 0 0 0 0 0 0 0 0 0 0 0 0 556 0 0 0 0 222 0 556 556 0 0 333 500 278 0 0 0 0 500]
/Encoding <</Type /Encoding
/Differences [0 /g0 /g0 /g0 /g0 /g0 /g0 /g0 /g0 /g0 /g0 /g0 /g0 /g0 /g0 /g0 /g0 /g0 /g0 /g0 /g0 /g0 /g0 /g0 /g0 /g0 /g0 /g0 /g0 /g0 /g0 /g0 /g0 /g0 /g0 /g0 /g0 /g0 /g0 /g0 /g0 /g0 /g0 /g0 /g0 /g0 /g0 /g0 /g0 /g0 /g0 /g0 /g0 /g0 /g0 /g0 /g0 /g0 /g0 /g0 /g0 /g0 /g0 /g0 /g0 /g0 /g0 /g0 /g0 /g0 /g0 /g0 /g0 /g48 /g0 /g0 /g0 /g0 /g4D /g0 /g4F /g50 /g0 /g0 /g53 /g54 /g55 /g0 /g0 /g0 /g0 /g5A]>>
/CharProcs <</g0 120 0 R
/g48 121 0 R
/g4D 122 0 R
/g4F 123 0 R
/g50 124 0 R
/g53 125 0 R
/g54 126 0 R
/g55 127 0 R
/g5A 128 0 R>>>>
endobj
xref
0 131
0000000000 65535 f
0000000015 00000 n
0000078495 00000 n
0000000254 00000 n
0000084604 00000 n
0000099639 00000 n
0000000291 00000 n
0000000367 00000 n
0000112201 00000 n
0000000407 00000 n
0000078744 00000 n
0000015955 00000 n
0000016117 00000 n
0000079012 00000 n
0000040541 00000 n
0000079253 00000 n
0000114629 00000 n
0000062530 00000 n
0000079516 00000 n
0000079593 00000 n
0000079642 00000 n
0000079708 00000 n
0000079774 00000 n
0000079902 00000 n
0000080126 00000 n
0000080282 00000 n
0000080478 00000 n
0000080622 00000 n
0000080934 00000 n
0000081174 00000 n
0000081399 00000 n
0000081638 00000 n
0000081870 00000 n
0000082063 00000 n
0000082208 00000 n
0000082331 00000 n
0000082576 00000 n
0000082767 00000 n
0000082970 00000 n
0000083160 00000 n
0000083400 00000 n
0000083602 00000 n
0000083768 00000 n
0000083966 00000 n
0000084095 00000 n
0000084473 00000 n
0000085878 00000 n
0000085944 00000 n
0000086010 00000 n
0000086168 00000 n
0000086317 00000 n
0000086494 00000 n
0000086668 00000 n
0000086822 00000 n
0000086980 00000 n
0000087109 00000 n
0000087232 00000 n
0000087360 00000 n
0000087568 00000 n
0000087724 00000 n
0000087970 00000 n
0000088282 00000 n
0000088455 00000 n
0000088701 00000 n
0000089002 00000 n
0000089169 00000 n
0000089484 00000 n
0000089753 00000 n
0000089901 00000 n
0000090076 00000 n
0000090223 00000 n
0000090483 00000 n
0000090652 00000 n
0000090906 00000 n
0000091129 00000 n
0000091322 00000 n
0000091478 00000 n
0000091635 00000 n
0000091798 00000 n
0000091930 00000 n
0000092122 00000 n
0000092280 00000 n
0000092480 00000 n
0000092678 00000 n
0000092938 00000 n
0000093234 00000 n
0000093377 00000 n
0000093563 00000 n
0000093891 00000 n
0000094132 00000 n
0000094353 00000 n
0000094593 00000 n
0000094835 00000 n
0000095037 00000 n
0000095324 00000 n
0000095522 00000 n
0000095670 00000 n
0000095858 00000 n
0000096023 00000 n
0000096146 00000 n
0000096394 00000 n
0000096592 00000 n
0000096794 00000 n
0000097037 00000 n
0000097281 00000 n
0000097467 00000 n
0000097751 00000 n
0000097944 00000 n
0000098141 00000 n
0000098291 00000 n
0000098472 00000 n
0000098639 00000 n
0000098849 00000 n
0000099004 00000 n
0000099134 00000 n
0000099513 00000 n
0000101573 00000 n
0000111334 00000 n
0000111576 00000 n
0000111803 00000 n
0000112342 00000 n
0000112409 00000 n
0000112710 00000 n
0000112835 00000 n
0000113043 00000 n
0000113257 00000 n
0000113451 00000 n
0000113743 00000 n
0000113949 00000 n
0000114157 00000 n
0000114493 00000 n
trailer
<</Size 131
/Root 19 0 R
/Info 1 0 R>>
startxref
115606
%%EOFmspacek@Godel:~/SciPyCourse2021/notes/01_Python_basics$
mspacek@Godel:~/SciPyCourse2021/notes/01_Python_basics$
mspacek@Godel:~/SciPyCourse2021/notes/01_Python_basics$
mspacek@Godel:~/SciPyCourse2021/notes/01_Python_basics$
mspacek@Godel:~/SciPyCourse2021/notes/01_Python_basics$
mspacek@Godel:~/SciPyCourse2021/notes/01_Python_basics$ ls -al
total 180
drwxrwxr-x  3 mspacek mspacek   4096 Apr 20 14:05 .
drwxrwxr-x 21 mspacek mspacek   4096 Mar 12 09:46 ..
-rw-rw-r--  1 mspacek mspacek  31273 Apr 21  2020 01_history.txt
-rw-rw-r--  1 mspacek mspacek   8823 Apr 19 20:59 01_Python_basics.md
-rw-------  1 mspacek mspacek 118306 Apr 19 21:17 01_Python_basics.pdf
-rw-rw-r--  1 mspacek mspacek    118 Apr 28  2020 basics.py
-rw-rw-r--  1 mspacek mspacek    110 Apr 21  2020 hello.py
drwxrwxr-x  2 mspacek mspacek   4096 Apr 20 14:09 tmp
mspacek@Godel:~/SciPyCourse2021/notes/01_Python_basics$ ls -l
total 172
-rw-rw-r-- 1 mspacek mspacek  31273 Apr 21  2020 01_history.txt
-rw-rw-r-- 1 mspacek mspacek   8823 Apr 19 20:59 01_Python_basics.md
-rw------- 1 mspacek mspacek 118306 Apr 19 21:17 01_Python_basics.pdf
-rw-rw-r-- 1 mspacek mspacek    118 Apr 28  2020 basics.py
-rw-rw-r-- 1 mspacek mspacek    110 Apr 21  2020 hello.py
drwxrwxr-x 2 mspacek mspacek   4096 Apr 20 14:09 tmp
mspacek@Godel:~/SciPyCourse2021/notes/01_Python_basics$ ls -l > file_list.txt
mspacek@Godel:~/SciPyCourse2021/notes/01_Python_basics$ ls -l
total 176
-rw-rw-r-- 1 mspacek mspacek  31273 Apr 21  2020 01_history.txt
-rw-rw-r-- 1 mspacek mspacek   8823 Apr 19 20:59 01_Python_basics.md
-rw------- 1 mspacek mspacek 118306 Apr 19 21:17 01_Python_basics.pdf
-rw-rw-r-- 1 mspacek mspacek    118 Apr 28  2020 basics.py
-rw-rw-r-- 1 mspacek mspacek    446 Apr 20 14:12 file_list.txt
-rw-rw-r-- 1 mspacek mspacek    110 Apr 21  2020 hello.py
drwxrwxr-x 2 mspacek mspacek   4096 Apr 20 14:09 tmp
mspacek@Godel:~/SciPyCourse2021/notes/01_Python_basics$ cat file_list.txt
total 172
-rw-rw-r-- 1 mspacek mspacek  31273 Apr 21  2020 01_history.txt
-rw-rw-r-- 1 mspacek mspacek   8823 Apr 19 20:59 01_Python_basics.md
-rw------- 1 mspacek mspacek 118306 Apr 19 21:17 01_Python_basics.pdf
-rw-rw-r-- 1 mspacek mspacek    118 Apr 28  2020 basics.py
-rw-rw-r-- 1 mspacek mspacek      0 Apr 20 14:12 file_list.txt
-rw-rw-r-- 1 mspacek mspacek    110 Apr 21  2020 hello.py
drwxrwxr-x 2 mspacek mspacek   4096 Apr 20 14:09 tmp
mspacek@Godel:~/SciPyCourse2021/notes/01_Python_basics$ ls
01_history.txt  01_Python_basics.md  01_Python_basics.pdf  basics.py  file_list.txt  hello.py  tmp
mspacek@Godel:~/SciPyCourse2021/notes/01_Python_basics$ ls -al
total 184
drwxrwxr-x  3 mspacek mspacek   4096 Apr 20 14:12 .
drwxrwxr-x 21 mspacek mspacek   4096 Mar 12 09:46 ..
-rw-rw-r--  1 mspacek mspacek  31273 Apr 21  2020 01_history.txt
-rw-rw-r--  1 mspacek mspacek   8823 Apr 19 20:59 01_Python_basics.md
-rw-------  1 mspacek mspacek 118306 Apr 19 21:17 01_Python_basics.pdf
-rw-rw-r--  1 mspacek mspacek    118 Apr 28  2020 basics.py
-rw-rw-r--  1 mspacek mspacek    446 Apr 20 14:12 file_list.txt
-rw-rw-r--  1 mspacek mspacek    110 Apr 21  2020 hello.py
drwxrwxr-x  2 mspacek mspacek   4096 Apr 20 14:09 tmp
mspacek@Godel:~/SciPyCourse2021/notes/01_Python_basics$ ls -l > file_list.txt
mspacek@Godel:~/SciPyCourse2021/notes/01_Python_basics$ ls -l
total 176
-rw-rw-r-- 1 mspacek mspacek  31273 Apr 21  2020 01_history.txt
-rw-rw-r-- 1 mspacek mspacek   8823 Apr 19 20:59 01_Python_basics.md
-rw------- 1 mspacek mspacek 118306 Apr 19 21:17 01_Python_basics.pdf
-rw-rw-r-- 1 mspacek mspacek    118 Apr 28  2020 basics.py
-rw-rw-r-- 1 mspacek mspacek    446 Apr 20 14:14 file_list.txt
-rw-rw-r-- 1 mspacek mspacek    110 Apr 21  2020 hello.py
drwxrwxr-x 2 mspacek mspacek   4096 Apr 20 14:09 tmp
mspacek@Godel:~/SciPyCourse2021/notes/01_Python_basics$ cat > shopping_list.txt
apples
oranges
pears



mspacek@Godel:~/SciPyCourse2021/notes/01_Python_basics$ ls -l
total 180
-rw-rw-r-- 1 mspacek mspacek  31273 Apr 21  2020 01_history.txt
-rw-rw-r-- 1 mspacek mspacek   8823 Apr 19 20:59 01_Python_basics.md
-rw------- 1 mspacek mspacek 118306 Apr 19 21:17 01_Python_basics.pdf
-rw-rw-r-- 1 mspacek mspacek    118 Apr 28  2020 basics.py
-rw-rw-r-- 1 mspacek mspacek    446 Apr 20 14:14 file_list.txt
-rw-rw-r-- 1 mspacek mspacek    110 Apr 21  2020 hello.py
-rw-rw-r-- 1 mspacek mspacek     24 Apr 20 14:15 shopping_list.txt
drwxrwxr-x 2 mspacek mspacek   4096 Apr 20 14:09 tmp
mspacek@Godel:~/SciPyCourse2021/notes/01_Python_basics$ cat shopping_list.txt
apples
oranges
pears



mspacek@Godel:~/SciPyCourse2021/notes/01_Python_basics$ cat >> shopping_list.txt
potatoes
tomatoes
mspacek@Godel:~/SciPyCourse2021/notes/01_Python_basics$ cat shopping_list.txt
apples
oranges
pears



potatoes
tomatoes
mspacek@Godel:~/SciPyCourse2021/notes/01_Python_basics$ cat "put this in the file" > test_cat.txt
cat: 'put this in the file': No such file or directory
mspacek@Godel:~/SciPyCourse2021/notes/01_Python_basics$ cat 'put this in the file' > test_cat.txt
cat: 'put this in the file': No such file or directory
mspacek@Godel:~/SciPyCourse2021/notes/01_Python_basics$ cat --help
Usage: cat [OPTION]... [FILE]...
Concatenate FILE(s) to standard output.

With no FILE, or when FILE is -, read standard input.

  -A, --show-all           equivalent to -vET
  -b, --number-nonblank    number nonempty output lines, overrides -n
  -e                       equivalent to -vE
  -E, --show-ends          display $ at end of each line
  -n, --number             number all output lines
  -s, --squeeze-blank      suppress repeated empty output lines
  -t                       equivalent to -vT
  -T, --show-tabs          display TAB characters as ^I
  -u                       (ignored)
  -v, --show-nonprinting   use ^ and M- notation, except for LFD and TAB
      --help     display this help and exit
      --version  output version information and exit

Examples:
  cat f - g  Output f's contents, then standard input, then g's contents.
  cat        Copy standard input to standard output.

GNU coreutils online help: <http://www.gnu.org/software/coreutils/>
Full documentation at: <http://www.gnu.org/software/coreutils/cat>
or available locally via: info '(coreutils) cat invocation'
mspacek@Godel:~/SciPyCourse2021/notes/01_Python_basics$ cat > name_of_file.txt
sdlfkjl
sdflkjlkjsdf
mspacek@Godel:~/SciPyCourse2021/notes/01_Python_basics$ ls
01_history.txt       01_Python_basics.pdf  file_list.txt  name_of_file.txt   test_cat.txt
01_Python_basics.md  basics.py             hello.py       shopping_list.txt  tmp
mspacek@Godel:~/SciPyCourse2021/notes/01_Python_basics$ ls
01_history.txt       01_Python_basics.pdf  file_list.txt  name_of_file.txt   test_cat.txt
01_Python_basics.md  basics.py             hello.py       shopping_list.txt  tmp
mspacek@Godel:~/SciPyCourse2021/notes/01_Python_basics$ rm -r tmp
mspacek@Godel:~/SciPyCourse2021/notes/01_Python_basics$ mkdir tmp
mspacek@Godel:~/SciPyCourse2021/notes/01_Python_basics$ cd tmp
mspacek@Godel:~/SciPyCourse2021/notes/01_Python_basics/tmp$ ls
mspacek@Godel:~/SciPyCourse2021/notes/01_Python_basics/tmp$ ls -l
total 0
mspacek@Godel:~/SciPyCourse2021/notes/01_Python_basics/tmp$ pwd
/home/mspacek/SciPyCourse2021/notes/01_Python_basics/tmp
mspacek@Godel:~/SciPyCourse2021/notes/01_Python_basics/tmp$ touch test.txt
mspacek@Godel:~/SciPyCourse2021/notes/01_Python_basics/tmp$ ls -l
total 0
-rw-rw-r-- 1 mspacek mspacek 0 Apr 20 14:41 test.txt
mspacek@Godel:~/SciPyCourse2021/notes/01_Python_basics/tmp$ mv test.txt empty.txt
mspacek@Godel:~/SciPyCourse2021/notes/01_Python_basics/tmp$ ls -l
total 0
-rw-rw-r-- 1 mspacek mspacek 0 Apr 20 14:41 empty.txt
mspacek@Godel:~/SciPyCourse2021/notes/01_Python_basics/tmp$ touch test2.txt
mspacek@Godel:~/SciPyCourse2021/notes/01_Python_basics/tmp$ ls -l
total 0
-rw-rw-r-- 1 mspacek mspacek 0 Apr 20 14:41 empty.txt
-rw-rw-r-- 1 mspacek mspacek 0 Apr 20 14:42 test2.txt
mspacek@Godel:~/SciPyCourse2021/notes/01_Python_basics/tmp$ cat > test2.txt
first line
second line
mspacek@Godel:~/SciPyCourse2021/notes/01_Python_basics/tmp$ cat test2.txt
first line
second line
mspacek@Godel:~/SciPyCourse2021/notes/01_Python_basics/tmp$ cp test2.txt test3.txt
mspacek@Godel:~/SciPyCourse2021/notes/01_Python_basics/tmp$ ls -l
total 8
-rw-rw-r-- 1 mspacek mspacek  0 Apr 20 14:41 empty.txt
-rw-rw-r-- 1 mspacek mspacek 23 Apr 20 14:42 test2.txt
-rw-rw-r-- 1 mspacek mspacek 23 Apr 20 14:43 test3.txt
mspacek@Godel:~/SciPyCourse2021/notes/01_Python_basics/tmp$ cat test2.txt
first line
second line
mspacek@Godel:~/SciPyCourse2021/notes/01_Python_basics/tmp$ cat test3.txt
first line
second line
mspacek@Godel:~/SciPyCourse2021/notes/01_Python_basics/tmp$ rm test2.txt
mspacek@Godel:~/SciPyCourse2021/notes/01_Python_basics/tmp$ ls -l
total 4
-rw-rw-r-- 1 mspacek mspacek  0 Apr 20 14:41 empty.txt
-rw-rw-r-- 1 mspacek mspacek 23 Apr 20 14:43 test3.txt
mspacek@Godel:~/SciPyCourse2021/notes/01_Python_basics/tmp$ ls -l > tmp_list.txt
mspacek@Godel:~/SciPyCourse2021/notes/01_Python_basics/tmp$ ls -l
total 8
-rw-rw-r-- 1 mspacek mspacek   0 Apr 20 14:41 empty.txt
-rw-rw-r-- 1 mspacek mspacek  23 Apr 20 14:43 test3.txt
-rw-rw-r-- 1 mspacek mspacek 176 Apr 20 14:44 tmp_list.txt
mspacek@Godel:~/SciPyCourse2021/notes/01_Python_basics/tmp$ cd ..
mspacek@Godel:~/SciPyCourse2021/notes/01_Python_basics$ cd -
/home/mspacek/SciPyCourse2021/notes/01_Python_basics/tmp
mspacek@Godel:~/SciPyCourse2021/notes/01_Python_basics/tmp$ cd..
cd..: command not found
mspacek@Godel:~/SciPyCourse2021/notes/01_Python_basics/tmp$ cd ..
mspacek@Godel:~/SciPyCourse2021/notes/01_Python_basics$ ls -l
total 184
-rw-rw-r-- 1 mspacek mspacek  31273 Apr 21  2020 01_history.txt
-rw-rw-r-- 1 mspacek mspacek   8823 Apr 19 20:59 01_Python_basics.md
-rw------- 1 mspacek mspacek 118306 Apr 19 21:17 01_Python_basics.pdf
-rw-rw-r-- 1 mspacek mspacek    118 Apr 28  2020 basics.py
-rw-rw-r-- 1 mspacek mspacek    446 Apr 20 14:14 file_list.txt
-rw-rw-r-- 1 mspacek mspacek    110 Apr 21  2020 hello.py
-rw-rw-r-- 1 mspacek mspacek     21 Apr 20 14:38 name_of_file.txt
-rw-rw-r-- 1 mspacek mspacek     42 Apr 20 14:16 shopping_list.txt
-rw-rw-r-- 1 mspacek mspacek      0 Apr 20 14:32 test_cat.txt
drwxrwxr-x 2 mspacek mspacek   4096 Apr 20 14:44 tmp
mspacek@Godel:~/SciPyCourse2021/notes/01_Python_basics$ ls tmp
empty.txt  test3.txt  tmp_list.txt
mspacek@Godel:~/SciPyCourse2021/notes/01_Python_basics$ ls -l tmp
total 8
-rw-rw-r-- 1 mspacek mspacek   0 Apr 20 14:41 empty.txt
-rw-rw-r-- 1 mspacek mspacek  23 Apr 20 14:43 test3.txt
-rw-rw-r-- 1 mspacek mspacek 176 Apr 20 14:44 tmp_list.txt
mspacek@Godel:~/SciPyCourse2021/notes/01_Python_basics$ cp tmp tmp2
cp: -r not specified; omitting directory 'tmp'
mspacek@Godel:~/SciPyCourse2021/notes/01_Python_basics$ cp --help
Usage: cp [OPTION]... [-T] SOURCE DEST
  or:  cp [OPTION]... SOURCE... DIRECTORY
  or:  cp [OPTION]... -t DIRECTORY SOURCE...
Copy SOURCE to DEST, or multiple SOURCE(s) to DIRECTORY.

Mandatory arguments to long options are mandatory for short options too.
  -a, --archive                same as -dR --preserve=all
      --attributes-only        don't copy the file data, just the attributes
      --backup[=CONTROL]       make a backup of each existing destination file
  -b                           like --backup but does not accept an argument
      --copy-contents          copy contents of special files when recursive
  -d                           same as --no-dereference --preserve=links
  -f, --force                  if an existing destination file cannot be
                                 opened, remove it and try again (this option
                                 is ignored when the -n option is also used)
  -i, --interactive            prompt before overwrite (overrides a previous -n
                                  option)
  -H                           follow command-line symbolic links in SOURCE
  -l, --link                   hard link files instead of copying
  -L, --dereference            always follow symbolic links in SOURCE
  -n, --no-clobber             do not overwrite an existing file (overrides
                                 a previous -i option)
  -P, --no-dereference         never follow symbolic links in SOURCE
  -p                           same as --preserve=mode,ownership,timestamps
      --preserve[=ATTR_LIST]   preserve the specified attributes (default:
                                 mode,ownership,timestamps), if possible
                                 additional attributes: context, links, xattr,
                                 all
      --no-preserve=ATTR_LIST  don't preserve the specified attributes
      --parents                use full source file name under DIRECTORY
  -R, -r, --recursive          copy directories recursively
      --reflink[=WHEN]         control clone/CoW copies. See below
      --remove-destination     remove each existing destination file before
                                 attempting to open it (contrast with --force)
      --sparse=WHEN            control creation of sparse files. See below
      --strip-trailing-slashes  remove any trailing slashes from each SOURCE
                                 argument
  -s, --symbolic-link          make symbolic links instead of copying
  -S, --suffix=SUFFIX          override the usual backup suffix
  -t, --target-directory=DIRECTORY  copy all SOURCE arguments into DIRECTORY
  -T, --no-target-directory    treat DEST as a normal file
  -u, --update                 copy only when the SOURCE file is newer
                                 than the destination file or when the
                                 destination file is missing
  -v, --verbose                explain what is being done
  -x, --one-file-system        stay on this file system
  -Z                           set SELinux security context of destination
                                 file to default type
      --context[=CTX]          like -Z, or if CTX is specified then set the
                                 SELinux or SMACK security context to CTX
      --help     display this help and exit
      --version  output version information and exit

By default, sparse SOURCE files are detected by a crude heuristic and the
corresponding DEST file is made sparse as well.  That is the behavior
selected by --sparse=auto.  Specify --sparse=always to create a sparse DEST
file whenever the SOURCE file contains a long enough sequence of zero bytes.
Use --sparse=never to inhibit creation of sparse files.

When --reflink[=always] is specified, perform a lightweight copy, where the
data blocks are copied only when modified.  If this is not possible the copy
fails, or if --reflink=auto is specified, fall back to a standard copy.

The backup suffix is '~', unless set with --suffix or SIMPLE_BACKUP_SUFFIX.
The version control method may be selected via the --backup option or through
the VERSION_CONTROL environment variable.  Here are the values:

  none, off       never make backups (even if --backup is given)
  numbered, t     make numbered backups
  existing, nil   numbered if numbered backups exist, simple otherwise
  simple, never   always make simple backups

As a special case, cp makes a backup of SOURCE when the force and backup
options are given and SOURCE and DEST are the same name for an existing,
regular file.

GNU coreutils online help: <http://www.gnu.org/software/coreutils/>
Full documentation at: <http://www.gnu.org/software/coreutils/cp>
or available locally via: info '(coreutils) cp invocation'
mspacek@Godel:~/SciPyCourse2021/notes/01_Python_basics$ cp -r tmp tmp2
mspacek@Godel:~/SciPyCourse2021/notes/01_Python_basics$ ls -l
total 188
-rw-rw-r-- 1 mspacek mspacek  31273 Apr 21  2020 01_history.txt
-rw-rw-r-- 1 mspacek mspacek   8823 Apr 19 20:59 01_Python_basics.md
-rw------- 1 mspacek mspacek 118306 Apr 19 21:17 01_Python_basics.pdf
-rw-rw-r-- 1 mspacek mspacek    118 Apr 28  2020 basics.py
-rw-rw-r-- 1 mspacek mspacek    446 Apr 20 14:14 file_list.txt
-rw-rw-r-- 1 mspacek mspacek    110 Apr 21  2020 hello.py
-rw-rw-r-- 1 mspacek mspacek     21 Apr 20 14:38 name_of_file.txt
-rw-rw-r-- 1 mspacek mspacek     42 Apr 20 14:16 shopping_list.txt
-rw-rw-r-- 1 mspacek mspacek      0 Apr 20 14:32 test_cat.txt
drwxrwxr-x 2 mspacek mspacek   4096 Apr 20 14:44 tmp
drwxrwxr-x 2 mspacek mspacek   4096 Apr 20 14:46 tmp2
mspacek@Godel:~/SciPyCourse2021/notes/01_Python_basics$ ls tmp
empty.txt  test3.txt  tmp_list.txt
mspacek@Godel:~/SciPyCourse2021/notes/01_Python_basics$ ls tmp2
empty.txt  test3.txt  tmp_list.txt
mspacek@Godel:~/SciPyCourse2021/notes/01_Python_basics$ rm tmp
rm: cannot remove 'tmp': Is a directory
mspacek@Godel:~/SciPyCourse2021/notes/01_Python_basics$ rm -r tmp
mspacek@Godel:~/SciPyCourse2021/notes/01_Python_basics$ rm -r tmp2
mspacek@Godel:~/SciPyCourse2021/notes/01_Python_basics$ ls -l
total 180
-rw-rw-r-- 1 mspacek mspacek  31273 Apr 21  2020 01_history.txt
-rw-rw-r-- 1 mspacek mspacek   8823 Apr 19 20:59 01_Python_basics.md
-rw------- 1 mspacek mspacek 118306 Apr 19 21:17 01_Python_basics.pdf
-rw-rw-r-- 1 mspacek mspacek    118 Apr 28  2020 basics.py
-rw-rw-r-- 1 mspacek mspacek    446 Apr 20 14:14 file_list.txt
-rw-rw-r-- 1 mspacek mspacek    110 Apr 21  2020 hello.py
-rw-rw-r-- 1 mspacek mspacek     21 Apr 20 14:38 name_of_file.txt
-rw-rw-r-- 1 mspacek mspacek     42 Apr 20 14:16 shopping_list.txt
-rw-rw-r-- 1 mspacek mspacek      0 Apr 20 14:32 test_cat.txt
mspacek@Godel:~/SciPyCourse2021/notes/01_Python_basics$ mkdir tmp2
mspacek@Godel:~/SciPyCourse2021/notes/01_Python_basics$ rm -rv tmp2
removed directory 'tmp2'
mspacek@Godel:~/SciPyCourse2021/notes/01_Python_basics$ python3
Python 3.6.9 (default, Jan 26 2021, 15:33:00)
[GCC 8.4.0] on linux
Type "help", "copyright", "credits" or "license" for more information.
>>> 1+1
2
>>> 5-5
0
>>> 2*4
8
>>> 4/2
2.0
>>> abs(-5)
5
>>> abs(5)
5
>>> abs(5)
5
>>> help(abs)

>>> help(abs)

>>> help(print)

>>> print('hello world')
hello world
>>> print('hello worldf@#sldkfjlkjd')
hello worldf@#sldkfjlkjd
>>> quit()
mspacek@Godel:~/SciPyCourse2021/notes/01_Python_basics$ ls -l
total 180
-rw-rw-r-- 1 mspacek mspacek  31273 Apr 21  2020 01_history.txt
-rw-rw-r-- 1 mspacek mspacek   8823 Apr 19 20:59 01_Python_basics.md
-rw------- 1 mspacek mspacek 118306 Apr 19 21:17 01_Python_basics.pdf
-rw-rw-r-- 1 mspacek mspacek    118 Apr 28  2020 basics.py
-rw-rw-r-- 1 mspacek mspacek    446 Apr 20 14:14 file_list.txt
-rw-rw-r-- 1 mspacek mspacek     21 Apr 20 14:55 hello.py
-rw-rw-r-- 1 mspacek mspacek     21 Apr 20 14:38 name_of_file.txt
-rw-rw-r-- 1 mspacek mspacek     42 Apr 20 14:16 shopping_list.txt
-rw-rw-r-- 1 mspacek mspacek      0 Apr 20 14:32 test_cat.txt
mspacek@Godel:~/SciPyCourse2021/notes/01_Python_basics$ python3 hello.py
hello world
mspacek@Godel:~/SciPyCourse2021/notes/01_Python_basics$ python3
Python 3.6.9 (default, Jan 26 2021, 15:33:00)
[GCC 8.4.0] on linux
Type "help", "copyright", "credits" or "license" for more information.
>>> quit()
mspacek@Godel:~/SciPyCourse2021/notes/01_Python_basics$ python3 hello.py
hello world
mspacek@Godel:~/SciPyCourse2021/notes/01_Python_basics$ python3
Python 3.6.9 (default, Jan 26 2021, 15:33:00)
[GCC 8.4.0] on linux
Type "help", "copyright", "credits" or "license" for more information.
>>> a = 1
>>> a
1
>>> b = 2
>>> a
1
>>> b
2
>>> a, b = 10, 20
>>> a
10
>>> b
20
>>> a, b, c, d = 10, 20, 30, 40
>>> d
40
>>> a, b, c, d, e = 10, 20, 30, 40
Traceback (most recent call last):
  File "<stdin>", line 1, in <module>
ValueError: not enough values to unpack (expected 5, got 4)
>>> a
10
>>> a + 2
12
>>> a += 2
>>> a
12
>>> print(a)
12
>>> a -= 4
>>> a
8
>>> a *= 2
>>> a
16
>>> a /= 4
>>> a
4.0
>>> a
4.0
>>> a = 16
>>> a / 4
4.0
>>> a
16
>>> a
16
>>> A = 5
>>> a
16
>>> A
5
>>> a2 = 55
>>> a2
55
>>> my_variable = 1
>>> my_variable
1
>>> 1variable_name = 5
  File "<stdin>", line 1
    1variable_name = 5
                 ^
SyntaxError: invalid syntax
>>> a!name = 5
  File "<stdin>", line 1
    a!name = 5
     ^
SyntaxError: invalid syntax
>>> import
  File "<stdin>", line 1
    import
         ^
SyntaxError: invalid syntax
>>> import math
>>> math
<module 'math' (built-in)>
>>> dir(math)
['__doc__', '__loader__', '__name__', '__package__', '__spec__', 'acos', 'acosh', 'asin', 'asinh', 'atan', 'atan2', 'atanh', 'ceil', 'copysign', 'cos', 'cosh', 'degrees', 'e', 'erf', 'erfc', 'exp', 'expm1', 'fabs', 'factorial', 'floor', 'fmod', 'frexp', 'fsum', 'gamma', 'gcd', 'hypot', 'inf', 'isclose', 'isfinite', 'isinf', 'isnan', 'ldexp', 'lgamma', 'log', 'log10', 'log1p', 'log2', 'modf', 'nan', 'pi', 'pow', 'radians', 'sin', 'sinh', 'sqrt', 'tan', 'tanh', 'tau', 'trunc']
>>> math.sqrt
<built-in function sqrt>
>>> math.sqrt(4)
2.0
>>> help(math.sqrt)

>>> math.log10(1000)
3.0
>>> 1, 2, 3
(1, 2, 3)
>>> -5
-5
>>> -100000000
-100000000
>>> type(1)
<class 'int'>
>>> a
16
>>> type(a)
<class 'int'>
>>> 2.5
2.5
>>> type(2.5)
<class 'float'>
>>> type(2.523423423423423423)
<class 'float'>
>>> 2.523423423423423423
2.5234234234234236
>>> 'helsldkfjl234l2kj'
'helsldkfjl234l2kj'
>>> s = 'helsldkfjl234l2kj'
>>> type(s)
<class 'str'>
>>> True
True
>>> False
False
>>> b = True
>>> b
True
>>> type(b)
<class 'bool'>
>>> 1, 1.0, '1', True
(1, 1.0, '1', True)
>>> math.sQrt(4)
Traceback (most recent call last):
  File "<stdin>", line 1, in <module>
AttributeError: module 'math' has no attribute 'sQrt'
>>> math.sqrt(4)
2.0
>>> type(1.0)
<class 'float'>
>>> type(1)
<class 'int'>
>>> int(1.0)
1
>>> float(1)
1.0
>>> bool(1)
True
>>> bool(0)
False
>>> bool(-1)
True
>>> bool(0)
False
>>> bool(10000)
True
>>> bool(10000.0)
True
>>> bool(0.0)
False
>>> str(1)
'1'
>>> None
>>> type(None)
<class 'NoneType'>
>>> 5 / 2
2.5
>>> 4 / 2
2.0
>>> 5 / 2
2.5
>>> 5 // 2
2
>>> 4 // 2
2
>>> 4 / 2
2.0
>>> 4 % 2
0
>>> 5 % 2
1
>>> 4 / True
4.0
>>> 4 / False
Traceback (most recent call last):
  File "<stdin>", line 1, in <module>
ZeroDivisionError: division by zero
>>> 4 / 0
Traceback (most recent call last):
  File "<stdin>", line 1, in <module>
ZeroDivisionError: division by zero
>>> 5 // 2
2
>>> int(5 / 2)
2
>>> 5 / 2
2.5
>>> 3/4
0.75
>>> 3 // 4
0
>>> int(3 / 4)
0
>>> round
<built-in function round>
>>> round(3/4)
1
>>> a
16
>>> a == 16
True
>>> a == 15
False
>>> a = 1
>>> a
1
>>> a != 1
False
>>> a == 1
True
>>> a > 1
False
>>> a < 1
False
>>> a == 1
True
>>> a >= 1
True
>>> True and False
False
>>> a == 1 and a < 1
False
>>> True or False
True
>>> not True
False
>>> not False
True
>>> type(not False)
<class 'bool'>
>>> a
1
>>> if a == 1:
...     print('a is 1')
... elif a == 2:
...     print('a is 2')
... else:
...     print('a is something else')
...
a is 1
>>> a = 2
>>> a
2
>>> if a == 1:
...     print('a is 1')
... elif a == 2:
...     print('a is 2')
... else:
...     print('a is something else')
...
a is 2
>>> b
True
>>> b = 10
>>> a = 6 if b == 10 else 100
>>> a
6
>>> b = 11
>>> a = 6 if b == 10 else 100
>>> a
100
>>> b = 0
>>> a = 0
>>> b = 5
>>> c = a or b
>>> c
5
>>> a = 1
>>> a = 12345
>>> c = a or b
>>> c
12345
>>> for i in range(5):
...     print('hello')
...     print('goodbye')
...
hello
goodbye
hello
goodbye
hello
goodbye
hello
goodbye
hello
goodbye
>>>
>>> for i in range(2):
...     print('hello')
...     print('goodbye')
...
hello
goodbye
hello
goodbye
>>> range(5)
range(0, 5)
>>> list(range(5))
[0, 1, 2, 3, 4]
>>> for i in range(5):
...     print(i)
...
0
1
2
3
4
>>> range(3, 5)
range(3, 5)
>>> range(1, 5)
range(1, 5)
>>> list(range(1, 5))
[1, 2, 3, 4]
>>> list(range(2, 5))
[2, 3, 4]
>>> range(1, 10)
range(1, 10)
>>> list(range(1, 10))
[1, 2, 3, 4, 5, 6, 7, 8, 9]
>>> list(range(1, 10, 2))
[1, 3, 5, 7, 9]
>>> list(range(10, 1))
[]
>>> list(range(10, 1, -1))
[10, 9, 8, 7, 6, 5, 4, 3, 2]
>>> a = 0
>>> while a < 5:
...     print('hello')
...     print('goodbye')
...     a += 1
  File "<stdin>", line 4
    a += 1
         ^
IndentationError: unindent does not match any outer indentation level
>>> while a < 5:
...     print('hello')
...     print('goodbye')
...     a += 1
...
hello
goodbye
hello
goodbye
hello
goodbye
hello
goodbye
hello
goodbye
>>>
